2014-01-09T13:36:39.631+0100: 10.637: [Full GC (System.gc()) 10.637: [CMS: 0K->860100K(1048576K), 2.7105534 secs] 933772K->860100K(3879744K), [Metaspace: 4028K->4742K(110592K)], 2.7119183 secs] [Times: user=2.50 sys=0.17, real=2.71 secs] 
2014-01-09T13:37:10.753+0100: 41.759: [Full GC (System.gc()) 41.759: [CMS: 860100K->860152K(1433504K), 2.8718443 secs] 2461312K->860152K(4264672K), [Metaspace: 4671K->4970K(110592K)], 2.8720775 secs] [Times: user=2.90 sys=0.00, real=2.87 secs] 
2014-01-09T13:37:26.198+0100: 57.204: [Full GC (System.gc()) 57.204: [CMS: 860152K->860146K(1433504K), 2.5084826 secs] 2003451K->860146K(4264672K), [Metaspace: 4674K->4970K(110592K)], 2.5087109 secs] [Times: user=2.53 sys=0.00, real=2.51 secs] 
2014-01-09T13:37:57.437+0100: 88.443: [Full GC (System.gc()) 88.443: [CMS: 860146K->860150K(1433504K), 2.4693233 secs] 2393174K->860150K(4264672K), [Metaspace: 4699K->5038K(110592K)], 2.4696101 secs] [Times: user=2.47 sys=0.00, real=2.47 secs] 
2014-01-09T13:38:04.309+0100: 95.315: [GC (Allocation Failure) 95.315: [ParNew: 2516608K->314560K(2831168K), 4.5368545 secs] 3376758K->1985132K(4502944K), 4.5369599 secs] [Times: user=24.27 sys=1.75, real=4.54 secs] 
2014-01-09T13:38:08.850+0100: 99.856: [GC (CMS Initial Mark) [1 CMS-initial-mark: 1670572K(1671776K)] 2022167K(4502944K), 0.3932689 secs] [Times: user=0.41 sys=0.00, real=0.39 secs] 
2014-01-09T13:38:09.244+0100: 100.250: [CMS-concurrent-mark-start]
2014-01-09T13:38:12.376+0100: 103.382: [CMS-concurrent-mark: 3.132/3.132 secs] [Times: user=10.47 sys=13.64, real=3.13 secs] 
2014-01-09T13:38:12.376+0100: 103.382: [CMS-concurrent-preclean-start]
2014-01-09T13:38:12.987+0100: 103.993: [CMS-concurrent-preclean: 0.610/0.611 secs] [Times: user=1.36 sys=2.56, real=0.61 secs] 
2014-01-09T13:38:12.987+0100: 103.993: [CMS-concurrent-abortable-preclean-start]
2014-01-09T13:38:15.032+0100: 106.038: [GC (Allocation Failure) 106.038: [ParNew: 2831168K->22846K(2831168K), 0.8533523 secs] 4501740K->2007262K(4816996K), 0.8534358 secs] [Times: user=4.56 sys=0.81, real=0.85 secs] 
 CMS: abort preclean due to time 2014-01-09T13:38:18.114+0100: 109.120: [CMS-concurrent-abortable-preclean: 4.272/5.126 secs] [Times: user=18.24 sys=18.53, real=5.13 secs] 
2014-01-09T13:38:18.117+0100: 109.122: [GC (CMS Final Remark) [YG occupancy: 690065 K (2831168 K)]2014-01-09T13:38:18.117+0100: 109.122: [GC (CMS Final Remark) 109.122: [ParNew: 690065K->11423K(2831168K), 0.0586390 secs] 2674481K->1995839K(4816996K), 0.0587132 secs] [Times: user=0.48 sys=0.00, real=0.06 secs] 
109.181: [Rescan (parallel) , 0.1058641 secs]109.287: [weak refs processing, 0.0000210 secs]109.287: [class unloading, 0.0015705 secs]109.288: [scrub symbol table, 0.0007211 secs]109.289: [scrub string table, 0.0002275 secs][1 CMS-remark: 1984416K(1985828K)] 1995839K(4816996K), 0.1676774 secs] [Times: user=1.33 sys=0.00, real=0.17 secs] 
2014-01-09T13:38:18.284+0100: 109.290: [CMS-concurrent-sweep-start]
2014-01-09T13:38:18.527+0100: 109.532: [Full GC (System.gc()) 109.532: [CMS2014-01-09T13:38:19.177+0100: 110.183: [CMS-concurrent-sweep: 0.892/0.893 secs] [Times: user=1.64 sys=0.59, real=0.89 secs] 
 (concurrent mode interrupted): 1984416K->860149K(1985828K), 3.4734600 secs] 2120943K->860149K(4816996K), [Metaspace: 4708K->5038K(110592K)], 3.4738435 secs] [Times: user=3.35 sys=0.06, real=3.47 secs] 
2014-01-09T13:38:50.162+0100: 141.168: [Full GC (System.gc()) 141.168: [CMS: 860149K->860149K(1985828K), 2.4451198 secs] 2188076K->860149K(4816996K), [Metaspace: 4708K->5038K(110592K)], 2.4454744 secs] [Times: user=2.48 sys=0.00, real=2.45 secs] 
2014-01-09T13:38:54.469+0100: 145.475: [GC (Allocation Failure) 145.475: [ParNew: 2516608K->314560K(2831168K), 1.4849640 secs] 3376757K->1984163K(4816996K), 1.4850856 secs] [Times: user=9.78 sys=0.02, real=1.49 secs] 
2014-01-09T13:38:55.955+0100: 146.960: [GC (CMS Initial Mark) [1 CMS-initial-mark: 1669603K(1985828K)] 2025272K(4816996K), 0.4053500 secs] [Times: user=0.40 sys=0.00, real=0.40 secs] 
2014-01-09T13:38:56.360+0100: 147.366: [CMS-concurrent-mark-start]
2014-01-09T13:38:58.462+0100: 149.468: [CMS-concurrent-mark: 2.102/2.102 secs] [Times: user=6.44 sys=2.00, real=2.10 secs] 
2014-01-09T13:38:58.462+0100: 149.468: [CMS-concurrent-preclean-start]
2014-01-09T13:38:58.464+0100: 149.470: [GC (Allocation Failure) 149.470: [ParNew: 2831168K->17558K(2831168K), 0.6360757 secs] 4500771K->2001720K(4816996K), 0.6361288 secs] [Times: user=3.76 sys=0.58, real=0.64 secs] 
2014-01-09T13:38:59.218+0100: 150.224: [CMS-concurrent-preclean: 0.120/0.756 secs] [Times: user=4.04 sys=0.67, real=0.76 secs] 
2014-01-09T13:38:59.218+0100: 150.224: [CMS-concurrent-abortable-preclean-start]
2014-01-09T13:39:00.133+0100: 151.139: [CMS-concurrent-abortable-preclean: 0.915/0.915 secs] [Times: user=1.84 sys=0.97, real=0.91 secs] 
2014-01-09T13:39:00.133+0100: 151.139: [GC (CMS Final Remark) [YG occupancy: 1309859 K (2831168 K)]2014-01-09T13:39:00.133+0100: 151.139: [GC (CMS Final Remark) 151.139: [ParNew: 1309859K->0K(2831168K), 0.0112621 secs] 3294021K->1984161K(4816996K), 0.0113357 secs] [Times: user=0.05 sys=0.00, real=0.01 secs] 
151.151: [Rescan (parallel) , 0.0166137 secs]151.167: [weak refs processing, 0.0000154 secs]151.167: [class unloading, 0.0012307 secs]151.169: [scrub symbol table, 0.0004262 secs]151.169: [scrub string table, 0.0001454 secs][1 CMS-remark: 1984161K(1985828K)] 1984161K(4816996K), 0.0301782 secs] [Times: user=0.14 sys=0.00, real=0.03 secs] 
2014-01-09T13:39:00.164+0100: 151.170: [CMS-concurrent-sweep-start]
2014-01-09T13:39:01.211+0100: 152.217: [CMS-concurrent-sweep: 1.047/1.047 secs] [Times: user=2.26 sys=0.98, real=1.05 secs] 
2014-01-09T13:39:01.216+0100: 152.222: [CMS-concurrent-reset-start]
2014-01-09T13:39:01.231+0100: 152.236: [CMS-concurrent-reset: 0.015/0.015 secs] [Times: user=0.02 sys=0.02, real=0.01 secs] 
2014-01-09T13:39:02.054+0100: 153.060: [GC (Allocation Failure) 153.060: [ParNew: 2516608K->0K(2831168K), 0.0157052 secs] 4500769K->1984161K(6138104K), 0.0157711 secs] [Times: user=0.11 sys=0.00, real=0.02 secs] 
2014-01-09T13:39:03.841+0100: 154.846: [GC (Allocation Failure) 154.847: [ParNew: 2516608K->274K(2831168K), 0.0144193 secs] 4500769K->1984435K(6138104K), 0.0144850 secs] [Times: user=0.12 sys=0.00, real=0.01 secs] 
2014-01-09T13:39:05.664+0100: 156.669: [GC (Allocation Failure) 156.669: [ParNew: 2516882K->68K(2831168K), 0.0149717 secs] 4501043K->1984229K(6138104K), 0.0150247 secs] [Times: user=0.13 sys=0.00, real=0.01 secs] 
2014-01-09T13:39:07.523+0100: 158.529: [GC (Allocation Failure) 158.529: [ParNew: 2516676K->17K(2831168K), 0.0147666 secs] 4500837K->1984178K(6138104K), 0.0148339 secs] [Times: user=0.11 sys=0.00, real=0.02 secs] 
2014-01-09T13:39:09.358+0100: 160.363: [GC (Allocation Failure) 160.363: [ParNew: 2516625K->4K(2831168K), 0.0164365 secs] 4500786K->1984165K(6138104K), 0.0165041 secs] [Times: user=0.14 sys=0.00, real=0.02 secs] 
2014-01-09T13:39:11.213+0100: 162.219: [GC (Allocation Failure) 162.219: [ParNew: 2516612K->2K(2831168K), 0.0149509 secs] 4500773K->1984163K(6138104K), 0.0150138 secs] [Times: user=0.11 sys=0.00, real=0.01 secs] 
2014-01-09T13:39:11.770+0100: 162.776: [Full GC (System.gc()) 162.776: [CMS: 1984161K->860148K(3306936K), 2.8244981 secs] 2756220K->860148K(6138104K), [Metaspace: 4711K->5038K(110592K)], 2.8251192 secs] [Times: user=2.82 sys=0.00, real=2.83 secs] 
2014-01-09T13:39:42.511+0100: 193.516: [Full GC (System.gc()) 193.516: [CMS: 860148K->860150K(3306936K), 2.2167002 secs] 1625920K->860150K(6138104K), [Metaspace: 4716K->5038K(110592K)], 2.2173863 secs] [Times: user=2.23 sys=0.00, real=2.22 secs] 
2014-01-09T13:39:57.028+0100: 208.033: [Full GC (System.gc()) 208.033: [CMS: 860150K->860150K(3262960K), 2.2824883 secs] 1313422K->860150K(6094128K), [Metaspace: 4718K->5038K(110592K)], 2.2833050 secs] [Times: user=2.31 sys=0.00, real=2.28 secs] 
2014-01-09T13:40:49.498+0100: 260.504: [Full GC (System.gc()) 260.504: [CMS: 860150K->860156K(3104644K), 2.4417341 secs] 2095990K->860156K(5935812K), [Metaspace: 4764K->5046K(110592K)], 2.4428300 secs] [Times: user=2.45 sys=0.00, real=2.44 secs] 
2014-01-09T13:41:07.349+0100: 278.354: [Full GC (System.gc()) 278.354: [CMS: 860156K->860155K(2867192K), 2.3750558 secs] 1615422K->860155K(5698360K), [Metaspace: 4770K->5046K(110592K)], 2.3755839 secs] [Times: user=2.39 sys=0.00, real=2.38 secs] 
2014-01-09T13:41:39.141+0100: 310.146: [Full GC (System.gc()) 310.146: [CMS: 860155K->860158K(2867192K), 2.5994533 secs] 2130716K->860158K(5698360K), [Metaspace: 4784K->5052K(110592K)], 2.6000302 secs] [Times: user=2.57 sys=0.00, real=2.60 secs] 
2014-01-09T13:41:54.766+0100: 325.771: [Full GC (System.gc()) 325.771: [CMS: 860158K->860158K(2867192K), 2.3445648 secs] 1550184K->860158K(5698360K), [Metaspace: 4787K->5052K(110592K)], 2.3451513 secs] [Times: user=2.33 sys=0.00, real=2.35 secs] 
2014-01-09T13:42:25.428+0100: 356.432: [Full GC (System.gc()) 356.432: [CMS: 860158K->860159K(2867192K), 2.9232236 secs] 2082450K->860159K(5698360K), [Metaspace: 4789K->5052K(110592K)], 2.9237689 secs] [Times: user=2.90 sys=0.00, real=2.92 secs] 
2014-01-09T13:42:41.465+0100: 372.470: [Full GC (System.gc()) 372.470: [CMS: 860159K->860159K(2867192K), 2.3905269 secs] 1550184K->860159K(5698360K), [Metaspace: 4789K->5052K(110592K)], 2.3911550 secs] [Times: user=2.37 sys=0.00, real=2.39 secs] 
2014-01-09T13:43:13.163+0100: 404.167: [Full GC (System.gc()) 404.167: [CMS: 860159K->860162K(2867192K), 2.4000846 secs] 1988535K->860162K(5698360K), [Metaspace: 4834K->5058K(110592K)], 2.4006733 secs] [Times: user=2.42 sys=0.00, real=2.40 secs] 
2014-01-09T13:43:28.086+0100: 419.091: [Full GC (System.gc()) 419.091: [CMS: 860162K->860162K(2867192K), 2.4684353 secs] 1600520K->860162K(5698360K), [Metaspace: 4847K->5058K(110592K)], 2.4689419 secs] [Times: user=2.51 sys=0.00, real=2.47 secs] 
2014-01-09T13:43:58.673+0100: 449.677: [Full GC (System.gc()) 449.677: [CMS: 860162K->872238K(2867192K), 2.3793319 secs] 1934184K->872238K(5698360K), [Metaspace: 4865K->5060K(110592K)], 2.3799020 secs] [Times: user=2.42 sys=0.00, real=2.38 secs] 
2014-01-09T13:44:13.529+0100: 464.533: [Full GC (System.gc()) 464.533: [CMS: 872238K->865970K(2867192K), 2.5981387 secs] 1612600K->865970K(5698360K), [Metaspace: 4866K->5060K(110592K)], 2.5986903 secs] [Times: user=2.59 sys=0.00, real=2.60 secs] 
2014-01-09T13:44:44.485+0100: 495.488: [Full GC (System.gc()) 495.488: [CMS: 865970K->860162K(2867192K), 2.4224109 secs] 1932794K->860162K(5698360K), [Metaspace: 4869K->5060K(110592K)], 2.4229442 secs] [Times: user=2.47 sys=0.00, real=2.42 secs] 
2014-01-09T13:45:03.410+0100: 514.414: [Full GC (System.gc()) 514.414: [CMS: 860162K->860162K(2867192K), 2.4145498 secs] 1415968K->860162K(5698360K), [Metaspace: 4869K->5060K(110592K)], 2.4150715 secs] [Times: user=2.43 sys=0.00, real=2.41 secs] 
2014-01-09T13:45:33.223+0100: 544.226: [Full GC (System.gc()) 544.226: [CMS: 860162K->860165K(2867192K), 2.4366607 secs] 2181534K->860165K(5698360K), [Metaspace: 4879K->5062K(110592K)], 2.4374563 secs] [Times: user=2.42 sys=0.00, real=2.44 secs] 
2014-01-09T13:45:48.329+0100: 559.332: [Full GC (System.gc()) 559.332: [CMS: 860165K->860165K(2867192K), 2.3532619 secs] 1541025K->860165K(5698360K), [Metaspace: 4879K->5062K(110592K)], 2.3539014 secs] [Times: user=2.40 sys=0.00, real=2.35 secs] 
2014-01-09T13:46:18.208+0100: 589.212: [Full GC (System.gc()) 589.212: [CMS: 860165K->860165K(2867192K), 2.4599567 secs] 2247765K->860165K(5698360K), [Metaspace: 4883K->5062K(110592K)], 2.4605672 secs] [Times: user=2.47 sys=0.00, real=2.46 secs] 
2014-01-09T13:46:33.326+0100: 604.330: [Full GC (System.gc()) 604.330: [CMS: 860165K->860166K(2867192K), 2.3610684 secs] 1535106K->860166K(5698360K), [Metaspace: 4883K->5062K(110592K)], 2.3615446 secs] [Times: user=2.35 sys=0.00, real=2.36 secs] 
2014-01-09T13:47:02.964+0100: 633.968: [Full GC (System.gc()) 633.968: [CMS: 860166K->860166K(2867192K), 2.4555608 secs] 2134832K->860166K(5698360K), [Metaspace: 4886K->5064K(110592K)], 2.4560262 secs] [Times: user=2.45 sys=0.00, real=2.46 secs] 
2014-01-09T13:47:18.150+0100: 649.154: [Full GC (System.gc()) 649.154: [CMS: 860166K->860167K(2867192K), 2.3865446 secs] 1530454K->860167K(5698360K), [Metaspace: 4889K->5064K(110592K)], 2.3870505 secs] [Times: user=2.53 sys=0.00, real=2.39 secs] 
2014-01-09T13:47:47.728+0100: 678.731: [Full GC (System.gc()) 678.731: [CMS: 860167K->860167K(2867192K), 2.4161407 secs] 2051365K->860167K(5698360K), [Metaspace: 4891K->5064K(110592K)], 2.4167092 secs] [Times: user=2.47 sys=0.00, real=2.42 secs] 
2014-01-09T13:48:02.825+0100: 693.828: [Full GC (System.gc()) 693.828: [CMS: 860167K->860167K(2867192K), 2.4046578 secs] 1793427K->860167K(5698360K), [Metaspace: 4898K->5064K(110592K)], 2.4052806 secs] [Times: user=2.39 sys=0.00, real=2.40 secs] 
2014-01-09T13:50:12.797+0100: 823.799: [Full GC (System.gc()) 823.799: [CMS: 860167K->938294K(2867192K), 2.4728245 secs] 2021744K->938294K(5698360K), [Metaspace: 4923K->5132K(110592K)], 2.4733324 secs] [Times: user=2.50 sys=0.00, real=2.47 secs] 
2014-01-09T13:50:38.686+0100: 849.688: [Full GC (System.gc()) 849.688: [CMS: 938294K->938294K(2867192K), 2.3613253 secs] 1284049K->938294K(5698360K), [Metaspace: 4923K->5132K(110592K)], 2.3617930 secs] [Times: user=2.29 sys=0.00, real=2.36 secs] 
2014-01-09T13:51:33.887+0100: 904.889: [Full GC (System.gc()) 904.889: [CMS: 938294K->938294K(2867192K), 2.4637635 secs] 2125061K->938294K(5698360K), [Metaspace: 4929K->5132K(110592K)], 2.4642269 secs] [Times: user=2.51 sys=0.00, real=2.46 secs] 
2014-01-09T13:51:48.705+0100: 919.707: [Full GC (System.gc()) 919.707: [CMS: 938294K->938295K(2867192K), 2.3014646 secs] 1284053K->938295K(5698360K), [Metaspace: 4929K->5132K(110592K)], 2.3019622 secs] [Times: user=2.31 sys=0.00, real=2.30 secs] 
2014-01-09T13:52:18.991+0100: 949.993: [Full GC (System.gc()) 949.993: [CMS: 938295K->938293K(2867192K), 2.3561015 secs] 1507405K->938293K(5698360K), [Metaspace: 4939K->5134K(110592K)], 2.3566306 secs] [Times: user=2.37 sys=0.00, real=2.36 secs] 
2014-01-09T13:52:37.557+0100: 968.559: [Full GC (System.gc()) 968.559: [CMS: 938293K->938294K(2867192K), 2.4110336 secs] 1233716K->938294K(5698360K), [Metaspace: 4940K->5134K(110592K)], 2.4115761 secs] [Times: user=2.42 sys=0.00, real=2.41 secs] 
2014-01-09T13:53:07.703+0100: 998.704: [Full GC (System.gc()) 998.705: [CMS: 938294K->938296K(2867192K), 2.3783775 secs] 1830126K->938296K(5698360K), [Metaspace: 4944K->5134K(110592K)], 2.3788902 secs] [Times: user=2.39 sys=0.00, real=2.38 secs] 
2014-01-09T13:53:23.194+0100: 1014.195: [Full GC (System.gc()) 1014.195: [CMS: 938296K->938297K(2867192K), 2.3452534 secs] 1535712K->938297K(5698360K), [Metaspace: 4944K->5134K(110592K)], 2.3459437 secs] [Times: user=2.34 sys=0.00, real=2.35 secs] 
2014-01-09T13:53:53.214+0100: 1044.215: [Full GC (System.gc()) 1044.215: [CMS: 938297K->938297K(2867192K), 2.4534987 secs] 1846097K->938297K(5698360K), [Metaspace: 4946K->5136K(110592K)], 2.4541208 secs] [Times: user=2.42 sys=0.00, real=2.45 secs] 
2014-01-09T13:54:08.681+0100: 1059.682: [Full GC (System.gc()) 1059.682: [CMS: 938297K->938297K(2867192K), 2.3834024 secs] 1547025K->938297K(5698360K), [Metaspace: 4948K->5138K(110592K)], 2.3839373 secs] [Times: user=2.37 sys=0.00, real=2.38 secs] 
2014-01-09T13:54:38.470+0100: 1089.471: [Full GC (System.gc()) 1089.471: [CMS: 938297K->938298K(2867192K), 2.3471775 secs] 1699540K->938298K(5698360K), [Metaspace: 4951K->5138K(110592K)], 2.3476940 secs] [Times: user=2.34 sys=0.00, real=2.35 secs] 
2014-01-09T13:54:53.534+0100: 1104.535: [Full GC (System.gc()) 1104.535: [CMS: 938298K->938298K(2867192K), 2.3412846 secs] 1284053K->938298K(5698360K), [Metaspace: 4951K->5138K(110592K)], 2.3417684 secs] [Times: user=2.37 sys=0.00, real=2.34 secs] 
2014-01-09T13:55:23.422+0100: 1134.423: [Full GC (System.gc()) 1134.423: [CMS: 938298K->938299K(2867192K), 2.3749635 secs] 1804964K->938299K(5698360K), [Metaspace: 4954K->5140K(110592K)], 2.3755343 secs] [Times: user=2.39 sys=0.00, real=2.38 secs] 
Heap
 par new generation   total 2831168K, used 709392K [0x0000000580000000, 0x0000000640000000, 0x0000000640000000)
  eden space 2516608K,  28% used [0x0000000580000000, 0x00000005ab4c4368, 0x00000006199a0000)
  from space 314560K,   0% used [0x00000006199a0000, 0x00000006199a0000, 0x000000062ccd0000)
  to   space 314560K,   0% used [0x000000062ccd0000, 0x000000062ccd0000, 0x0000000640000000)
 concurrent mark-sweep generation total 2867192K, used 938299K [0x0000000640000000, 0x00000006eeffe000, 0x0000000800000000)
 Metaspace total 5142K, used 4973K, reserved 110592K
  data space     4568K, used 4437K, reserved 8192K
  class space    574K, used 536K, reserved 102400K
