2014-01-18T13:44:39.176+0100: 6.210: [GC (System.gc()) [PSYoungGen: 1776821K->393208K(2752512K)] 1776821K->943371K(3801088K), 0.4132800 secs] [Times: user=2.48 sys=0.33, real=0.41 secs] 
2014-01-18T13:44:39.589+0100: 6.623: [Full GC (System.gc()) [PSYoungGen: 393208K->0K(2752512K)] [ParOldGen: 550163K->862679K(1048576K)] 943371K->862679K(3801088K), [Metaspace: 4272K->4272K(132096K)], 4.2484987 secs] [Times: user=16.19 sys=0.25, real=4.25 secs] 
2014-01-18T13:44:44.405+0100: 11.438: [Full GC (System.gc()) [PSYoungGen: 855306K->0K(2752512K)] [ParOldGen: 862679K->863592K(1048576K)] 1717985K->863592K(3801088K), [Metaspace: 4278K->4278K(132096K)], 1.7238204 secs] [Times: user=11.33 sys=0.05, real=1.72 secs] 
2014-01-18T13:44:46.639+0100: 13.672: [Full GC (System.gc()) [PSYoungGen: 808118K->0K(2752512K)] [ParOldGen: 863592K->863592K(1048576K)] 1671710K->863592K(3801088K), [Metaspace: 4279K->4279K(132096K)], 1.7900685 secs] [Times: user=12.57 sys=0.00, real=1.79 secs] 
2014-01-18T13:44:48.939+0100: 15.973: [Full GC (System.gc()) [PSYoungGen: 808118K->0K(2752512K)] [ParOldGen: 863592K->863592K(1048576K)] 1671710K->863592K(3801088K), [Metaspace: 4279K->4279K(132096K)], 1.7426393 secs] [Times: user=12.29 sys=0.06, real=1.74 secs] 
2014-01-18T13:44:51.192+0100: 18.226: [Full GC (System.gc()) [PSYoungGen: 808118K->0K(2752512K)] [ParOldGen: 863592K->863592K(1048576K)] 1671710K->863592K(3801088K), [Metaspace: 4279K->4279K(132096K)], 1.7862086 secs] [Times: user=12.54 sys=0.02, real=1.79 secs] 
2014-01-18T13:44:53.495+0100: 20.529: [Full GC (System.gc()) [PSYoungGen: 832337K->0K(2752512K)] [ParOldGen: 863592K->863656K(1048576K)] 1695930K->863656K(3801088K), [Metaspace: 4344K->4344K(132096K)], 1.7144441 secs] [Times: user=11.51 sys=0.00, real=1.71 secs] 
2014-01-18T13:44:56.622+0100: 23.656: [Full GC (System.gc()) [PSYoungGen: 808118K->0K(2752512K)] [ParOldGen: 863656K->863641K(1048576K)] 1671774K->863641K(3801088K), [Metaspace: 4407K->4407K(132096K)], 1.7608297 secs] [Times: user=12.42 sys=0.01, real=1.76 secs] 
2014-01-18T13:44:59.794+0100: 26.828: [Full GC (System.gc()) [PSYoungGen: 808118K->0K(2752512K)] [ParOldGen: 863641K->863605K(1048576K)] 1671759K->863605K(3801088K), [Metaspace: 4407K->4407K(132096K)], 1.7434122 secs] [Times: user=12.07 sys=0.02, real=1.74 secs] 
2014-01-18T13:45:02.058+0100: 29.091: [Full GC (System.gc()) [PSYoungGen: 808118K->0K(2752512K)] [ParOldGen: 863605K->863612K(1048576K)] 1671723K->863612K(3801088K), [Metaspace: 4418K->4418K(132096K)], 1.7790134 secs] [Times: user=12.40 sys=0.01, real=1.78 secs] 
2014-01-18T13:45:04.349+0100: 31.382: [Full GC (System.gc()) [PSYoungGen: 808118K->0K(2752512K)] [ParOldGen: 863612K->863606K(1048576K)] 1671730K->863606K(3801088K), [Metaspace: 4418K->4418K(132096K)], 1.7761070 secs] [Times: user=12.43 sys=0.02, real=1.78 secs] 
2014-01-18T13:45:07.535+0100: 34.568: [Full GC (System.gc()) [PSYoungGen: 808118K->0K(2752512K)] [ParOldGen: 863606K->863606K(1048576K)] 1671724K->863606K(3801088K), [Metaspace: 4418K->4418K(132096K)], 1.7275858 secs] [Times: user=12.18 sys=0.02, real=1.73 secs] 
2014-01-18T13:45:11.677+0100: 38.710: [Full GC (System.gc()) [PSYoungGen: 808118K->0K(2752512K)] [ParOldGen: 863606K->863606K(1048576K)] 1671724K->863606K(3801088K), [Metaspace: 4419K->4419K(132096K)], 1.7622579 secs] [Times: user=12.35 sys=0.00, real=1.76 secs] 
2014-01-18T13:45:15.857+0100: 42.890: [Full GC (System.gc()) [PSYoungGen: 808118K->0K(2752512K)] [ParOldGen: 863606K->863606K(1048576K)] 1671724K->863606K(3801088K), [Metaspace: 4421K->4421K(132096K)], 1.7855148 secs] [Times: user=12.59 sys=0.09, real=1.78 secs] 
2014-01-18T13:46:19.795+0100: 106.828: [Full GC (System.gc()) [PSYoungGen: 1060060K->0K(2752512K)] [ParOldGen: 863606K->863634K(1048576K)] 1923666K->863634K(3801088K), [Metaspace: 4659K->4659K(132096K)], 3.9135043 secs] [Times: user=27.92 sys=0.06, real=3.91 secs] 
2014-01-18T13:46:29.820+0100: 116.853: [Full GC (System.gc()) [PSYoungGen: 1340901K->0K(2752512K)] [ParOldGen: 863634K->863704K(1048576K)] 2204535K->863704K(3801088K), [Metaspace: 5291K->5291K(132096K)], 4.2299069 secs] [Times: user=29.53 sys=0.03, real=4.23 secs] 
2014-01-18T13:46:36.758+0100: 123.792: [Full GC (Ergonomics) [PSYoungGen: 2359296K->739592K(2752512K)] [ParOldGen: 863704K->1048526K(3696128K)] 3223000K->1788118K(6448640K), [Metaspace: 5320K->5320K(132096K)], 3.2490650 secs] [Times: user=22.26 sys=0.13, real=3.25 secs] 
2014-01-18T13:46:42.504+0100: 129.537: [GC (Allocation Failure) [PSYoungGen: 2359296K->393216K(2752512K)] 3407822K->1790102K(6448640K), 2.3048610 secs] [Times: user=17.29 sys=0.06, real=2.31 secs] 
2014-01-18T13:46:46.039+0100: 133.072: [GC (System.gc()) [PSYoungGen: 1179450K->386208K(2752512K)] 2576336K->1783094K(6448640K), 1.2154516 secs] [Times: user=9.27 sys=0.00, real=1.22 secs] 
2014-01-18T13:46:47.255+0100: 134.288: [Full GC (System.gc()) [PSYoungGen: 386208K->0K(2752512K)] [ParOldGen: 1396886K->863701K(3696128K)] 1783094K->863701K(6448640K), [Metaspace: 5321K->5321K(132096K)], 1.8714848 secs] [Times: user=13.71 sys=0.02, real=1.87 secs] 
2014-01-18T13:46:50.142+0100: 137.175: [GC (Allocation Failure) [PSYoungGen: 2359296K->393184K(2752512K)] 3222997K->1784549K(6448640K), 0.4818019 secs] [Times: user=3.54 sys=0.02, real=0.48 secs] 
2014-01-18T13:46:51.783+0100: 138.816: [GC (Allocation Failure) [PSYoungGen: 2752480K->393184K(2752512K)] 4143845K->1784613K(6448640K), 0.2412614 secs] [Times: user=1.47 sys=0.00, real=0.24 secs] 
2014-01-18T13:46:53.198+0100: 140.231: [GC (Allocation Failure) [PSYoungGen: 2752480K->393184K(2752512K)] 4143909K->1784637K(6448640K), 0.2422435 secs] [Times: user=1.59 sys=0.00, real=0.24 secs] 
2014-01-18T13:46:54.620+0100: 141.654: [GC (Allocation Failure) [PSYoungGen: 2752480K->393184K(2752512K)] 4143933K->1784653K(6448640K), 0.2378910 secs] [Times: user=1.73 sys=0.00, real=0.24 secs] 
2014-01-18T13:46:56.030+0100: 143.063: [GC (Allocation Failure) [PSYoungGen: 2752480K->393184K(1441792K)] 4143949K->1784677K(5137920K), 0.2454123 secs] [Times: user=1.73 sys=0.00, real=0.25 secs] 
2014-01-18T13:46:56.817+0100: 143.850: [GC (Allocation Failure) [PSYoungGen: 1441760K->0K(2097152K)] 2833253K->1785397K(5793280K), 0.2969431 secs] [Times: user=2.08 sys=0.03, real=0.30 secs] 
2014-01-18T13:46:57.637+0100: 144.671: [GC (Allocation Failure) [PSYoungGen: 1048576K->32K(2097152K)] 2833973K->1785429K(5793280K), 0.0045863 secs] [Times: user=0.00 sys=0.00, real=0.00 secs] 
2014-01-18T13:46:58.160+0100: 145.193: [GC (Allocation Failure) [PSYoungGen: 1048608K->32K(2097152K)] 2834005K->1785429K(5793280K), 0.0044978 secs] [Times: user=0.00 sys=0.00, real=0.00 secs] 
2014-01-18T13:46:58.681+0100: 145.714: [GC (Allocation Failure) [PSYoungGen: 1048608K->32K(2097152K)] 2834005K->1785429K(5793280K), 0.0082979 secs] [Times: user=0.00 sys=0.00, real=0.01 secs] 
2014-01-18T13:46:59.215+0100: 146.249: [GC (Allocation Failure) [PSYoungGen: 1048608K->32K(2097152K)] 2834005K->1785429K(5793280K), 0.0047436 secs] [Times: user=0.00 sys=0.00, real=0.01 secs] 
2014-01-18T13:46:59.761+0100: 146.795: [GC (Allocation Failure) [PSYoungGen: 1048608K->32K(2097152K)] 2834005K->1785429K(5793280K), 0.0049275 secs] [Times: user=0.00 sys=0.00, real=0.01 secs] 
2014-01-18T13:47:00.281+0100: 147.314: [GC (Allocation Failure) [PSYoungGen: 1048608K->32K(2097152K)] 2834005K->1785429K(5793280K), 0.0048020 secs] [Times: user=0.08 sys=0.00, real=0.00 secs] 
2014-01-18T13:47:00.803+0100: 147.836: [GC (Allocation Failure) [PSYoungGen: 1048608K->32K(2097152K)] 2834005K->1785429K(5793280K), 0.0047223 secs] [Times: user=0.00 sys=0.00, real=0.01 secs] 
2014-01-18T13:47:01.322+0100: 148.354: [GC (Allocation Failure) [PSYoungGen: 1048608K->32K(2097152K)] 2834005K->1785429K(5793280K), 0.0047027 secs] [Times: user=0.00 sys=0.00, real=0.00 secs] 
2014-01-18T13:47:01.842+0100: 148.875: [GC (Allocation Failure) [PSYoungGen: 1048608K->32K(2155520K)] 2834005K->1785429K(5851648K), 0.0048805 secs] [Times: user=0.00 sys=0.02, real=0.00 secs] 
2014-01-18T13:47:02.397+0100: 149.429: [GC (Allocation Failure) [PSYoungGen: 1121824K->32K(2112000K)] 2907221K->1785429K(5808128K), 0.0050806 secs] [Times: user=0.00 sys=0.00, real=0.00 secs] 
2014-01-18T13:47:02.955+0100: 149.988: [GC (Allocation Failure) [PSYoungGen: 1121824K->32K(2247680K)] 2907221K->1785429K(5943808K), 0.0058731 secs] [Times: user=0.00 sys=0.00, real=0.01 secs] 
2014-01-18T13:47:03.606+0100: 150.638: [GC (Allocation Failure) [PSYoungGen: 1303072K->0K(2201088K)] 3088469K->1785397K(5897216K), 0.0053983 secs] [Times: user=0.00 sys=0.00, real=0.01 secs] 
2014-01-18T13:47:04.256+0100: 151.289: [GC (Allocation Failure) [PSYoungGen: 1303040K->32K(2340352K)] 3088437K->1785429K(6036480K), 0.0052545 secs] [Times: user=0.06 sys=0.00, real=0.00 secs] 
2014-01-18T13:47:04.994+0100: 152.027: [GC (Allocation Failure) [PSYoungGen: 1488928K->0K(2294272K)] 3274325K->1785397K(5990400K), 0.0056815 secs] [Times: user=0.00 sys=0.00, real=0.01 secs] 
2014-01-18T13:47:05.734+0100: 152.767: [GC (Allocation Failure) [PSYoungGen: 1488896K->32K(2429952K)] 3274293K->1785429K(6126080K), 0.0057615 secs] [Times: user=0.00 sys=0.00, real=0.01 secs] 
2014-01-18T13:47:06.565+0100: 153.598: [GC (Allocation Failure) [PSYoungGen: 1670176K->32K(2385920K)] 3455573K->1785429K(6082048K), 0.0061201 secs] [Times: user=0.08 sys=0.00, real=0.01 secs] 
2014-01-18T13:47:07.388+0100: 154.421: [GC (Allocation Failure) [PSYoungGen: 1670176K->0K(2514944K)] 3455573K->1785397K(6211072K), 0.0061156 secs] [Times: user=0.00 sys=0.00, real=0.01 secs] 
2014-01-18T13:47:08.301+0100: 155.334: [GC (Allocation Failure) [PSYoungGen: 1842176K->0K(2472960K)] 3627573K->1785397K(6169088K), 0.0066737 secs] [Times: user=0.00 sys=0.00, real=0.01 secs] 
2014-01-18T13:47:09.216+0100: 156.248: [GC (Allocation Failure) [PSYoungGen: 1842176K->0K(2593280K)] 3627573K->1785397K(6289408K), 0.0064854 secs] [Times: user=0.06 sys=0.00, real=0.01 secs] 
2014-01-18T13:47:10.206+0100: 157.239: [GC (Allocation Failure) [PSYoungGen: 2002432K->0K(2554880K)] 3787829K->1785397K(6251008K), 0.0066575 secs] [Times: user=0.00 sys=0.00, real=0.01 secs] 
2014-01-18T13:47:10.617+0100: 157.650: [GC (System.gc()) [PSYoungGen: 841802K->32K(2664448K)] 2627200K->1785429K(6360576K), 0.0051751 secs] [Times: user=0.00 sys=0.00, real=0.00 secs] 
2014-01-18T13:47:10.622+0100: 157.655: [Full GC (System.gc()) [PSYoungGen: 32K->0K(2664448K)] [ParOldGen: 1785397K->863700K(3696128K)] 1785429K->863700K(6360576K), [Metaspace: 5323K->5323K(132096K)], 1.7528047 secs] [Times: user=12.42 sys=0.00, real=1.75 secs] 
2014-01-18T13:47:18.380+0100: 165.414: [GC (System.gc()) [PSYoungGen: 386757K->160K(2629632K)] 1250457K->863860K(6325760K), 0.0884652 secs] [Times: user=0.62 sys=0.00, real=0.09 secs] 
2014-01-18T13:47:18.469+0100: 165.502: [Full GC (System.gc()) [PSYoungGen: 160K->0K(2629632K)] [ParOldGen: 863700K->863702K(3696128K)] 863860K->863702K(6325760K), [Metaspace: 5323K->5323K(132096K)], 1.8617918 secs] [Times: user=13.07 sys=0.00, real=1.86 secs] 
2014-01-18T13:47:28.588+0100: 175.621: [GC (System.gc()) [PSYoungGen: 917037K->224K(2728960K)] 1780740K->863934K(6425088K), 0.1171938 secs] [Times: user=0.51 sys=0.00, real=0.12 secs] 
2014-01-18T13:47:28.706+0100: 175.738: [Full GC (System.gc()) [PSYoungGen: 224K->0K(2728960K)] [ParOldGen: 863710K->863710K(3696128K)] 863934K->863710K(6425088K), [Metaspace: 5370K->5370K(132096K)], 4.0245903 secs] [Times: user=28.50 sys=0.06, real=4.02 secs] 
2014-01-18T13:47:39.669+0100: 186.702: [GC (System.gc()) [PSYoungGen: 775577K->256K(2697728K)] 1639288K->863966K(6393856K), 0.0915441 secs] [Times: user=0.39 sys=0.00, real=0.09 secs] 
2014-01-18T13:47:39.761+0100: 186.794: [Full GC (System.gc()) [PSYoungGen: 256K->0K(2697728K)] [ParOldGen: 863710K->863714K(3696128K)] 863966K->863714K(6393856K), [Metaspace: 5382K->5382K(132096K)], 4.0319401 secs] [Times: user=28.25 sys=0.02, real=4.03 secs] 
2014-01-18T13:47:51.034+0100: 198.067: [GC (System.gc()) [PSYoungGen: 752767K->128K(2785792K)] 1616481K->863842K(6481920K), 0.0971329 secs] [Times: user=0.66 sys=0.00, real=0.10 secs] 
2014-01-18T13:47:51.131+0100: 198.164: [Full GC (System.gc()) [PSYoungGen: 128K->0K(2785792K)] [ParOldGen: 863714K->863714K(3696128K)] 863842K->863714K(6481920K), [Metaspace: 5392K->5392K(132096K)], 1.9156433 secs] [Times: user=14.02 sys=0.00, real=1.92 secs] 
2014-01-18T13:47:58.711+0100: 205.744: [GC (System.gc()) [PSYoungGen: 815479K->224K(2758144K)] 1679194K->863938K(6454272K), 0.0935497 secs] [Times: user=0.66 sys=0.00, real=0.09 secs] 
2014-01-18T13:47:58.805+0100: 205.838: [Full GC (System.gc()) [PSYoungGen: 224K->0K(2758144K)] [ParOldGen: 863714K->863718K(3696128K)] 863938K->863718K(6454272K), [Metaspace: 5440K->5440K(132096K)], 4.1278286 secs] [Times: user=28.97 sys=0.03, real=4.13 secs] 
2014-01-18T13:48:08.169+0100: 215.202: [GC (System.gc()) [PSYoungGen: 767495K->14880K(2839040K)] 1631213K->878598K(6535168K), 0.1007960 secs] [Times: user=0.83 sys=0.00, real=0.10 secs] 
2014-01-18T13:48:08.270+0100: 215.303: [Full GC (System.gc()) [PSYoungGen: 14880K->0K(2839040K)] [ParOldGen: 863718K->878409K(3696128K)] 878598K->878409K(6535168K), [Metaspace: 5452K->5452K(132096K)], 1.8041243 secs] [Times: user=13.01 sys=0.02, real=1.80 secs] 
2014-01-18T13:48:31.477+0100: 238.509: [GC (System.gc()) [PSYoungGen: 609649K->96K(2811904K)] 1488058K->878505K(6508032K), 0.0943494 secs] [Times: user=0.38 sys=0.00, real=0.09 secs] 
2014-01-18T13:48:31.571+0100: 238.604: [Full GC (System.gc()) [PSYoungGen: 96K->0K(2811904K)] [ParOldGen: 878409K->863716K(3696128K)] 878505K->863716K(6508032K), [Metaspace: 5455K->5455K(132096K)], 1.7517167 secs] [Times: user=12.75 sys=0.01, real=1.75 secs] 
2014-01-18T13:48:40.424+0100: 247.456: [GC (System.gc()) [PSYoungGen: 701535K->128K(2882048K)] 1565252K->863844K(6578176K), 0.1098599 secs] [Times: user=0.80 sys=0.00, real=0.11 secs] 
2014-01-18T13:48:40.534+0100: 247.566: [Full GC (System.gc()) [PSYoungGen: 128K->0K(2882048K)] [ParOldGen: 863716K->863720K(3696128K)] 863844K->863720K(6578176K), [Metaspace: 5457K->5457K(132096K)], 1.9058311 secs] [Times: user=13.68 sys=0.00, real=1.91 secs] 
2014-01-18T13:48:49.451+0100: 256.483: [GC (System.gc()) [PSYoungGen: 658058K->160K(2861056K)] 1521779K->863880K(6557184K), 0.1047468 secs] [Times: user=0.70 sys=0.00, real=0.11 secs] 
2014-01-18T13:48:49.556+0100: 256.588: [Full GC (System.gc()) [PSYoungGen: 160K->0K(2861056K)] [ParOldGen: 863720K->863721K(3696128K)] 863880K->863721K(6557184K), [Metaspace: 5459K->5459K(132096K)], 1.9120514 secs] [Times: user=13.85 sys=0.02, real=1.91 secs] 
2014-01-18T13:48:59.006+0100: 266.039: [GC (System.gc()) [PSYoungGen: 744629K->192K(2919936K)] 1608351K->863913K(6616064K), 0.0977214 secs] [Times: user=0.70 sys=0.00, real=0.10 secs] 
2014-01-18T13:48:59.104+0100: 266.137: [Full GC (System.gc()) [PSYoungGen: 192K->0K(2919936K)] [ParOldGen: 863721K->863722K(3696128K)] 863913K->863722K(6616064K), [Metaspace: 5462K->5462K(132096K)], 1.9419666 secs] [Times: user=13.92 sys=0.02, real=1.94 secs] 
2014-01-18T13:49:08.147+0100: 275.179: [GC (System.gc()) [PSYoungGen: 776006K->160K(2901504K)] 1639728K->863882K(6597632K), 0.0916331 secs] [Times: user=0.70 sys=0.00, real=0.09 secs] 
2014-01-18T13:49:08.239+0100: 275.271: [Full GC (System.gc()) [PSYoungGen: 160K->0K(2901504K)] [ParOldGen: 863722K->863722K(3696128K)] 863882K->863722K(6597632K), [Metaspace: 5463K->5463K(132096K)], 1.9086641 secs] [Times: user=13.74 sys=0.00, real=1.91 secs] 
2014-01-18T13:49:18.556+0100: 285.589: [GC (System.gc()) [PSYoungGen: 426031K->78285K(2930688K)] 1289754K->942007K(6626816K), 0.1285787 secs] [Times: user=0.62 sys=0.00, real=0.13 secs] 
2014-01-18T13:49:18.685+0100: 285.717: [Full GC (System.gc()) [PSYoungGen: 78285K->0K(2930688K)] [ParOldGen: 863722K->941848K(3696128K)] 942007K->941848K(6626816K), [Metaspace: 5486K->5486K(132096K)], 1.8780039 secs] [Times: user=13.51 sys=0.03, real=1.88 secs] 
2014-01-18T13:49:25.928+0100: 292.960: [GC (System.gc()) [PSYoungGen: 432032K->78285K(2800128K)] 1373880K->1020133K(6496256K), 0.1344632 secs] [Times: user=0.58 sys=0.00, real=0.13 secs] 
2014-01-18T13:49:26.063+0100: 293.095: [Full GC (System.gc()) [PSYoungGen: 78285K->0K(2800128K)] [ParOldGen: 941848K->941849K(3696128K)] 1020133K->941849K(6496256K), [Metaspace: 5494K->5494K(132096K)], 1.9092575 secs] [Times: user=13.74 sys=0.01, real=1.91 secs] 
2014-01-18T13:49:47.879+0100: 314.911: [GC (System.gc()) [PSYoungGen: 287210K->78285K(2932736K)] 1229060K->1020142K(6628864K), 0.1180591 secs] [Times: user=0.50 sys=0.00, real=0.12 secs] 
2014-01-18T13:49:47.997+0100: 315.029: [Full GC (System.gc()) [PSYoungGen: 78285K->0K(2932736K)] [ParOldGen: 941857K->941847K(3696128K)] 1020142K->941847K(6628864K), [Metaspace: 5497K->5497K(132096K)], 1.7800331 secs] [Times: user=12.59 sys=0.05, real=1.78 secs] 
2014-01-18T13:49:56.886+0100: 323.918: [GC (System.gc()) [PSYoungGen: 392681K->78349K(2932736K)] 1334529K->1020196K(6628864K), 0.1251559 secs] [Times: user=0.86 sys=0.00, real=0.13 secs] 
2014-01-18T13:49:57.011+0100: 324.044: [Full GC (System.gc()) [PSYoungGen: 78349K->0K(2932736K)] [ParOldGen: 941847K->941851K(3696128K)] 1020196K->941851K(6628864K), [Metaspace: 5500K->5500K(132096K)], 1.8854984 secs] [Times: user=13.57 sys=0.02, real=1.89 secs] 
2014-01-18T13:50:06.004+0100: 333.036: [GC (System.gc()) [PSYoungGen: 392681K->78317K(2937344K)] 1334533K->1020168K(6633472K), 0.1135676 secs] [Times: user=0.80 sys=0.00, real=0.11 secs] 
2014-01-18T13:50:06.118+0100: 333.150: [Full GC (System.gc()) [PSYoungGen: 78317K->0K(2937344K)] [ParOldGen: 941851K->941852K(3696128K)] 1020168K->941852K(6633472K), [Metaspace: 5506K->5506K(132096K)], 1.9230391 secs] [Times: user=13.85 sys=0.02, real=1.92 secs] 
2014-01-18T13:50:15.048+0100: 342.080: [GC (System.gc()) [PSYoungGen: 393545K->78349K(2934784K)] 1335397K->1020201K(6630912K), 0.1374365 secs] [Times: user=0.98 sys=0.00, real=0.14 secs] 
2014-01-18T13:50:15.185+0100: 342.217: [Full GC (System.gc()) [PSYoungGen: 78349K->0K(2934784K)] [ParOldGen: 941852K->941852K(3696128K)] 1020201K->941852K(6630912K), [Metaspace: 5511K->5511K(132096K)], 1.9210395 secs] [Times: user=14.15 sys=0.00, real=1.92 secs] 
2014-01-18T13:50:24.168+0100: 351.199: [GC (System.gc()) [PSYoungGen: 1290349K->204794K(2311168K)] 2232202K->1882335K(6007296K), 0.4077496 secs] [Times: user=2.76 sys=0.00, real=0.41 secs] 
2014-01-18T13:50:24.576+0100: 351.607: [Full GC (System.gc()) [PSYoungGen: 204794K->0K(2311168K)] [ParOldGen: 1677540K->863722K(3696128K)] 1882335K->863722K(6007296K), [Metaspace: 5513K->5513K(132096K)], 3.9320690 secs] [Times: user=14.26 sys=0.00, real=3.93 secs] 
2014-01-18T13:50:48.942+0100: 375.974: [GC (System.gc()) [PSYoungGen: 1413256K->64K(2626048K)] 2276978K->863786K(6322176K), 0.0995679 secs] [Times: user=0.55 sys=0.00, real=0.10 secs] 
2014-01-18T13:50:49.042+0100: 376.073: [Full GC (System.gc()) [PSYoungGen: 64K->0K(2626048K)] [ParOldGen: 863722K->863729K(3696128K)] 863786K->863729K(6322176K), [Metaspace: 5547K->5547K(132096K)], 3.8329401 secs] [Times: user=26.68 sys=0.05, real=3.83 secs] 
2014-01-18T13:51:13.291+0100: 400.323: [GC (System.gc()) [PSYoungGen: 1603240K->96K(2658304K)] 2466969K->863825K(6354432K), 0.1115072 secs] [Times: user=0.69 sys=0.00, real=0.11 secs] 
2014-01-18T13:51:13.403+0100: 400.435: [Full GC (System.gc()) [PSYoungGen: 96K->0K(2658304K)] [ParOldGen: 863729K->863729K(3696128K)] 863825K->863729K(6354432K), [Metaspace: 5550K->5550K(132096K)], 3.8254221 secs] [Times: user=26.57 sys=0.06, real=3.82 secs] 
2014-01-18T13:51:37.589+0100: 424.621: [GC (System.gc()) [PSYoungGen: 1317289K->96K(2640896K)] 2181019K->863825K(6337024K), 0.1098735 secs] [Times: user=0.56 sys=0.00, real=0.11 secs] 
2014-01-18T13:51:37.700+0100: 424.731: [Full GC (System.gc()) [PSYoungGen: 96K->0K(2640896K)] [ParOldGen: 863729K->863727K(3696128K)] 863825K->863727K(6337024K), [Metaspace: 5550K->5550K(132096K)], 2.8797634 secs] [Times: user=20.02 sys=0.05, real=2.88 secs] 
2014-01-18T13:52:00.862+0100: 447.893: [GC (System.gc()) [PSYoungGen: 686558K->32K(2697728K)] 1550286K->863759K(6393856K), 0.1113667 secs] [Times: user=0.81 sys=0.00, real=0.11 secs] 
2014-01-18T13:52:00.973+0100: 448.004: [Full GC (System.gc()) [PSYoungGen: 32K->0K(2697728K)] [ParOldGen: 863727K->863729K(3696128K)] 863759K->863729K(6393856K), [Metaspace: 5550K->5550K(132096K)], 4.0687927 secs] [Times: user=28.61 sys=0.05, real=4.07 secs] 
2014-01-18T13:52:25.616+0100: 472.647: [GC (System.gc()) [PSYoungGen: 1234726K->64K(2677248K)] 2098456K->863793K(6373376K), 0.0904561 secs] [Times: user=0.47 sys=0.00, real=0.09 secs] 
2014-01-18T13:52:25.707+0100: 472.738: [Full GC (System.gc()) [PSYoungGen: 64K->0K(2677248K)] [ParOldGen: 863729K->863730K(3696128K)] 863793K->863730K(6373376K), [Metaspace: 5567K->5567K(132096K)], 4.4852181 secs] [Times: user=30.97 sys=0.05, real=4.48 secs] 
2014-01-18T13:52:50.788+0100: 497.819: [GC (System.gc()) [PSYoungGen: 1447356K->96K(2739200K)] 2311087K->863826K(6435328K), 0.1002084 secs] [Times: user=0.45 sys=0.00, real=0.10 secs] 
2014-01-18T13:52:50.889+0100: 497.919: [Full GC (System.gc()) [PSYoungGen: 96K->0K(2739200K)] [ParOldGen: 863730K->863731K(3696128K)] 863826K->863731K(6435328K), [Metaspace: 5572K->5572K(132096K)], 3.4360371 secs] [Times: user=24.07 sys=0.08, real=3.44 secs] 
2014-01-18T13:53:14.953+0100: 521.983: [GC (System.gc()) [PSYoungGen: 1343504K->64K(2718208K)] 2207235K->863795K(6414336K), 0.0901498 secs] [Times: user=0.44 sys=0.00, real=0.09 secs] 
2014-01-18T13:53:15.043+0100: 522.073: [Full GC (System.gc()) [PSYoungGen: 64K->0K(2718208K)] [ParOldGen: 863731K->863731K(3696128K)] 863795K->863731K(6414336K), [Metaspace: 5574K->5574K(132096K)], 3.8501226 secs] [Times: user=26.77 sys=0.03, real=3.85 secs] 
2014-01-18T13:53:39.484+0100: 546.514: [GC (System.gc()) [PSYoungGen: 1246362K->96K(2781184K)] 2110093K->863827K(6477312K), 0.1136293 secs] [Times: user=0.65 sys=0.00, real=0.11 secs] 
2014-01-18T13:53:39.598+0100: 546.628: [Full GC (System.gc()) [PSYoungGen: 96K->0K(2781184K)] [ParOldGen: 863731K->863730K(3696128K)] 863827K->863730K(6477312K), [Metaspace: 5574K->5574K(132096K)], 3.4017017 secs] [Times: user=23.88 sys=0.02, real=3.40 secs] 
2014-01-18T13:54:03.473+0100: 570.503: [GC (System.gc()) [PSYoungGen: 1205785K->70304K(2760192K)] 2069515K->934034K(6456320K), 0.1546087 secs] [Times: user=0.86 sys=0.00, real=0.15 secs] 
2014-01-18T13:54:03.628+0100: 570.657: [Full GC (System.gc()) [PSYoungGen: 70304K->0K(2760192K)] [ParOldGen: 863730K->933829K(3696128K)] 934034K->933829K(6456320K), [Metaspace: 5577K->5577K(132096K)], 3.1094625 secs] [Times: user=21.51 sys=0.08, real=3.11 secs] 
2014-01-18T13:54:27.291+0100: 594.320: [GC (System.gc()) [PSYoungGen: 939554K->64K(2825216K)] 1873383K->933893K(6521344K), 0.0954934 secs] [Times: user=0.44 sys=0.00, real=0.10 secs] 
2014-01-18T13:54:27.387+0100: 594.416: [Full GC (System.gc()) [PSYoungGen: 64K->0K(2825216K)] [ParOldGen: 933829K->863727K(3696128K)] 933893K->863727K(6521344K), [Metaspace: 5578K->5578K(132096K)], 2.8816665 secs] [Times: user=19.98 sys=0.03, real=2.88 secs] 
2014-01-18T13:54:51.258+0100: 618.287: [GC (System.gc()) [PSYoungGen: 1212280K->64K(2807808K)] 2076007K->863791K(6503936K), 0.1015594 secs] [Times: user=0.69 sys=0.00, real=0.10 secs] 
2014-01-18T13:54:51.360+0100: 618.388: [Full GC (System.gc()) [PSYoungGen: 64K->0K(2807808K)] [ParOldGen: 863727K->863730K(3696128K)] 863791K->863730K(6503936K), [Metaspace: 5578K->5578K(132096K)], 4.5582393 secs] [Times: user=31.93 sys=0.09, real=4.56 secs] 
2014-01-18T13:55:16.807+0100: 643.836: [GC (System.gc()) [PSYoungGen: 1212280K->96K(2860032K)] 2076011K->863826K(6556160K), 0.1015091 secs] [Times: user=0.48 sys=0.00, real=0.10 secs] 
2014-01-18T13:55:16.909+0100: 643.937: [Full GC (System.gc()) [PSYoungGen: 96K->0K(2860032K)] [ParOldGen: 863730K->863730K(3696128K)] 863826K->863730K(6556160K), [Metaspace: 5578K->5578K(132096K)], 3.3121618 secs] [Times: user=23.23 sys=0.02, real=3.31 secs] 
2014-01-18T13:55:40.969+0100: 667.998: [GC (System.gc()) [PSYoungGen: 1237462K->64K(2842624K)] 2101192K->863794K(6538752K), 0.1168797 secs] [Times: user=0.53 sys=0.00, real=0.12 secs] 
2014-01-18T13:55:41.086+0100: 668.115: [Full GC (System.gc()) [PSYoungGen: 64K->0K(2842624K)] [ParOldGen: 863730K->863730K(3696128K)] 863794K->863730K(6538752K), [Metaspace: 5580K->5580K(132096K)], 3.5168531 secs] [Times: user=24.59 sys=0.02, real=3.52 secs] 
2014-01-18T13:56:05.384+0100: 692.412: [GC (System.gc()) [PSYoungGen: 1254846K->64K(2893312K)] 2118577K->863794K(6589440K), 0.1120235 secs] [Times: user=0.53 sys=0.00, real=0.11 secs] 
2014-01-18T13:56:05.496+0100: 692.524: [Full GC (System.gc()) [PSYoungGen: 64K->0K(2893312K)] [ParOldGen: 863730K->863730K(3696128K)] 863794K->863730K(6589440K), [Metaspace: 5583K->5583K(132096K)], 4.7109374 secs] [Times: user=33.15 sys=0.06, real=4.71 secs] 
2014-01-18T13:56:30.662+0100: 717.690: [GC (System.gc()) [PSYoungGen: 920117K->78221K(2876928K)] 1783847K->941951K(6573056K), 0.1275858 secs] [Times: user=0.62 sys=0.00, real=0.13 secs] 
2014-01-18T13:56:30.790+0100: 717.818: [Full GC (System.gc()) [PSYoungGen: 78221K->0K(2876928K)] [ParOldGen: 863730K->941855K(3696128K)] 941951K->941855K(6573056K), [Metaspace: 5585K->5585K(132096K)], 3.6785141 secs] [Times: user=25.62 sys=0.03, real=3.68 secs] 
2014-01-18T13:56:54.911+0100: 741.938: [GC (System.gc()) [PSYoungGen: 920113K->78253K(2905088K)] 1861968K->1020108K(6601216K), 0.1103991 secs] [Times: user=0.58 sys=0.00, real=0.11 secs] 
2014-01-18T13:56:55.021+0100: 742.048: [Full GC (System.gc()) [PSYoungGen: 78253K->0K(2905088K)] [ParOldGen: 941855K->941855K(3696128K)] 1020108K->941855K(6601216K), [Metaspace: 5586K->5586K(132096K)], 3.4542444 secs] [Times: user=24.04 sys=0.03, real=3.45 secs] 
2014-01-18T13:57:18.972+0100: 765.999: [GC (System.gc()) [PSYoungGen: 714266K->78189K(2898944K)] 1656122K->1020044K(6595072K), 0.1174847 secs] [Times: user=0.58 sys=0.00, real=0.12 secs] 
2014-01-18T13:57:19.089+0100: 766.116: [Full GC (System.gc()) [PSYoungGen: 78189K->0K(2898944K)] [ParOldGen: 941855K->941852K(3696128K)] 1020044K->941852K(6595072K), [Metaspace: 5586K->5586K(132096K)], 2.9058545 secs] [Times: user=20.17 sys=0.02, real=2.91 secs] 
2014-01-18T13:57:42.674+0100: 789.700: [GC (System.gc()) [PSYoungGen: 926936K->78221K(2919424K)] 1868789K->1020073K(6615552K), 0.1205383 secs] [Times: user=0.67 sys=0.00, real=0.12 secs] 
2014-01-18T13:57:42.795+0100: 789.821: [Full GC (System.gc()) [PSYoungGen: 78221K->0K(2919424K)] [ParOldGen: 941852K->941856K(3696128K)] 1020073K->941856K(6615552K), [Metaspace: 5586K->5586K(132096K)], 3.4592449 secs] [Times: user=23.73 sys=0.00, real=3.46 secs] 
2014-01-18T13:58:06.900+0100: 813.926: [GC (System.gc()) [PSYoungGen: 1165649K->78221K(2912256K)] 2107505K->1020085K(6608384K), 0.1099382 secs] [Times: user=0.56 sys=0.00, real=0.11 secs] 
2014-01-18T13:58:07.010+0100: 814.036: [Full GC (System.gc()) [PSYoungGen: 78221K->0K(2912256K)] [ParOldGen: 941864K->941856K(3696128K)] 1020085K->941856K(6608384K), [Metaspace: 5593K->5593K(132096K)], 3.7269365 secs] [Times: user=26.11 sys=0.08, real=3.73 secs] 
2014-01-18T13:58:31.373+0100: 838.400: [GC (System.gc()) [PSYoungGen: 1147385K->78253K(2933760K)] 2089241K->1020109K(6629888K), 0.1542166 secs] [Times: user=0.69 sys=0.00, real=0.16 secs] 
2014-01-18T13:58:31.528+0100: 838.554: [Full GC (System.gc()) [PSYoungGen: 78253K->0K(2933760K)] [ParOldGen: 941856K->941856K(3696128K)] 1020109K->941856K(6629888K), [Metaspace: 5594K->5594K(132096K)], 3.5645400 secs] [Times: user=24.43 sys=0.06, real=3.56 secs] 
Heap
 PSYoungGen      total 2933760K, used 1264048K [0x0000000740000000, 0x0000000800000000, 0x0000000800000000)
  eden space 2714624K, 46% used [0x0000000740000000,0x000000078d26c328,0x00000007e5b00000)
  from space 219136K, 0% used [0x00000007f2a00000,0x00000007f2a00000,0x0000000800000000)
  to   space 211968K, 0% used [0x00000007e5b00000,0x00000007e5b00000,0x00000007f2a00000)
 ParOldGen       total 3696128K, used 941856K [0x0000000600000000, 0x00000006e1980000, 0x0000000740000000)
  object space 3696128K, 25% used [0x0000000600000000,0x00000006397c8260,0x00000006e1980000)
 Metaspace total 5794K, used 5611K, reserved 132096K
  data space     5161K, used 5017K, reserved 1024K
  class space    633K, used 594K, reserved 131072K
