2014-01-16T20:05:36.630+0100: 3.526: [Full GC (System.gc()) 3.550: [CMS: 0K->432575K(1048576K), 1.7096897 secs] 905979K->432575K(3879744K), [Metaspace: 4021K->4021K(4692K/110592K)], 1.7098506 secs] [Times: user=1.20 sys=0.36, real=1.73 secs] 
2014-01-16T20:05:40.031+0100: 6.926: [Full GC (System.gc()) 6.926: [CMS: 432575K->433463K(1048576K), 1.3688079 secs] 935898K->433463K(3879744K), [Metaspace: 4061K->4061K(4694K/110592K)], 1.3689362 secs] [Times: user=1.26 sys=0.02, real=1.37 secs] 
2014-01-16T20:05:43.008+0100: 9.902: [Full GC (System.gc()) 9.902: [CMS: 433463K->433463K(1048576K), 1.3620845 secs] 836120K->433463K(3879744K), [Metaspace: 4061K->4061K(4694K/110592K)], 1.3622098 secs] [Times: user=1.36 sys=0.00, real=1.36 secs] 
2014-01-16T20:05:45.919+0100: 12.813: [Full GC (System.gc()) 12.813: [CMS: 433463K->433463K(1048576K), 1.3480778 secs] 836120K->433463K(3879744K), [Metaspace: 4061K->4061K(4694K/110592K)], 1.3482006 secs] [Times: user=1.30 sys=0.00, real=1.35 secs] 
2014-01-16T20:05:48.821+0100: 15.714: [Full GC (System.gc()) 15.715: [CMS: 433463K->433463K(1048576K), 1.3530345 secs] 836120K->433463K(3879744K), [Metaspace: 4061K->4061K(4694K/110592K)], 1.3531610 secs] [Times: user=1.31 sys=0.00, real=1.35 secs] 
2014-01-16T20:05:51.816+0100: 18.709: [Full GC (System.gc()) 18.709: [CMS: 433463K->433528K(1048576K), 1.3621259 secs] 836120K->433528K(3879744K), [Metaspace: 4136K->4136K(4776K/110592K)], 1.3622560 secs] [Times: user=1.34 sys=0.00, real=1.36 secs] 
2014-01-16T20:05:54.716+0100: 21.608: [Full GC (System.gc()) 21.608: [CMS: 433528K->433513K(1048576K), 1.3653870 secs] 836185K->433513K(3879744K), [Metaspace: 4185K->4185K(4842K/110592K)], 1.3655212 secs] [Times: user=1.34 sys=0.00, real=1.37 secs] 
2014-01-16T20:05:57.628+0100: 24.520: [Full GC (System.gc()) 24.520: [CMS: 433513K->433484K(1048576K), 1.3602532 secs] 836170K->433484K(3879744K), [Metaspace: 4197K->4197K(4844K/110592K)], 1.3603661 secs] [Times: user=1.31 sys=0.00, real=1.36 secs] 
2014-01-16T20:06:00.559+0100: 27.449: [Full GC (System.gc()) 27.450: [CMS: 433484K->433478K(1048576K), 1.2956538 secs] 836141K->433478K(3879744K), [Metaspace: 4197K->4197K(4844K/110592K)], 1.2957810 secs] [Times: user=1.29 sys=0.00, real=1.30 secs] 
2014-01-16T20:06:03.389+0100: 30.279: [Full GC (System.gc()) 30.279: [CMS: 433478K->433478K(1048576K), 1.3004638 secs] 836135K->433478K(3879744K), [Metaspace: 4197K->4197K(4844K/110592K)], 1.3005991 secs] [Times: user=1.29 sys=0.00, real=1.30 secs] 
2014-01-16T20:06:06.279+0100: 33.168: [Full GC (System.gc()) 33.168: [CMS: 433478K->433478K(1048576K), 1.3097884 secs] 836135K->433478K(3879744K), [Metaspace: 4197K->4197K(4844K/110592K)], 1.3098885 secs] [Times: user=1.30 sys=0.00, real=1.31 secs] 
2014-01-16T20:06:09.149+0100: 36.038: [Full GC (System.gc()) 36.038: [CMS: 433478K->433478K(1048576K), 1.3213494 secs] 836135K->433478K(3879744K), [Metaspace: 4197K->4197K(4844K/110592K)], 1.3214506 secs] [Times: user=1.28 sys=0.00, real=1.32 secs] 
2014-01-16T20:06:12.004+0100: 38.892: [Full GC (System.gc()) 38.892: [CMS: 433478K->433478K(1048576K), 1.2905589 secs] 836135K->433478K(3879744K), [Metaspace: 4197K->4197K(4844K/110592K)], 1.2906912 secs] [Times: user=1.26 sys=0.00, real=1.29 secs] 
2014-01-16T20:06:14.826+0100: 41.714: [Full GC (System.gc()) 41.714: [CMS: 433478K->433478K(1048576K), 1.2903228 secs] 836135K->433478K(3879744K), [Metaspace: 4197K->4197K(4844K/110592K)], 1.2904482 secs] [Times: user=1.28 sys=0.00, real=1.29 secs] 
2014-01-16T20:06:17.655+0100: 44.542: [Full GC (System.gc()) 44.542: [CMS: 433478K->433478K(1048576K), 1.3085181 secs] 836135K->433478K(3879744K), [Metaspace: 4198K->4198K(4844K/110592K)], 1.3086439 secs] [Times: user=1.31 sys=0.00, real=1.31 secs] 
2014-01-16T20:06:20.499+0100: 47.385: [Full GC (System.gc()) 47.385: [CMS: 433478K->433478K(1048576K), 1.2881025 secs] 836135K->433478K(3879744K), [Metaspace: 4201K->4201K(4844K/110592K)], 1.2882268 secs] [Times: user=1.29 sys=0.00, real=1.29 secs] 
2014-01-16T20:06:23.326+0100: 50.210: [Full GC (System.gc()) 50.211: [CMS: 433478K->433478K(1048576K), 1.2856455 secs] 836135K->433478K(3879744K), [Metaspace: 4201K->4201K(4844K/110592K)], 1.2858218 secs] [Times: user=1.29 sys=0.00, real=1.29 secs] 
2014-01-16T20:06:26.234+0100: 53.118: [Full GC (System.gc()) 53.118: [CMS: 433478K->433478K(1048576K), 1.2939065 secs] 836135K->433478K(3879744K), [Metaspace: 4201K->4201K(4844K/110592K)], 1.2940469 secs] [Times: user=1.28 sys=0.00, real=1.30 secs] 
2014-01-16T20:06:29.063+0100: 55.947: [Full GC (System.gc()) 55.947: [CMS: 433478K->433478K(1048576K), 1.3042826 secs] 836135K->433478K(3879744K), [Metaspace: 4201K->4201K(4844K/110592K)], 1.3044303 secs] [Times: user=1.31 sys=0.00, real=1.31 secs] 
2014-01-16T20:06:31.904+0100: 58.787: [Full GC (System.gc()) 58.787: [CMS: 433478K->433478K(1048576K), 1.2981003 secs] 836135K->433478K(3879744K), [Metaspace: 4201K->4201K(4844K/110592K)], 1.2983287 secs] [Times: user=1.30 sys=0.00, real=1.30 secs] 
2014-01-16T20:06:34.743+0100: 61.625: [Full GC (System.gc()) 61.625: [CMS: 433478K->433478K(1048576K), 1.3199141 secs] 836135K->433478K(3879744K), [Metaspace: 4201K->4201K(4844K/110592K)], 1.3200409 secs] [Times: user=1.28 sys=0.00, real=1.32 secs] 
2014-01-16T20:06:47.243+0100: 74.122: [Full GC (System.gc()) 74.122: [CMS: 433478K->433489K(1048576K), 1.2246793 secs] 534142K->433489K(3879744K), [Metaspace: 4354K->4354K(4858K/110592K)], 1.2248189 secs] [Times: user=1.23 sys=0.00, real=1.22 secs] 
2014-01-16T20:07:14.367+0100: 101.240: [Full GC (System.gc()) 101.240: [CMS: 433489K->433559K(1048576K), 1.4084127 secs] 1052679K->433559K(3879744K), [Metaspace: 4917K->4917K(5148K/110592K)], 1.4085303 secs] [Times: user=1.40 sys=0.00, real=1.41 secs] 
2014-01-16T20:07:19.671+0100: 106.542: [GC (Allocation Failure) 106.542: [ParNew: 2516608K->314560K(2831168K), 2.9579477 secs] 2950167K->944333K(3879744K), 2.9580764 secs] [Times: user=5.05 sys=0.36, real=2.96 secs] 
2014-01-16T20:07:22.629+0100: 109.500: [GC (CMS Initial Mark) [1 CMS-initial-mark: 629773K(1048576K)] 993155K(3879744K), 0.3263453 secs] [Times: user=0.33 sys=0.00, real=0.33 secs] 
2014-01-16T20:07:22.957+0100: 109.827: [CMS-concurrent-mark-start]
2014-01-16T20:07:23.863+0100: 110.733: [CMS-concurrent-mark: 0.906/0.907 secs] [Times: user=1.79 sys=0.00, real=0.91 secs] 
2014-01-16T20:07:23.863+0100: 110.733: [CMS-concurrent-preclean-start]
2014-01-16T20:07:23.866+0100: 110.736: [CMS-concurrent-preclean: 0.003/0.003 secs] [Times: user=0.00 sys=0.00, real=0.00 secs] 
2014-01-16T20:07:23.866+0100: 110.736: [CMS-concurrent-abortable-preclean-start]
2014-01-16T20:07:24.731+0100: 111.602: [GC (Allocation Failure) 111.602: [ParNew: 2831168K->123535K(2831168K), 1.4148351 secs] 3460941K->1101461K(3879744K), 1.4150356 secs] [Times: user=2.26 sys=0.17, real=1.42 secs] 
2014-01-16T20:07:27.117+0100: 113.986: [CMS-concurrent-abortable-preclean: 1.424/3.250 secs] [Times: user=5.48 sys=0.28, real=3.25 secs] 
2014-01-16T20:07:27.136+0100: 114.005: [GC (CMS Final Remark) [YG occupancy: 1460190 K (2831168 K)]114.005: [Rescan (parallel) , 0.6765891 secs]114.682: [weak refs processing, 0.0000319 secs]114.682: [class unloading, 0.0020347 secs]114.684: [scrub symbol table, 0.0010526 secs]114.685: [scrub string table, 0.0000565 secs][1 CMS-remark: 977925K(1048576K)] 2438116K(3879744K), 0.6803389 secs] [Times: user=1.31 sys=0.00, real=0.68 secs] 
2014-01-16T20:07:27.853+0100: 114.722: [CMS-concurrent-sweep-start]
2014-01-16T20:07:28.404+0100: 115.274: [CMS-concurrent-sweep: 0.551/0.551 secs] [Times: user=1.06 sys=0.00, real=0.55 secs] 
2014-01-16T20:07:28.411+0100: 115.280: [CMS-concurrent-reset-start]
2014-01-16T20:07:28.428+0100: 115.298: [CMS-concurrent-reset: 0.017/0.017 secs] [Times: user=0.03 sys=0.00, real=0.02 secs] 
2014-01-16T20:07:28.740+0100: 115.610: [GC (Allocation Failure) 115.610: [ParNew: 2640143K->0K(2831168K), 0.0082189 secs] 3618061K->977918K(4461032K), 0.0083366 secs] [Times: user=0.02 sys=0.02, real=0.01 secs] 
2014-01-16T20:07:30.702+0100: 117.570: [GC (Allocation Failure) 117.570: [ParNew: 2516608K->7720K(2831168K), 0.0135543 secs] 3494526K->985639K(4461032K), 0.0136910 secs] [Times: user=0.03 sys=0.00, real=0.01 secs] 
2014-01-16T20:07:32.641+0100: 119.510: [GC (Allocation Failure) 119.510: [ParNew: 2524328K->1930K(2831168K), 0.0128115 secs] 3502247K->979848K(4461032K), 0.0129494 secs] [Times: user=0.00 sys=0.02, real=0.01 secs] 
2014-01-16T20:07:34.541+0100: 121.408: [GC (Allocation Failure) 121.487: [ParNew: 2518538K->0K(2831168K), 0.0119397 secs] 3496456K->977918K(4461032K), 0.0121120 secs] [Times: user=0.03 sys=0.00, real=0.09 secs] 
2014-01-16T20:07:36.561+0100: 123.428: [GC (Allocation Failure) 123.429: [ParNew: 2516608K->120K(2831168K), 0.0134065 secs] 3494526K->978038K(4461032K), 0.0135411 secs] [Times: user=0.03 sys=0.00, real=0.01 secs] 
2014-01-16T20:07:38.510+0100: 125.377: [GC (Allocation Failure) 125.377: [ParNew: 2516728K->30K(2831168K), 0.0153093 secs] 3494646K->977948K(4461032K), 0.0154431 secs] [Times: user=0.03 sys=0.00, real=0.02 secs] 
2014-01-16T20:07:40.454+0100: 127.321: [GC (Allocation Failure) 127.321: [ParNew: 2516638K->7K(2831168K), 0.0146791 secs] 3494556K->977925K(4461032K), 0.0148154 secs] [Times: user=0.03 sys=0.00, real=0.02 secs] 
2014-01-16T20:07:42.418+0100: 129.284: [GC (Allocation Failure) 129.284: [ParNew: 2516615K->2K(2831168K), 0.0154105 secs] 3494533K->977920K(4461032K), 0.0155447 secs] [Times: user=0.03 sys=0.00, real=0.02 secs] 
2014-01-16T20:07:44.377+0100: 131.242: [GC (Allocation Failure) 131.242: [ParNew: 2516610K->2K(2831168K), 0.0152220 secs] 3494528K->977920K(4461032K), 0.0157206 secs] [Times: user=0.03 sys=0.00, real=0.02 secs] 
2014-01-16T20:07:46.309+0100: 133.173: [GC (Allocation Failure) 133.173: [ParNew: 2516610K->2K(2831168K), 0.0147018 secs] 3494528K->977920K(4461032K), 0.0148352 secs] [Times: user=0.03 sys=0.00, real=0.01 secs] 
2014-01-16T20:07:48.201+0100: 135.065: [GC (Allocation Failure) 135.066: [ParNew: 2516610K->2K(2831168K), 0.0151348 secs] 3494528K->977920K(4461032K), 0.0152759 secs] [Times: user=0.03 sys=0.00, real=0.02 secs] 
2014-01-16T20:07:50.181+0100: 137.045: [GC (Allocation Failure) 137.045: [ParNew: 2516610K->2K(2831168K), 0.0156517 secs] 3494528K->977920K(4461032K), 0.0157830 secs] [Times: user=0.03 sys=0.00, real=0.02 secs] 
2014-01-16T20:07:52.073+0100: 138.937: [GC (Allocation Failure) 138.937: [ParNew: 2516610K->2K(2831168K), 0.0152891 secs] 3494528K->977920K(4461032K), 0.0154182 secs] [Times: user=0.03 sys=0.00, real=0.02 secs] 
2014-01-16T20:07:53.298+0100: 140.161: [Full GC (System.gc()) 140.161: [CMS: 977918K->433556K(1629864K), 1.9379328 secs] 2595604K->433556K(4461032K), [Metaspace: 4947K->4947K(5152K/110592K)], 1.9380652 secs] [Times: user=1.90 sys=0.00, real=1.94 secs] 
2014-01-16T20:07:57.344+0100: 144.206: [GC (Allocation Failure) 144.206: [ParNew: 2516608K->314558K(2831168K), 1.5593875 secs] 2950164K->948224K(4461032K), 1.5596236 secs] [Times: user=2.34 sys=0.42, real=1.56 secs] 
2014-01-16T20:08:00.858+0100: 147.719: [GC (Allocation Failure) 147.719: [ParNew: 2831166K->0K(2831168K), 1.0793584 secs] 3464832K->976921K(4461032K), 1.0795003 secs] [Times: user=1.90 sys=0.00, real=1.08 secs] 
2014-01-16T20:08:02.001+0100: 148.862: [GC (CMS Initial Mark) [1 CMS-initial-mark: 976921K(1629864K)] 1026682K(4461032K), 0.0007153 secs] [Times: user=0.00 sys=0.00, real=0.00 secs] 
2014-01-16T20:08:02.002+0100: 148.863: [CMS-concurrent-mark-start]
2014-01-16T20:08:04.384+0100: 151.244: [CMS-concurrent-mark: 2.381/2.381 secs] [Times: user=4.10 sys=0.56, real=2.38 secs] 
2014-01-16T20:08:04.384+0100: 151.244: [CMS-concurrent-preclean-start]
2014-01-16T20:08:04.406+0100: 151.266: [CMS-concurrent-preclean: 0.022/0.022 secs] [Times: user=0.03 sys=0.00, real=0.02 secs] 
2014-01-16T20:08:04.406+0100: 151.266: [CMS-concurrent-abortable-preclean-start]
2014-01-16T20:08:05.138+0100: 151.998: [GC (Allocation Failure) 151.998: [ParNew: 2516608K->22890K(2831168K), 0.0142091 secs] 3493529K->999811K(4461032K), 0.0143429 secs] [Times: user=0.03 sys=0.00, real=0.01 secs] 
2014-01-16T20:08:06.173+0100: 153.033: [CMS-concurrent-abortable-preclean: 0.216/1.767 secs] [Times: user=2.09 sys=0.48, real=1.77 secs] 
2014-01-16T20:08:06.173+0100: 153.034: [GC (CMS Final Remark) [YG occupancy: 1375852 K (2831168 K)]153.034: [Rescan (parallel) , 0.6630579 secs]153.697: [weak refs processing, 0.0000165 secs]153.697: [class unloading, 0.0015160 secs]153.699: [scrub symbol table, 0.0009242 secs]153.700: [scrub string table, 0.0000572 secs][1 CMS-remark: 976921K(1629864K)] 2352773K(4461032K), 0.6660671 secs] [Times: user=1.31 sys=0.00, real=0.67 secs] 
2014-01-16T20:08:06.853+0100: 153.713: [CMS-concurrent-sweep-start]
2014-01-16T20:08:07.396+0100: 154.256: [CMS-concurrent-sweep: 0.543/0.543 secs] [Times: user=1.05 sys=0.00, real=0.54 secs] 
2014-01-16T20:08:07.396+0100: 154.256: [CMS-concurrent-reset-start]
2014-01-16T20:08:07.417+0100: 154.277: [CMS-concurrent-reset: 0.021/0.021 secs] [Times: user=0.03 sys=0.00, real=0.02 secs] 
2014-01-16T20:08:07.894+0100: 154.753: [GC (Allocation Failure) 154.753: [ParNew: 2539498K->5722K(2831168K), 0.0105561 secs] 3516418K->982643K(4461032K), 0.0106833 secs] [Times: user=0.00 sys=0.00, real=0.01 secs] 
2014-01-16T20:08:09.811+0100: 156.670: [GC (Allocation Failure) 156.670: [ParNew: 2522330K->1430K(2831168K), 0.0118664 secs] 3499251K->978351K(4461032K), 0.0120035 secs] [Times: user=0.00 sys=0.00, real=0.01 secs] 
2014-01-16T20:08:11.756+0100: 158.615: [GC (Allocation Failure) 158.615: [ParNew: 2518038K->357K(2831168K), 0.0161056 secs] 3494959K->977278K(4461032K), 0.0162350 secs] [Times: user=0.03 sys=0.00, real=0.02 secs] 
2014-01-16T20:08:13.632+0100: 160.490: [GC (Allocation Failure) 160.490: [ParNew: 2516965K->89K(2831168K), 0.0155109 secs] 3493886K->977010K(4461032K), 0.0156418 secs] [Times: user=0.03 sys=0.00, real=0.02 secs] 
2014-01-16T20:08:15.499+0100: 162.357: [GC (Allocation Failure) 162.357: [ParNew: 2516697K->22K(2831168K), 0.0157346 secs] 3493618K->976943K(4461032K), 0.0173693 secs] [Times: user=0.03 sys=0.00, real=0.02 secs] 
2014-01-16T20:08:17.387+0100: 164.244: [GC (Allocation Failure) 164.245: [ParNew: 2516630K->5K(2831168K), 0.0154519 secs] 3493551K->976926K(4461032K), 0.0155784 secs] [Times: user=0.03 sys=0.00, real=0.02 secs] 
2014-01-16T20:08:19.305+0100: 166.163: [GC (Allocation Failure) 166.163: [ParNew: 2516613K->2K(2831168K), 0.0159025 secs] 3493534K->976922K(4461032K), 0.0160348 secs] [Times: user=0.03 sys=0.00, real=0.02 secs] 
2014-01-16T20:08:21.193+0100: 168.050: [GC (Allocation Failure) 168.050: [ParNew: 2516610K->2K(2831168K), 0.0159021 secs] 3493530K->976922K(4461032K), 0.0160290 secs] [Times: user=0.03 sys=0.00, real=0.02 secs] 
2014-01-16T20:08:23.103+0100: 169.959: [GC (Allocation Failure) 169.959: [ParNew: 2516610K->2K(2831168K), 0.0158750 secs] 3493530K->976922K(4461032K), 0.0160015 secs] [Times: user=0.03 sys=0.00, real=0.02 secs] 
2014-01-16T20:08:24.951+0100: 171.807: [GC (Allocation Failure) 171.807: [ParNew: 2516610K->2K(2831168K), 0.0154541 secs] 3493530K->976922K(4461032K), 0.0155956 secs] [Times: user=0.03 sys=0.00, real=0.02 secs] 
2014-01-16T20:08:26.815+0100: 173.669: [GC (Allocation Failure) 173.670: [ParNew: 2516610K->2K(2831168K), 0.0154262 secs] 3493530K->976922K(4461032K), 0.0155612 secs] [Times: user=0.03 sys=0.00, real=0.01 secs] 
2014-01-16T20:08:27.443+0100: 174.297: [Full GC (System.gc()) 174.297: [CMS: 976920K->433556K(1629864K), 1.4885963 secs] 1834751K->433556K(4461032K), [Metaspace: 4948K->4948K(5152K/110592K)], 1.4887734 secs] [Times: user=1.48 sys=0.00, real=1.49 secs] 
2014-01-16T20:08:54.468+0100: 201.316: [Full GC (System.gc()) 201.316: [CMS: 433556K->433557K(1629864K), 1.0584171 secs] 584683K->433557K(4461032K), [Metaspace: 4954K->4954K(5152K/110592K)], 1.0585659 secs] [Times: user=1.05 sys=0.00, real=1.06 secs] 
2014-01-16T20:09:18.720+0100: 225.563: [Full GC (System.gc()) 225.563: [CMS: 433557K->433562K(1629864K), 1.3601549 secs] 912368K->433562K(4461032K), [Metaspace: 4998K->4998K(5222K/110592K)], 1.3603419 secs] [Times: user=1.33 sys=0.00, real=1.36 secs] 
2014-01-16T20:09:42.588+0100: 249.425: [Full GC (System.gc()) 249.426: [CMS: 433562K->433564K(1629864K), 1.3518969 secs] 861516K->433564K(4461032K), [Metaspace: 5017K->5017K(5228K/110592K)], 1.3520237 secs] [Times: user=1.31 sys=0.00, real=1.35 secs] 
2014-01-16T20:09:43.942+0100: 250.778: [Full GC (System.gc()) 250.778: [CMS: 433564K->433563K(1629864K), 1.2769397 secs] 509190K->433563K(4461032K), [Metaspace: 5017K->5017K(5228K/110592K)], 1.2771681 secs] [Times: user=1.28 sys=0.00, real=1.28 secs] 
2014-01-16T20:10:07.380+0100: 274.211: [Full GC (System.gc()) 274.211: [CMS: 433563K->433567K(1629864K), 1.3168338 secs] 886692K->433567K(4461032K), [Metaspace: 5055K->5055K(5232K/110592K)], 1.3169877 secs] [Times: user=1.33 sys=0.00, real=1.32 secs] 
2014-01-16T20:10:29.988+0100: 296.813: [Full GC (System.gc()) 296.813: [CMS: 433567K->433568K(1629864K), 1.0436167 secs] 836353K->433568K(4461032K), [Metaspace: 5062K->5062K(5234K/110592K)], 1.0437670 secs] [Times: user=1.03 sys=0.00, real=1.04 secs] 
2014-01-16T20:10:53.306+0100: 320.127: [Full GC (System.gc()) 320.127: [CMS: 433568K->433569K(1629864K), 1.0731112 secs] 836354K->433569K(4461032K), [Metaspace: 5068K->5068K(5236K/110592K)], 1.0733165 secs] [Times: user=1.08 sys=0.00, real=1.07 secs] 
2014-01-16T20:11:15.935+0100: 342.752: [Full GC (System.gc()) 342.752: [CMS: 433569K->433569K(1629864K), 1.0599987 secs] 836357K->433569K(4461032K), [Metaspace: 5071K->5071K(5236K/110592K)], 1.0601461 secs] [Times: user=1.06 sys=0.00, real=1.06 secs] 
2014-01-16T20:11:16.997+0100: 343.813: [Full GC (System.gc()) 343.813: [CMS: 433569K->433569K(1629864K), 1.0029242 secs] 509196K->433569K(4461032K), [Metaspace: 5071K->5071K(5236K/110592K)], 1.0030631 secs] [Times: user=0.98 sys=0.00, real=1.00 secs] 
2014-01-16T20:11:40.201+0100: 367.013: [Full GC (System.gc()) 367.013: [CMS: 433569K->433570K(1629864K), 1.2730407 secs] 836355K->433570K(4461032K), [Metaspace: 5076K->5076K(5238K/110592K)], 1.2731830 secs] [Times: user=1.28 sys=0.00, real=1.27 secs] 
2014-01-16T20:11:41.476+0100: 368.288: [Full GC (System.gc()) 368.288: [CMS: 433570K->433570K(1629864K), 0.9992261 secs] 509197K->433570K(4461032K), [Metaspace: 5077K->5077K(5238K/110592K)], 0.9993760 secs] [Times: user=1.00 sys=0.00, real=1.00 secs] 
2014-01-16T20:12:04.003+0100: 390.811: [Full GC (System.gc()) 390.811: [CMS: 433570K->472634K(1629864K), 1.2750997 secs] 584701K->472634K(4461032K), [Metaspace: 5093K->5093K(5238K/110592K)], 1.2752606 secs] [Times: user=1.28 sys=0.00, real=1.28 secs] 
2014-01-16T20:12:26.336+0100: 413.142: [Full GC (System.gc()) 413.142: [CMS: 472634K->472635K(1629864K), 1.0680335 secs] 648925K->472635K(4461032K), [Metaspace: 5098K->5098K(5240K/110592K)], 1.0681695 secs] [Times: user=1.05 sys=0.00, real=1.07 secs] 
2014-01-16T20:12:49.092+0100: 435.893: [Full GC (System.gc()) 435.893: [CMS: 472635K->472635K(1629864K), 1.0669487 secs] 648926K->472635K(4461032K), [Metaspace: 5100K->5100K(5240K/110592K)], 1.0671217 secs] [Times: user=1.08 sys=0.00, real=1.07 secs] 
2014-01-16T20:13:11.884+0100: 458.683: [Full GC (System.gc()) 458.683: [CMS: 472635K->454092K(1629864K), 0.9957135 secs] 648926K->454092K(4461032K), [Metaspace: 5103K->5103K(5242K/110592K)], 0.9958414 secs] [Times: user=1.00 sys=0.00, real=1.00 secs] 
2014-01-16T20:13:12.881+0100: 459.680: [Full GC (System.gc()) 459.680: [CMS: 454092K->453105K(1629864K), 1.0102697 secs] 554884K->453105K(4461032K), [Metaspace: 5103K->5103K(5242K/110592K)], 1.0104230 secs] [Times: user=1.00 sys=0.00, real=1.01 secs] 
2014-01-16T20:13:35.760+0100: 482.556: [Full GC (System.gc()) 482.556: [CMS: 453105K->453106K(1629864K), 1.0339907 secs] 629396K->453106K(4461032K), [Metaspace: 5105K->5105K(5242K/110592K)], 1.0341183 secs] [Times: user=1.03 sys=0.00, real=1.03 secs] 
2014-01-16T20:13:37.029+0100: 483.824: [Full GC (System.gc()) 483.824: [CMS: 453106K->882794K(1629864K), 2.0788961 secs] 932416K->882794K(4461032K), [Metaspace: 5105K->5105K(5242K/110592K)], 2.0790303 secs] [Times: user=2.04 sys=0.00, real=2.08 secs] 
2014-01-16T20:13:56.360+0100: 503.153: [Full GC (System.gc()) 503.153: [CMS: 882794K->433576K(1629864K), 1.5417359 secs] 1634223K->433576K(4461032K), [Metaspace: 5135K->5135K(5252K/110592K)], 1.5418686 secs] [Times: user=1.55 sys=0.00, real=1.54 secs] 
2014-01-16T20:14:13.966+0100: 520.755: [Full GC (System.gc()) 520.755: [CMS: 433576K->433577K(1629864K), 1.3807677 secs] 1210299K->433577K(4461032K), [Metaspace: 5139K->5139K(5256K/110592K)], 1.3809203 secs] [Times: user=1.39 sys=0.00, real=1.38 secs] 
2014-01-16T20:14:30.766+0100: 537.554: [Full GC (System.gc()) 537.554: [CMS: 433577K->433577K(1629864K), 1.3787942 secs] 1412014K->433577K(4461032K), [Metaspace: 5143K->5143K(5260K/110592K)], 1.3789519 secs] [Times: user=1.37 sys=0.00, real=1.38 secs] 
2014-01-16T20:14:48.850+0100: 555.634: [Full GC (System.gc()) 555.635: [CMS: 433577K->433577K(1629864K), 1.2659631 secs] 740952K->433577K(4461032K), [Metaspace: 5143K->5143K(5260K/110592K)], 1.2661190 secs] [Times: user=1.23 sys=0.00, real=1.27 secs] 
2014-01-16T20:15:05.514+0100: 572.296: [Full GC (System.gc()) 572.296: [CMS: 433577K->433577K(1629864K), 1.2867721 secs] 1042945K->433577K(4461032K), [Metaspace: 5143K->5143K(5260K/110592K)], 1.2869356 secs] [Times: user=1.25 sys=0.00, real=1.29 secs] 
2014-01-16T20:15:21.683+0100: 588.461: [Full GC (System.gc()) 588.461: [CMS: 433577K->433577K(1629864K), 1.2766629 secs] 1042945K->433577K(4461032K), [Metaspace: 5147K->5147K(5324K/110592K)], 1.2768019 secs] [Times: user=1.28 sys=0.00, real=1.28 secs] 
2014-01-16T20:15:23.625+0100: 590.403: [Full GC (System.gc()) 590.403: [CMS: 433577K->433577K(1629864K), 1.2218970 secs] 640287K->433577K(4461032K), [Metaspace: 5147K->5147K(5324K/110592K)], 1.2220502 secs] [Times: user=1.20 sys=0.00, real=1.22 secs] 
2014-01-16T20:15:40.505+0100: 607.280: [Full GC (System.gc()) 607.280: [CMS: 433577K->433576K(1629864K), 1.2707820 secs] 1042945K->433576K(4461032K), [Metaspace: 5147K->5147K(5324K/110592K)], 1.2709363 secs] [Times: user=1.28 sys=0.00, real=1.27 secs] 
2014-01-16T20:15:57.403+0100: 624.172: [Full GC (System.gc()) 624.172: [CMS: 433576K->433576K(1629864K), 1.2771373 secs] 1042944K->433576K(4461032K), [Metaspace: 5155K->5155K(5324K/110592K)], 1.2773034 secs] [Times: user=1.28 sys=0.00, real=1.28 secs] 
2014-01-16T20:16:13.904+0100: 640.670: [Full GC (System.gc()) 640.670: [CMS: 433576K->433576K(1629864K), 1.2756643 secs] 1042944K->433576K(4461032K), [Metaspace: 5156K->5156K(5324K/110592K)], 1.2758270 secs] [Times: user=1.28 sys=0.00, real=1.28 secs] 
2014-01-16T20:16:30.368+0100: 657.133: [Full GC (System.gc()) 657.133: [CMS: 433576K->433577K(1629864K), 1.2953315 secs] 1068614K->433577K(4461032K), [Metaspace: 5159K->5159K(5324K/110592K)], 1.2954760 secs] [Times: user=1.26 sys=0.00, real=1.30 secs] 
2014-01-16T20:16:32.335+0100: 659.098: [Full GC (System.gc()) 659.098: [CMS: 433577K->433577K(1629864K), 1.2277823 secs] 640287K->433577K(4461032K), [Metaspace: 5159K->5159K(5324K/110592K)], 1.2279469 secs] [Times: user=1.23 sys=0.00, real=1.23 secs] 
2014-01-16T20:16:49.053+0100: 675.812: [Full GC (System.gc()) 675.812: [CMS: 433577K->433577K(1629864K), 1.2847560 secs] 1042945K->433577K(4461032K), [Metaspace: 5159K->5159K(5324K/110592K)], 1.2849159 secs] [Times: user=1.26 sys=0.00, real=1.28 secs] 
2014-01-16T20:16:51.026+0100: 677.785: [Full GC (System.gc()) 677.785: [CMS: 433577K->433577K(1629864K), 1.2308473 secs] 640287K->433577K(4461032K), [Metaspace: 5159K->5159K(5324K/110592K)], 1.2310603 secs] [Times: user=1.23 sys=0.00, real=1.23 secs] 
2014-01-16T20:17:06.896+0100: 693.652: [Full GC (System.gc()) 693.652: [CMS: 433577K->472639K(1629864K), 1.2817201 secs] 841616K->472639K(4461032K), [Metaspace: 5162K->5162K(5324K/110592K)], 1.2818550 secs] [Times: user=1.28 sys=0.00, real=1.28 secs] 
2014-01-16T20:17:23.112+0100: 709.864: [Full GC (System.gc()) 709.864: [CMS: 472639K->472639K(1629864K), 1.2752903 secs] 880678K->472639K(4461032K), [Metaspace: 5162K->5162K(5324K/110592K)], 1.2754183 secs] [Times: user=1.26 sys=0.00, real=1.28 secs] 
2014-01-16T20:17:39.410+0100: 726.158: [Full GC (System.gc()) 726.158: [CMS: 472639K->472639K(1629864K), 1.2857247 secs] 931139K->472639K(4461032K), [Metaspace: 5162K->5162K(5324K/110592K)], 1.2858504 secs] [Times: user=1.26 sys=0.00, real=1.29 secs] 
2014-01-16T20:17:55.878+0100: 742.622: [Full GC (System.gc()) 742.622: [CMS: 472639K->453108K(1629864K), 1.2403581 secs] 880678K->453108K(4461032K), [Metaspace: 5162K->5162K(5324K/110592K)], 1.2404904 secs] [Times: user=1.25 sys=0.00, real=1.24 secs] 
2014-01-16T20:17:57.777+0100: 744.520: [Full GC (System.gc()) 744.520: [CMS: 453108K->453108K(1629864K), 1.2468814 secs] 685488K->453108K(4461032K), [Metaspace: 5165K->5165K(5324K/110592K)], 1.2470262 secs] [Times: user=1.25 sys=0.00, real=1.25 secs] 
2014-01-16T20:18:14.844+0100: 761.582: [Full GC (System.gc()) 761.582: [CMS: 453108K->453108K(1629864K), 1.2534031 secs] 861147K->453108K(4461032K), [Metaspace: 5165K->5165K(5324K/110592K)], 1.2535223 secs] [Times: user=1.26 sys=0.00, real=1.25 secs] 
Heap
 par new generation   total 2831168K, used 307375K [0x0000000680000000, 0x0000000740000000, 0x0000000740000000)
  eden space 2516608K,  12% used [0x0000000680000000, 0x0000000692c2bc38, 0x00000007199a0000)
  from space 314560K,   0% used [0x000000072ccd0000, 0x000000072ccd0000, 0x0000000740000000)
  to   space 314560K,   0% used [0x00000007199a0000, 0x00000007199a0000, 0x000000072ccd0000)
 concurrent mark-sweep generation total 1629864K, used 453108K [0x0000000740000000, 0x00000007a37aa000, 0x0000000800000000)
 Metaspace total 5328K, used 5180K, reserved 110592K
  data space     4712K, used 4606K, reserved 8192K
  class space    616K, used 574K, reserved 102400K
