2014-02-02T02:33:21.162+0100: 7,713: [Full GC (System) 7,713: [CMS: 0K->862353K(1048576K), 1,9148930 secs] 1940418K->862353K(3879744K), [CMS Perm : 5398K->5396K(21248K)], 1,9155490 secs] [Times: user=1,66 sys=0,25, real=1,91 secs] 
2014-02-02T02:33:24.194+0100: 10,745: [Full GC (System) 10,745: [CMS: 862353K->862994K(1437260K), 1,7345950 secs] 1695623K->862994K(4268428K), [CMS Perm : 5398K->5398K(21248K)], 1,7348040 secs] [Times: user=1,73 sys=0,00, real=1,73 secs] 
2014-02-02T02:33:26.945+0100: 13,496: [Full GC (System) 13,496: [CMS: 862994K->862994K(1438328K), 1,7585920 secs] 1696262K->862994K(4269496K), [CMS Perm : 5398K->5398K(21248K)], 1,7586550 secs] [Times: user=1,75 sys=0,00, real=1,76 secs] 
2014-02-02T02:33:29.716+0100: 16,267: [Full GC (System) 16,267: [CMS: 862994K->862994K(1438328K), 1,7272190 secs] 1645929K->862994K(4269496K), [CMS Perm : 5398K->5398K(21248K)], 1,7272830 secs] [Times: user=1,72 sys=0,00, real=1,73 secs] 
2014-02-02T02:33:32.429+0100: 18,980: [Full GC (System) 18,980: [CMS: 862994K->862994K(1438328K), 1,7191100 secs] 1645929K->862994K(4269496K), [CMS Perm : 5398K->5398K(21248K)], 1,7191710 secs] [Times: user=1,72 sys=0,00, real=1,72 secs] 
2014-02-02T02:33:35.816+0100: 22,367: [Full GC (System) 22,367: [CMS: 862994K->863049K(1438328K), 1,7376310 secs] 1697567K->863049K(4269496K), [CMS Perm : 5468K->5468K(21248K)], 1,7378340 secs] [Times: user=1,74 sys=0,00, real=1,74 secs] 
2014-02-02T02:33:40.225+0100: 26,776: [Full GC (System) 26,776: [CMS: 863049K->863041K(1438520K), 1,7267250 secs] 1645985K->863041K(4269688K), [CMS Perm : 5519K->5519K(21248K)], 1,7267840 secs] [Times: user=1,72 sys=0,00, real=1,72 secs] 
2014-02-02T02:33:43.614+0100: 30,165: [Full GC (System) 30,165: [CMS: 863041K->863005K(1438520K), 1,7311710 secs] 1645976K->863005K(4269688K), [CMS Perm : 5519K->5519K(21248K)], 1,7312340 secs] [Times: user=1,74 sys=0,00, real=1,73 secs] 
2014-02-02T02:33:46.360+0100: 32,911: [Full GC (System) 32,911: [CMS: 863005K->863012K(1438520K), 1,7205250 secs] 1645941K->863012K(4269688K), [CMS Perm : 5530K->5530K(21248K)], 1,7205960 secs] [Times: user=1,72 sys=0,00, real=1,72 secs] 
2014-02-02T02:33:49.092+0100: 35,643: [Full GC (System) 35,643: [CMS: 863012K->863006K(1438520K), 1,7357960 secs] 1645947K->863006K(4269688K), [CMS Perm : 5530K->5530K(21248K)], 1,7358590 secs] [Times: user=1,73 sys=0,00, real=1,73 secs] 
2014-02-02T02:33:53.502+0100: 40,053: [Full GC (System) 40,053: [CMS: 863006K->863006K(1438520K), 1,4861340 secs] 1645941K->863006K(4269688K), [CMS Perm : 5533K->5533K(21248K)], 1,4862110 secs] [Times: user=1,48 sys=0,00, real=1,48 secs] 
2014-02-02T02:33:57.660+0100: 44,210: [Full GC (System) 44,211: [CMS: 863006K->863006K(1438520K), 1,7346510 secs] 1645941K->863006K(4269688K), [CMS Perm : 5533K->5533K(21248K)], 1,7347210 secs] [Times: user=1,73 sys=0,00, real=1,74 secs] 
2014-02-02T02:34:02.065+0100: 48,616: [Full GC (System) 48,616: [CMS: 863006K->863006K(1438520K), 1,7361990 secs] 1645941K->863006K(4269688K), [CMS Perm : 5533K->5533K(21248K)], 1,7362640 secs] [Times: user=1,73 sys=0,00, real=1,73 secs] 
2014-02-02T02:34:06.461+0100: 53,012: [Full GC (System) 53,012: [CMS: 863006K->863006K(1438520K), 1,7253420 secs] 1645941K->863006K(4269688K), [CMS Perm : 5533K->5533K(21248K)], 1,7254060 secs] [Times: user=1,72 sys=0,00, real=1,73 secs] 
2014-02-02T02:34:10.844+0100: 57,395: [Full GC (System) 57,395: [CMS: 863006K->863006K(1438520K), 1,7331420 secs] 1645941K->863006K(4269688K), [CMS Perm : 5533K->5533K(21248K)], 1,7499620 secs] [Times: user=1,73 sys=0,00, real=1,75 secs] 
2014-02-02T02:34:15.257+0100: 61,808: [Full GC (System) 61,808: [CMS: 863006K->863006K(1438520K), 1,7320530 secs] 1645941K->863006K(4269688K), [CMS Perm : 5534K->5534K(21248K)], 1,7321190 secs] [Times: user=1,73 sys=0,00, real=1,73 secs] 
2014-02-02T02:34:19.658+0100: 66,209: [Full GC (System) 66,209: [CMS: 863006K->863006K(1438520K), 1,7367380 secs] 1645941K->863006K(4269688K), [CMS Perm : 5534K->5534K(21248K)], 1,7368050 secs] [Times: user=1,73 sys=0,00, real=1,73 secs] 
2014-02-02T02:34:24.052+0100: 70,603: [Full GC (System) 70,603: [CMS: 863006K->863006K(1438520K), 1,7363110 secs] 1645941K->863006K(4269688K), [CMS Perm : 5534K->5534K(21248K)], 1,7363710 secs] [Times: user=1,74 sys=0,00, real=1,73 secs] 
2014-02-02T02:34:28.446+0100: 74,997: [Full GC (System) 74,997: [CMS: 863006K->863006K(1438520K), 1,7260490 secs] 1645941K->863006K(4269688K), [CMS Perm : 5534K->5534K(21248K)], 1,7261220 secs] [Times: user=1,73 sys=0,00, real=1,73 secs] 
2014-02-02T02:34:32.827+0100: 79,378: [Full GC (System) 79,378: [CMS: 863006K->863006K(1438520K), 1,7272040 secs] 1645941K->863006K(4269688K), [CMS Perm : 5534K->5534K(21248K)], 1,7272690 secs] [Times: user=1,72 sys=0,00, real=1,73 secs] 
2014-02-02T02:34:37.211+0100: 83,762: [Full GC (System) 83,762: [CMS: 863006K->863006K(1438520K), 1,7325300 secs] 1645941K->863006K(4269688K), [CMS Perm : 5534K->5534K(21248K)], 1,7325910 secs] [Times: user=1,74 sys=0,00, real=1,73 secs] 
2014-02-02T02:34:41.600+0100: 88,151: [Full GC (System) 88,151: [CMS: 863006K->863006K(1438520K), 1,7355110 secs] 1645941K->863006K(4269688K), [CMS Perm : 5534K->5534K(21248K)], 1,7355750 secs] [Times: user=1,73 sys=0,00, real=1,73 secs] 
2014-02-02T02:35:45.540+0100: 152,091: [Full GC (System) 152,091: [CMS: 863006K->863020K(1438520K), 1,7985530 secs] 3024397K->863020K(4269688K), [CMS Perm : 5620K->5620K(21248K)], 1,7986110 secs] [Times: user=1,79 sys=0,00, real=1,80 secs] 
2014-02-02T02:35:53.838+0100: 160,389: [Full GC (System) 160,389: [CMS: 863020K->1438519K(1438520K), 4,0115040 secs] 2201836K->1780693K(4269688K), [CMS Perm : 6018K->6017K(21248K)], 4,0133020 secs] [Times: user=3,83 sys=0,19, real=4,01 secs] 
2014-02-02T02:36:03.965+0100: 170,516: [Full GC (System) 170,516: [CMS: 1438519K->1780593K(2397536K), 4,2889650 secs] 3163454K->1780593K(5228704K), [CMS Perm : 6147K->6147K(21248K)], 4,2901790 secs] [Times: user=4,20 sys=0,09, real=4,29 secs] 
2014-02-02T02:36:11.563+0100: 178,113: [GC 178,113: [ParNew: 2516608K->314559K(2831168K), 7,7697250 secs] 4297201K->2925397K(5798828K), 7,7698270 secs] [Times: user=40,14 sys=2,91, real=7,76 secs] 
2014-02-02T02:36:19.333+0100: 185,884: [GC [1 CMS-initial-mark: 2610837K(2967660K)] 2957524K(5798828K), 0,4510720 secs] [Times: user=0,45 sys=0,00, real=0,46 secs] 
2014-02-02T02:36:19.784+0100: 186,335: [CMS-concurrent-mark-start]
2014-02-02T02:36:21.657+0100: 188,208: [CMS-concurrent-mark: 1,869/1,873 secs] [Times: user=29,77 sys=0,01, real=1,87 secs] 
2014-02-02T02:36:21.657+0100: 188,208: [CMS-concurrent-preclean-start]
2014-02-02T02:36:22.345+0100: 188,896: [CMS-concurrent-preclean: 0,686/0,688 secs] [Times: user=10,98 sys=0,00, real=0,69 secs] 
2014-02-02T02:36:22.345+0100: 188,896: [CMS-concurrent-abortable-preclean-start]
2014-02-02T02:36:24.517+0100: 191,068: [Full GC (System) 191,075: [CMS2014-02-02T02:36:24.840+0100: 191,391: [CMS-concurrent-abortable-preclean: 2,486/2,495 secs] [Times: user=24,41 sys=10,44, real=2,49 secs] 
 (concurrent mode interrupted): 2610837K->863083K(2967660K), 2,8880690 secs] 5334861K->863083K(5798828K), [CMS Perm : 6184K->6184K(21248K)], 2,8881410 secs] [Times: user=2,88 sys=0,00, real=2,90 secs] 
2014-02-02T02:36:31.316+0100: 197,867: [GC 197,867: [ParNew: 2516608K->314560K(2831168K), 1,9330750 secs] 3379691K->2006986K(5798828K), 1,9331530 secs] [Times: user=22,93 sys=0,17, real=1,93 secs] 
2014-02-02T02:36:36.482+0100: 203,033: [Full GC (System) 203,041: [CMS: 1692426K->863086K(2967660K), 1,9129390 secs] 3832123K->863086K(5798828K), [CMS Perm : 6192K->6192K(21248K)], 1,9130060 secs] [Times: user=1,90 sys=0,01, real=1,92 secs] 
2014-02-02T02:37:08.539+0100: 235,090: [Full GC (System) 235,090: [CMS: 863086K->863089K(2967660K), 1,9232270 secs] 1576612K->863089K(5798828K), [CMS Perm : 6244K->6244K(21248K)], 1,9232910 secs] [Times: user=1,92 sys=0,00, real=1,92 secs] 
2014-02-02T02:37:41.099+0100: 267,650: [Full GC (System) 267,650: [CMS: 863089K->866052K(2967660K), 1,8760520 secs] 1559028K->866052K(5798828K), [CMS Perm : 6263K->6263K(21248K)], 1,8761170 secs] [Times: user=1,87 sys=0,00, real=1,87 secs] 
2014-02-02T02:38:03.297+0100: 289,847: [Full GC (System) 289,848: [CMS: 866052K->863093K(2967660K), 1,7922280 secs] 1654296K->863093K(5798828K), [CMS Perm : 6280K->6280K(21248K)], 1,7922870 secs] [Times: user=1,80 sys=0,00, real=1,79 secs] 
2014-02-02T02:38:25.612+0100: 312,163: [Full GC (System) 312,163: [CMS: 863093K->865069K(2967660K), 2,1286320 secs] 1567901K->865069K(5798828K), [CMS Perm : 6285K->6285K(21248K)], 2,1286980 secs] [Times: user=2,12 sys=0,00, real=2,13 secs] 
2014-02-02T02:38:35.252+0100: 321,803: [Full GC (System) 321,803: [CMS: 865069K->863097K(2967660K), 1,9563990 secs] 1556392K->863097K(5798828K), [CMS Perm : 6303K->6303K(21248K)], 1,9564620 secs] [Times: user=1,96 sys=0,00, real=1,96 secs] 
2014-02-02T02:38:45.128+0100: 331,679: [Full GC (System) 331,679: [CMS: 863097K->863101K(2967660K), 1,8469960 secs] 1580848K->863101K(5798828K), [CMS Perm : 6306K->6306K(21248K)], 1,8470650 secs] [Times: user=1,84 sys=0,00, real=1,85 secs] 
2014-02-02T02:38:48.714+0100: 335,265: [GC 335,265: [ParNew: 2516608K->314560K(2831168K), 1,8273660 secs] 3379709K->1988446K(5798828K), 1,8274300 secs] [Times: user=21,72 sys=0,03, real=1,82 secs] 
2014-02-02T02:38:51.929+0100: 338,480: [GC 338,480: [ParNew: 2831168K->0K(2831168K), 0,8207990 secs] 4505054K->1988445K(5798828K), 0,8208640 secs] [Times: user=10,06 sys=0,00, real=0,82 secs] 
2014-02-02T02:38:52.751+0100: 339,301: [GC [1 CMS-initial-mark: 1988445K(2967660K)] 2035455K(5798828K), 0,0002940 secs] [Times: user=0,00 sys=0,00, real=0,02 secs] 
2014-02-02T02:38:52.774+0100: 339,325: [CMS-concurrent-mark-start]
2014-02-02T02:38:54.008+0100: 340,559: [GC 340,559: [ParNew: 2516608K->0K(2831168K), 0,0058240 secs] 4505053K->1988445K(5798828K), 0,0058830 secs] [Times: user=0,07 sys=0,00, real=0,01 secs] 
2014-02-02T02:38:55.180+0100: 341,731: [GC 341,731: [ParNew: 2516608K->0K(2831168K), 0,0060940 secs] 4505053K->1988445K(5798828K), 0,0061530 secs] [Times: user=0,07 sys=0,00, real=0,01 secs] 
2014-02-02T02:38:56.357+0100: 342,908: [GC 342,908: [ParNew: 2516608K->0K(2831168K), 0,0060900 secs] 4505053K->1988445K(5798828K), 0,0061450 secs] [Times: user=0,07 sys=0,00, real=0,01 secs] 
2014-02-02T02:38:57.535+0100: 344,086: [GC 344,086: [ParNew: 2516608K->54K(2831168K), 0,0061130 secs] 4505053K->1988500K(5798828K), 0,0061680 secs] [Times: user=0,07 sys=0,01, real=0,00 secs] 
2014-02-02T02:38:58.710+0100: 345,261: [GC 345,261: [ParNew: 2516662K->0K(2831168K), 0,0061620 secs] 4505108K->1988445K(5798828K), 0,0062210 secs] [Times: user=0,08 sys=0,00, real=0,01 secs] 
2014-02-02T02:38:59.882+0100: 346,433: [GC 346,433: [ParNew: 2516608K->0K(2831168K), 0,0059660 secs] 4505053K->1988445K(5798828K), 0,0060240 secs] [Times: user=0,07 sys=0,00, real=0,00 secs] 
2014-02-02T02:39:01.054+0100: 347,605: [GC 347,605: [ParNew: 2516608K->0K(2831168K), 0,0063860 secs] 4505053K->1988445K(5798828K), 0,0064470 secs] [Times: user=0,08 sys=0,00, real=0,00 secs] 
2014-02-02T02:39:02.232+0100: 348,783: [GC 348,783: [ParNew: 2516608K->0K(2831168K), 0,0060470 secs] 4505053K->1988445K(5798828K), 0,0061050 secs] [Times: user=0,07 sys=0,00, real=0,01 secs] 
2014-02-02T02:39:03.404+0100: 349,955: [GC 349,955: [ParNew: 2516608K->0K(2831168K), 0,0059470 secs] 4505053K->1988445K(5798828K), 0,0170480 secs] [Times: user=0,07 sys=0,00, real=0,01 secs] 
2014-02-02T02:39:04.597+0100: 351,148: [GC 351,148: [ParNew: 2516608K->0K(2831168K), 0,0064170 secs] 4505053K->1988445K(5798828K), 0,0064730 secs] [Times: user=0,07 sys=0,00, real=0,01 secs] 
2014-02-02T02:39:05.777+0100: 352,327: [GC 352,327: [ParNew: 2516608K->0K(2831168K), 0,0058550 secs] 4505053K->1988445K(5798828K), 0,0059140 secs] [Times: user=0,07 sys=0,00, real=0,01 secs] 
2014-02-02T02:39:06.959+0100: 353,509: [GC 353,509: [ParNew: 2516608K->0K(2831168K), 0,0062000 secs] 4505053K->1988445K(5798828K), 0,0062560 secs] [Times: user=0,07 sys=0,01, real=0,01 secs] 
2014-02-02T02:39:08.131+0100: 354,682: [GC 354,682: [ParNew: 2516608K->0K(2831168K), 0,0057790 secs] 4505053K->1988445K(5798828K), 0,0058360 secs] [Times: user=0,07 sys=0,00, real=0,00 secs] 
2014-02-02T02:39:09.305+0100: 355,856: [GC 355,856: [ParNew: 2516608K->0K(2831168K), 0,0061660 secs] 4505053K->1988445K(5798828K), 0,0062410 secs] [Times: user=0,07 sys=0,00, real=0,01 secs] 
2014-02-02T02:39:10.477+0100: 357,028: [GC 357,028: [ParNew: 2516608K->0K(2831168K), 0,0059120 secs] 4505053K->1988445K(5798828K), 0,0059660 secs] [Times: user=0,07 sys=0,00, real=0,01 secs] 
2014-02-02T02:39:10.789+0100: 357,340: [CMS-concurrent-mark: 17,908/18,015 secs] [Times: user=103,45 sys=1,88, real=18,01 secs] 
2014-02-02T02:39:10.789+0100: 357,340: [CMS-concurrent-preclean-start]
2014-02-02T02:39:11.258+0100: 357,808: [CMS-concurrent-preclean: 0,469/0,469 secs] [Times: user=1,41 sys=0,00, real=0,47 secs] 
2014-02-02T02:39:11.258+0100: 357,809: [CMS-concurrent-abortable-preclean-start]
2014-02-02T02:39:11.670+0100: 358,221: [GC 358,221: [ParNew: 2516608K->0K(2831168K), 0,0058620 secs] 4505053K->1988445K(5798828K), 0,0059250 secs] [Times: user=0,07 sys=0,00, real=0,00 secs] 
2014-02-02T02:39:12.223+0100: 358,773: [CMS-concurrent-abortable-preclean: 0,958/0,965 secs] [Times: user=2,94 sys=0,00, real=0,97 secs] 
2014-02-02T02:39:12.223+0100: 358,774: [GC[YG occupancy: 1259536 K (2831168 K)]2014-02-02T02:39:12.223+0100: 358,774: [GC 358,774: [ParNew: 1259536K->0K(2831168K), 0,0054580 secs] 3247982K->1988445K(5798828K), 0,0055210 secs] [Times: user=0,06 sys=0,00, real=0,00 secs] 
358,779: [Rescan (parallel) , 0,0029030 secs]358,782: [weak refs processing, 0,0000150 secs]358,782: [scrub string table, 0,0000500 secs] [1 CMS-remark: 1988445K(2967660K)] 1988445K(5798828K), 0,0086520 secs] [Times: user=0,09 sys=0,00, real=0,01 secs] 
2014-02-02T02:39:12.232+0100: 358,783: [CMS-concurrent-sweep-start]
2014-02-02T02:39:13.022+0100: 359,573: [CMS-concurrent-sweep: 0,790/0,790 secs] [Times: user=2,37 sys=0,00, real=0,79 secs] 
2014-02-02T02:39:13.023+0100: 359,573: [CMS-concurrent-reset-start]
2014-02-02T02:39:13.037+0100: 359,587: [CMS-concurrent-reset: 0,014/0,014 secs] [Times: user=0,04 sys=0,00, real=0,01 secs] 
2014-02-02T02:39:13.355+0100: 359,906: [GC 359,906: [ParNew: 2516608K->0K(2831168K), 0,0060950 secs] 4505043K->1988435K(6145228K), 0,0061580 secs] [Times: user=0,07 sys=0,00, real=0,00 secs] 
2014-02-02T02:39:14.492+0100: 361,043: [GC 361,043: [ParNew: 2516608K->0K(2831168K), 0,0064590 secs] 4505043K->1988435K(6145228K), 0,0110810 secs] [Times: user=0,08 sys=0,00, real=0,01 secs] 
2014-02-02T02:39:15.622+0100: 362,173: [GC 362,173: [ParNew: 2516608K->0K(2831168K), 0,0065830 secs] 4505043K->1988435K(6145228K), 0,0066410 secs] [Times: user=0,07 sys=0,00, real=0,00 secs] 
2014-02-02T02:39:16.749+0100: 363,300: [GC 363,300: [ParNew: 2516608K->0K(2831168K), 0,0075480 secs] 4505043K->1988435K(6145228K), 0,0075990 secs] [Times: user=0,07 sys=0,00, real=0,01 secs] 
2014-02-02T02:39:17.876+0100: 364,426: [GC 364,426: [ParNew: 2516608K->0K(2831168K), 0,0071270 secs] 4505043K->1988435K(6145228K), 0,0071830 secs] [Times: user=0,08 sys=0,00, real=0,01 secs] 
2014-02-02T02:39:19.007+0100: 365,558: [GC 365,558: [ParNew: 2516608K->0K(2831168K), 0,0071780 secs] 4505043K->1988435K(6145228K), 0,0072350 secs] [Times: user=0,08 sys=0,00, real=0,01 secs] 
2014-02-02T02:39:20.141+0100: 366,692: [GC 366,692: [ParNew: 2516608K->0K(2831168K), 0,0071040 secs] 4505043K->1988435K(6145228K), 0,0071720 secs] [Times: user=0,08 sys=0,00, real=0,01 secs] 
2014-02-02T02:39:21.277+0100: 367,828: [GC 367,828: [ParNew: 2516608K->0K(2831168K), 0,0070900 secs] 4505043K->1988435K(6145228K), 0,0071450 secs] [Times: user=0,08 sys=0,00, real=0,01 secs] 
2014-02-02T02:39:22.413+0100: 368,964: [GC 368,964: [ParNew: 2516608K->0K(2831168K), 0,0073080 secs] 4505043K->1988435K(6145228K), 0,0073730 secs] [Times: user=0,08 sys=0,00, real=0,00 secs] 
2014-02-02T02:39:23.545+0100: 370,095: [GC 370,095: [ParNew: 2516608K->0K(2831168K), 0,0066230 secs] 4505043K->1988435K(6145228K), 0,0066790 secs] [Times: user=0,08 sys=0,00, real=0,01 secs] 
2014-02-02T02:39:24.681+0100: 371,232: [GC 371,232: [ParNew: 2516608K->0K(2831168K), 0,0075050 secs] 4505043K->1988435K(6145228K), 0,0075600 secs] [Times: user=0,09 sys=0,00, real=0,01 secs] 
2014-02-02T02:39:26.045+0100: 372,596: [GC 372,596: [ParNew: 2516608K->0K(2831168K), 0,0079260 secs] 4505043K->1988435K(6145228K), 0,0079910 secs] [Times: user=0,09 sys=0,00, real=0,01 secs] 
2014-02-02T02:39:27.408+0100: 373,959: [GC 373,959: [ParNew: 2516608K->0K(2831168K), 0,0071110 secs] 4505043K->1988435K(6145228K), 0,0071680 secs] [Times: user=0,09 sys=0,00, real=0,01 secs] 
2014-02-02T02:39:28.113+0100: 374,664: [Full GC (System) 374,664: [CMS: 1988435K->863092K(3314060K), 2,2546660 secs] 3052501K->863092K(6145228K), [CMS Perm : 6306K->6306K(21248K)], 2,2547220 secs] [Times: user=2,26 sys=0,00, real=2,25 secs] 
2014-02-02T02:39:32.326+0100: 378,877: [GC 378,877: [ParNew: 2516608K->314558K(2831168K), 1,9491470 secs] 3379700K->1992266K(6145228K), 1,9492080 secs] [Times: user=22,38 sys=0,00, real=1,95 secs] 
2014-02-02T02:39:35.731+0100: 382,282: [GC 382,282: [ParNew: 2831166K->0K(2831168K), 0,8868610 secs] 4508874K->1989415K(6145228K), 0,8869220 secs] [Times: user=10,89 sys=0,00, real=0,89 secs] 
2014-02-02T02:39:37.997+0100: 384,548: [GC 384,548: [ParNew: 2516608K->0K(2831168K), 0,0069010 secs] 4506023K->1989415K(6145228K), 0,0069650 secs] [Times: user=0,08 sys=0,00, real=0,01 secs] 
2014-02-02T02:39:39.131+0100: 385,682: [GC 385,682: [ParNew: 2516608K->0K(2831168K), 0,0071790 secs] 4506023K->1989415K(6145228K), 0,0072470 secs] [Times: user=0,07 sys=0,00, real=0,01 secs] 
2014-02-02T02:39:40.498+0100: 387,049: [GC 387,049: [ParNew: 2516608K->0K(2831168K), 0,0069970 secs] 4506023K->1989415K(6145228K), 0,0070520 secs] [Times: user=0,09 sys=0,00, real=0,00 secs] 
2014-02-02T02:39:41.862+0100: 388,413: [GC 388,413: [ParNew: 2516608K->0K(2831168K), 0,0103900 secs] 4506023K->1989415K(6145228K), 0,0104550 secs] [Times: user=0,11 sys=0,00, real=0,01 secs] 
2014-02-02T02:39:43.230+0100: 389,781: [GC 389,781: [ParNew: 2516608K->0K(2831168K), 0,0093110 secs] 4506023K->1989415K(6145228K), 0,0093640 secs] [Times: user=0,07 sys=0,00, real=0,01 secs] 
2014-02-02T02:39:44.597+0100: 391,148: [GC 391,148: [ParNew: 2516608K->0K(2831168K), 0,0072290 secs] 4506023K->1989415K(6145228K), 0,0072850 secs] [Times: user=0,08 sys=0,00, real=0,01 secs] 
2014-02-02T02:39:45.953+0100: 392,504: [GC 392,504: [ParNew: 2516608K->0K(2831168K), 0,0075540 secs] 4506023K->1989415K(6145228K), 0,0076110 secs] [Times: user=0,09 sys=0,00, real=0,01 secs] 
2014-02-02T02:39:47.320+0100: 393,871: [GC 393,871: [ParNew: 2516608K->0K(2831168K), 0,0071270 secs] 4506023K->1989415K(6145228K), 0,0072020 secs] [Times: user=0,08 sys=0,00, real=0,00 secs] 
2014-02-02T02:39:48.710+0100: 395,261: [GC 395,261: [ParNew: 2516608K->0K(2831168K), 0,0078170 secs] 4506023K->1989415K(6145228K), 0,0104380 secs] [Times: user=0,08 sys=0,00, real=0,01 secs] 
2014-02-02T02:39:50.073+0100: 396,623: [GC 396,624: [ParNew: 2516608K->0K(2831168K), 0,0065150 secs] 4506023K->1989415K(6145228K), 0,0065730 secs] [Times: user=0,08 sys=0,00, real=0,01 secs] 
2014-02-02T02:39:51.205+0100: 397,756: [GC 397,756: [ParNew: 2516608K->0K(2831168K), 0,0070650 secs] 4506023K->1989415K(6145228K), 0,0071350 secs] [Times: user=0,07 sys=0,00, real=0,01 secs] 
2014-02-02T02:39:52.336+0100: 398,887: [GC 398,887: [ParNew: 2516608K->0K(2831168K), 0,0070050 secs] 4506023K->1989415K(6145228K), 0,0070750 secs] [Times: user=0,08 sys=0,00, real=0,01 secs] 
2014-02-02T02:39:53.470+0100: 400,021: [GC 400,021: [ParNew: 2516608K->0K(2831168K), 0,0066320 secs] 4506023K->1989415K(6145228K), 0,0066930 secs] [Times: user=0,07 sys=0,00, real=0,00 secs] 
2014-02-02T02:39:54.825+0100: 401,376: [GC 401,376: [ParNew: 2516608K->0K(2831168K), 0,0070140 secs] 4506023K->1989415K(6145228K), 0,0070860 secs] [Times: user=0,08 sys=0,00, real=0,01 secs] 
2014-02-02T02:39:55.951+0100: 402,502: [GC 402,502: [ParNew: 2516608K->0K(2831168K), 0,0066030 secs] 4506023K->1989415K(6145228K), 0,0066620 secs] [Times: user=0,07 sys=0,00, real=0,00 secs] 
2014-02-02T02:39:57.084+0100: 403,634: [GC 403,635: [ParNew: 2516608K->0K(2831168K), 0,0066520 secs] 4506023K->1989415K(6145228K), 0,0067240 secs] [Times: user=0,07 sys=0,00, real=0,01 secs] 
2014-02-02T02:39:58.219+0100: 404,770: [GC 404,770: [ParNew: 2516608K->0K(2831168K), 0,0061020 secs] 4506023K->1989415K(6145228K), 0,0061620 secs] [Times: user=0,08 sys=0,00, real=0,00 secs] 
2014-02-02T02:39:59.351+0100: 405,902: [GC 405,902: [ParNew: 2516608K->0K(2831168K), 0,0074130 secs] 4506023K->1989415K(6145228K), 0,0074840 secs] [Times: user=0,08 sys=0,00, real=0,01 secs] 
2014-02-02T02:40:00.717+0100: 407,268: [GC 407,268: [ParNew: 2516608K->0K(2831168K), 0,0071690 secs] 4506023K->1989415K(6145228K), 0,0072380 secs] [Times: user=0,08 sys=0,00, real=0,01 secs] 
2014-02-02T02:40:01.851+0100: 408,402: [GC 408,402: [ParNew: 2516608K->0K(2831168K), 0,0064040 secs] 4506023K->1989415K(6145228K), 0,0064610 secs] [Times: user=0,08 sys=0,00, real=0,00 secs] 
2014-02-02T02:40:02.984+0100: 409,535: [GC 409,535: [ParNew: 2516608K->0K(2831168K), 0,0069980 secs] 4506023K->1989415K(6145228K), 0,0070680 secs] [Times: user=0,09 sys=0,00, real=0,01 secs] 
2014-02-02T02:40:04.119+0100: 410,670: [GC 410,670: [ParNew: 2516608K->0K(2831168K), 0,0065030 secs] 4506023K->1989415K(6145228K), 0,0065730 secs] [Times: user=0,07 sys=0,00, real=0,00 secs] 
2014-02-02T02:40:05.486+0100: 412,036: [GC 412,036: [ParNew: 2516608K->0K(2831168K), 0,0075880 secs] 4506023K->1989415K(6145228K), 0,0076570 secs] [Times: user=0,08 sys=0,00, real=0,01 secs] 
2014-02-02T02:40:06.622+0100: 413,173: [GC 413,173: [ParNew: 2516608K->0K(2831168K), 0,0065030 secs] 4506023K->1989415K(6145228K), 0,0065590 secs] [Times: user=0,08 sys=0,00, real=0,00 secs] 
2014-02-02T02:40:07.976+0100: 414,527: [GC 414,527: [ParNew: 2516608K->0K(2831168K), 0,0069170 secs] 4506023K->1989415K(6145228K), 0,0069830 secs] [Times: user=0,09 sys=0,00, real=0,01 secs] 
2014-02-02T02:40:09.109+0100: 415,660: [GC 415,660: [ParNew: 2516608K->0K(2831168K), 0,0065500 secs] 4506023K->1989415K(6145228K), 0,0066520 secs] [Times: user=0,08 sys=0,00, real=0,00 secs] 
2014-02-02T02:40:10.473+0100: 417,024: [GC 417,024: [ParNew: 2516608K->0K(2831168K), 0,0071610 secs] 4506023K->1989415K(6145228K), 0,0072270 secs] [Times: user=0,08 sys=0,00, real=0,01 secs] 
2014-02-02T02:40:11.832+0100: 418,383: [GC 418,383: [ParNew: 2516608K->0K(2831168K), 0,0071920 secs] 4506023K->1989415K(6145228K), 0,0072580 secs] [Times: user=0,08 sys=0,00, real=0,01 secs] 
2014-02-02T02:40:13.186+0100: 419,737: [GC 419,737: [ParNew: 2516608K->0K(2831168K), 0,0072700 secs] 4506023K->1989415K(6145228K), 0,0073380 secs] [Times: user=0,08 sys=0,00, real=0,00 secs] 
2014-02-02T02:40:14.542+0100: 421,093: [GC 421,093: [ParNew: 2516608K->0K(2831168K), 0,0063000 secs] 4506023K->1989415K(6145228K), 0,0063620 secs] [Times: user=0,08 sys=0,00, real=0,01 secs] 
2014-02-02T02:40:14.561+0100: 421,111: [Full GC (System) 421,111: [CMS: 1989415K->863092K(3314060K), 1,9523080 secs] 2065421K->863092K(6145228K), [CMS Perm : 6307K->6307K(21248K)], 1,9523610 secs] [Times: user=1,96 sys=0,00, real=1,95 secs] 
2014-02-02T02:40:22.313+0100: 428,863: [Full GC (System) 428,863: [CMS: 863092K->872604K(3314060K), 1,5600260 secs] 1718746K->872604K(6145228K), [CMS Perm : 6313K->6313K(21248K)], 1,5601000 secs] [Times: user=1,56 sys=0,00, real=1,56 secs] 
2014-02-02T02:40:29.578+0100: 436,129: [Full GC (System) 436,129: [CMS: 872604K->870279K(3314060K), 1,5540200 secs] 1208157K->870279K(6145228K), [CMS Perm : 6323K->6323K(21248K)], 1,5540800 secs] [Times: user=1,55 sys=0,00, real=1,55 secs] 
2014-02-02T02:40:37.147+0100: 443,698: [Full GC (System) 443,698: [CMS: 870279K->863101K(3314060K), 1,6539120 secs] 1675628K->863101K(6145228K), [CMS Perm : 6360K->6360K(21248K)], 1,6539740 secs] [Times: user=1,65 sys=0,00, real=1,65 secs] 
2014-02-02T02:40:45.613+0100: 452,164: [Full GC (System) 452,164: [CMS: 863101K->863104K(3314060K), 1,7148200 secs] 1574468K->863104K(6145228K), [CMS Perm : 6363K->6363K(21248K)], 1,7149020 secs] [Times: user=1,72 sys=0,00, real=1,72 secs] 
2014-02-02T02:40:52.840+0100: 459,391: [Full GC (System) 459,391: [CMS: 863104K->945975K(3314060K), 1,7628510 secs] 1535938K->945975K(6145228K), [CMS Perm : 6373K->6373K(21248K)], 1,7629200 secs] [Times: user=1,74 sys=0,00, real=1,76 secs] 
2014-02-02T02:40:59.814+0100: 466,365: [Full GC (System) 466,365: [CMS: 945975K->940746K(3314060K), 1,7283710 secs] 1563390K->940746K(6145228K), [CMS Perm : 6376K->6376K(21248K)], 1,7284410 secs] [Times: user=1,73 sys=0,00, real=1,72 secs] 
2014-02-02T02:41:37.201+0100: 503,752: [Full GC (System) 503,752: [CMS: 940746K->863104K(3314060K), 1,7968490 secs] 1612408K->863104K(6145228K), [CMS Perm : 6406K->6406K(21248K)], 1,7969120 secs] [Times: user=1,80 sys=0,00, real=1,80 secs] 
2014-02-02T02:42:16.058+0100: 542,609: [Full GC (System) 542,609: [CMS: 863104K->863102K(3314060K), 1,7814730 secs] 1405859K->863102K(6145228K), [CMS Perm : 6409K->6409K(21248K)], 1,7815330 secs] [Times: user=1,78 sys=0,00, real=1,78 secs] 
2014-02-02T02:42:26.354+0100: 552,905: [Full GC (System) 552,905: [CMS: 863102K->863107K(3314060K), 1,6649890 secs] 1508106K->863107K(6145228K), [CMS Perm : 6411K->6411K(21248K)], 1,6650540 secs] [Times: user=1,67 sys=0,00, real=1,67 secs] 
2014-02-02T02:42:36.534+0100: 563,085: [Full GC (System) 563,085: [CMS: 863107K->864097K(3314060K), 1,7636150 secs] 1510241K->864097K(6145228K), [CMS Perm : 6413K->6413K(21248K)], 1,7636760 secs] [Times: user=1,76 sys=0,00, real=1,76 secs] 
2014-02-02T02:42:44.908+0100: 571,459: [Full GC (System) 571,459: [CMS: 864097K->863109K(3314060K), 1,7480120 secs] 1482485K->863109K(6145228K), [CMS Perm : 6416K->6416K(21248K)], 1,7480740 secs] [Times: user=1,74 sys=0,00, real=1,75 secs] 
2014-02-02T02:42:53.770+0100: 580,320: [Full GC (System) 580,320: [CMS: 863109K->863112K(3314060K), 2,0825270 secs] 1505689K->863112K(6145228K), [CMS Perm : 6419K->6419K(21248K)], 2,0825940 secs] [Times: user=2,08 sys=0,00, real=2,08 secs] 
2014-02-02T02:43:01.161+0100: 587,712: [Full GC (System) 587,712: [CMS: 863112K->898389K(3314060K), 1,7580390 secs] 1603001K->898389K(6145228K), [CMS Perm : 6422K->6422K(21248K)], 1,7581000 secs] [Times: user=1,76 sys=0,00, real=1,76 secs] 
2014-02-02T02:43:08.431+0100: 594,982: [Full GC (System) 594,982: [CMS: 898389K->893363K(3314060K), 1,5493730 secs] 1567962K->893363K(6145228K), [CMS Perm : 6427K->6427K(21248K)], 1,5494450 secs] [Times: user=1,55 sys=0,00, real=1,55 secs] 
2014-02-02T02:43:16.892+0100: 603,443: [Full GC (System) 603,443: [CMS: 893363K->863113K(3314060K), 1,6806870 secs] 1538700K->863113K(6145228K), [CMS Perm : 6429K->6429K(21248K)], 1,6807410 secs] [Times: user=1,68 sys=0,00, real=1,68 secs] 
2014-02-02T02:43:25.585+0100: 612,136: [Full GC (System) 612,136: [CMS: 863113K->863116K(3314060K), 1,8669230 secs] 1480836K->863116K(6145228K), [CMS Perm : 6433K->6433K(21248K)], 1,8669860 secs] [Times: user=1,87 sys=0,00, real=1,87 secs] 
2014-02-02T02:44:13.800+0100: 660,351: [Full GC (System) 660,351: [CMS: 863116K->944199K(3314060K), 1,7095280 secs] 1285212K->944199K(6145228K), [CMS Perm : 6459K->6458K(21248K)], 1,7095950 secs] [Times: user=1,71 sys=0,00, real=1,71 secs] 
2014-02-02T02:44:59.359+0100: 705,910: [Full GC (System) 705,910: [CMS: 944199K->941242K(3314060K), 1,9353680 secs] 1383043K->941242K(6145228K), [CMS Perm : 6465K->6465K(21248K)], 1,9354350 secs] [Times: user=1,94 sys=0,00, real=1,93 secs] 
2014-02-02T02:46:08.557+0100: 775,108: [Full GC (System) 775,108: [CMS: 941242K->947180K(3314060K), 1,8595530 secs] 1427847K->947180K(6145228K), [CMS Perm : 6470K->6470K(21248K)], 1,8596220 secs] [Times: user=1,85 sys=0,00, real=1,86 secs] 
2014-02-02T02:47:09.979+0100: 836,530: [Full GC (System) 836,530: [CMS: 947180K->941244K(3314060K), 1,6311000 secs] 1438220K->941244K(6145228K), [CMS Perm : 6477K->6477K(21248K)], 1,6311670 secs] [Times: user=1,63 sys=0,00, real=1,64 secs] 
2014-02-02T02:47:50.084+0100: 876,635: [Full GC (System) 876,635: [CMS: 941244K->941238K(3314060K), 1,7790510 secs] 1118360K->941238K(6145228K), [CMS Perm : 6479K->6479K(21248K)], 1,7791170 secs] [Times: user=1,78 sys=0,00, real=1,78 secs] 
2014-02-02T02:48:30.447+0100: 916,998: [Full GC (System) 916,998: [CMS: 941238K->941240K(3314060K), 1,6089270 secs] 1130099K->941240K(6145228K), [CMS Perm : 6481K->6481K(21248K)], 1,6089930 secs] [Times: user=1,60 sys=0,00, real=1,60 secs] 
2014-02-02T02:48:58.890+0100: 945,441: [Full GC (System) 945,441: [CMS: 941240K->941244K(3314060K), 1,6659420 secs] 1345215K->941244K(6145228K), [CMS Perm : 6484K->6484K(21248K)], 1,6660050 secs] [Times: user=1,66 sys=0,01, real=1,67 secs] 
2014-02-02T02:49:26.891+0100: 973,442: [Full GC (System) 973,442: [CMS: 941244K->942234K(3314060K), 1,6700090 secs] 1349414K->942234K(6145228K), [CMS Perm : 6486K->6486K(21248K)], 1,6700760 secs] [Times: user=1,68 sys=0,00, real=1,67 secs] 
2014-02-02T02:49:36.354+0100: 982,905: [Full GC (System) 982,905: [CMS: 942234K->1175621K(3314060K), 1,7857830 secs] 1526058K->1175621K(6145228K), [CMS Perm : 6490K->6490K(21248K)], 1,7858500 secs] [Times: user=1,79 sys=0,00, real=1,78 secs] 
2014-02-02T02:49:46.118+0100: 992,669: [Full GC (System) 992,669: [CMS: 1175621K->1175625K(3314060K), 2,4043850 secs] 1821412K->1175625K(6145228K), [CMS Perm : 6498K->6497K(21248K)], 2,4044560 secs] [Times: user=2,41 sys=0,00, real=2,41 secs] 
2014-02-02T02:49:54.345+0100: 1000,896: [Full GC (System) 1000,896: [CMS: 1175625K->941247K(3314060K), 1,5953410 secs] 1583795K->941247K(6145228K), [CMS Perm : 6500K->6500K(21248K)], 1,5954000 secs] [Times: user=1,59 sys=0,00, real=1,59 secs] 
2014-02-02T02:50:02.066+0100: 1008,617: [Full GC (System) 1008,617: [CMS: 941247K->944222K(3314060K), 1,4420210 secs] 1349417K->944222K(6145228K), [CMS Perm : 6502K->6502K(21248K)], 1,4420850 secs] [Times: user=1,45 sys=0,00, real=1,44 secs] 
2014-02-02T02:50:11.657+0100: 1018,208: [Full GC (System) 1018,208: [CMS: 944222K->1175625K(3314060K), 1,7232630 secs] 1516302K->1175625K(6145228K), [CMS Perm : 6504K->6504K(21248K)], 1,7233240 secs] [Times: user=1,73 sys=0,00, real=1,72 secs] 
2014-02-02T02:50:20.634+0100: 1027,185: [Full GC (System) 1027,185: [CMS: 1175625K->863121K(3314060K), 1,8943590 secs] 2619474K->863121K(6145228K), [CMS Perm : 6510K->6510K(21248K)], 1,8944290 secs] [Times: user=1,89 sys=0,00, real=1,89 secs] 
2014-02-02T02:50:44.064+0100: 1050,615: [Full GC (System) 1050,615: [CMS: 863121K->1780635K(3314060K), 3,7656260 secs] 2411941K->1780635K(6145228K), [CMS Perm : 6540K->6540K(21248K)], 3,7656890 secs] [Times: user=3,77 sys=0,00, real=3,77 secs] 
2014-02-02T02:51:09.350+0100: 1075,900: [Full GC (System) 1075,900: [CMS: 1780635K->1780637K(3314060K), 4,1625620 secs] 3449239K->1780637K(6145228K), [CMS Perm : 6541K->6541K(21248K)], 4,1626310 secs] [Times: user=4,18 sys=0,00, real=4,16 secs] 
2014-02-02T02:51:35.002+0100: 1101,553: [Full GC (System) 1101,553: [CMS: 1780637K->863127K(3314060K), 2,3911180 secs] 3443547K->863127K(6145228K), [CMS Perm : 6543K->6543K(21248K)], 2,3911800 secs] [Times: user=2,40 sys=0,00, real=2,39 secs] 
2014-02-02T02:51:58.941+0100: 1125,492: [Full GC (System) 1125,492: [CMS: 863127K->863129K(3314060K), 2,0772290 secs] 2984496K->863129K(6145228K), [CMS Perm : 6550K->6550K(21248K)], 2,0772940 secs] [Times: user=2,08 sys=0,00, real=2,08 secs] 
2014-02-02T02:52:22.886+0100: 1149,437: [Full GC (System) 1149,437: [CMS: 863129K->863127K(3314060K), 2,0385020 secs] 2133443K->863127K(6145228K), [CMS Perm : 6550K->6550K(21248K)], 2,0385710 secs] [Times: user=2,04 sys=0,00, real=2,04 secs] 
2014-02-02T02:52:46.617+0100: 1173,168: [Full GC (System) 1173,168: [CMS: 863127K->863130K(3314060K), 2,1619090 secs] 2098914K->863130K(6145228K), [CMS Perm : 6550K->6550K(21248K)], 2,1619730 secs] [Times: user=2,16 sys=0,00, real=2,16 secs] 
2014-02-02T02:53:10.553+0100: 1197,104: [Full GC (System) 1197,104: [CMS: 863130K->863128K(3314060K), 2,2054930 secs] 2098917K->863128K(6145228K), [CMS Perm : 6551K->6551K(21248K)], 2,2055650 secs] [Times: user=2,21 sys=0,00, real=2,21 secs] 
2014-02-02T02:53:34.528+0100: 1221,079: [Full GC (System) 1221,079: [CMS: 863128K->863131K(3314060K), 2,2148160 secs] 2501572K->863131K(6145228K), [CMS Perm : 6551K->6551K(21248K)], 2,2148790 secs] [Times: user=2,22 sys=0,00, real=2,21 secs] 
2014-02-02T02:53:58.483+0100: 1245,034: [Full GC (System) 1245,034: [CMS: 863131K->863130K(3314060K), 2,2411720 secs] 2495703K->863130K(6145228K), [CMS Perm : 6552K->6552K(21248K)], 2,2412340 secs] [Times: user=2,25 sys=0,00, real=2,24 secs] 
2014-02-02T02:54:22.440+0100: 1268,991: [Full GC (System) 1268,991: [CMS: 863130K->863132K(3314060K), 2,0757150 secs] 2542155K->863132K(6145228K), [CMS Perm : 6553K->6553K(21248K)], 2,0757790 secs] [Times: user=2,08 sys=0,00, real=2,08 secs] 
2014-02-02T02:54:46.096+0100: 1292,647: [Full GC (System) 1292,647: [CMS: 863132K->863124K(3314060K), 2,2303500 secs] 2195977K->863124K(6145228K), [CMS Perm : 6555K->6554K(21248K)], 2,2304160 secs] [Times: user=2,24 sys=0,00, real=2,23 secs] 
2014-02-02T02:55:09.867+0100: 1316,418: [Full GC (System) 1316,418: [CMS: 863124K->863124K(3314060K), 2,1110920 secs] 2217165K->863124K(6145228K), [CMS Perm : 6555K->6555K(21248K)], 2,1111580 secs] [Times: user=2,12 sys=0,00, real=2,11 secs] 
2014-02-02T02:55:33.107+0100: 1339,658: [Full GC (System) 1339,658: [CMS: 863124K->866716K(3314060K), 2,0432480 secs] 2011478K->866716K(6145228K), [CMS Perm : 6555K->6555K(21248K)], 2,0433110 secs] [Times: user=2,05 sys=0,00, real=2,05 secs] 
2014-02-02T02:55:56.485+0100: 1363,036: [Full GC (System) 1363,036: [CMS: 866716K->866719K(3314060K), 2,0852540 secs] 1612410K->866719K(6145228K), [CMS Perm : 6555K->6555K(21248K)], 2,0853190 secs] [Times: user=2,10 sys=0,00, real=2,09 secs] 
2014-02-02T02:56:20.647+0100: 1387,198: [Full GC (System) 1387,198: [CMS: 866719K->863127K(3314060K), 2,1452350 secs] 2157323K->863127K(6145228K), [CMS Perm : 6555K->6555K(21248K)], 2,1452980 secs] [Times: user=2,15 sys=0,00, real=2,14 secs] 
2014-02-02T02:56:44.777+0100: 1411,327: [Full GC (System) 1411,327: [CMS: 863127K->863131K(3314060K), 2,0771700 secs] 2148643K->863131K(6145228K), [CMS Perm : 6555K->6555K(21248K)], 2,0772330 secs] [Times: user=2,09 sys=0,00, real=2,08 secs] 
2014-02-02T02:57:08.367+0100: 1434,918: [Full GC (System) 1434,918: [CMS: 863131K->890517K(3314060K), 2,1469990 secs] 2119197K->890517K(6145228K), [CMS Perm : 6556K->6556K(21248K)], 2,1470630 secs] [Times: user=2,15 sys=0,00, real=2,15 secs] 
2014-02-02T02:57:32.127+0100: 1458,678: [Full GC (System) 1458,678: [CMS: 890517K->881168K(3314060K), 2,2055760 secs] 2653021K->881168K(6145228K), [CMS Perm : 6558K->6558K(21248K)], 2,2056430 secs] [Times: user=2,22 sys=0,00, real=2,20 secs] 
2014-02-02T02:57:56.046+0100: 1482,597: [Full GC (System) 1482,597: [CMS: 881168K->863126K(3314060K), 2,1911500 secs] 1793821K->863126K(6145228K), [CMS Perm : 6558K->6558K(21248K)], 2,1912120 secs] [Times: user=2,20 sys=0,00, real=2,19 secs] 
2014-02-02T02:58:19.939+0100: 1506,489: [Full GC (System) 1506,489: [CMS: 863126K->863126K(3314060K), 2,0019900 secs] 1883565K->863126K(6145228K), [CMS Perm : 6558K->6558K(21248K)], 2,0020540 secs] [Times: user=2,01 sys=0,00, real=2,00 secs] 
2014-02-02T02:58:44.178+0100: 1530,729: [Full GC (System) 1530,729: [CMS: 863126K->863130K(3314060K), 2,1189710 secs] 2544361K->863130K(6145228K), [CMS Perm : 6558K->6558K(21248K)], 2,1190670 secs] [Times: user=2,13 sys=0,00, real=2,12 secs] 
2014-02-02T02:59:08.609+0100: 1555,160: [Full GC (System) 1555,160: [CMS: 863130K->863132K(3314060K), 2,0206960 secs] 2542702K->863132K(6145228K), [CMS Perm : 6560K->6560K(21248K)], 2,0207620 secs] [Times: user=2,03 sys=0,00, real=2,02 secs] 
2014-02-02T02:59:32.934+0100: 1579,485: [Full GC (System) 1579,485: [CMS: 863132K->863130K(3314060K), 1,9433550 secs] 2539636K->863130K(6145228K), [CMS Perm : 6560K->6560K(21248K)], 1,9434190 secs] [Times: user=1,95 sys=0,00, real=1,94 secs] 
2014-02-02T02:59:57.069+0100: 1603,620: [Full GC (System) 1603,620: [CMS: 863130K->863132K(3314060K), 2,1143490 secs] 2541401K->863132K(6145228K), [CMS Perm : 6561K->6561K(21248K)], 2,1144150 secs] [Times: user=2,13 sys=0,00, real=2,12 secs] 
2014-02-02T03:00:20.897+0100: 1627,448: [Full GC (System) 1627,448: [CMS: 863132K->874215K(3314060K), 1,9802830 secs] 2522298K->874215K(6145228K), [CMS Perm : 6561K->6561K(21248K)], 1,9803490 secs] [Times: user=1,99 sys=0,00, real=1,98 secs] 
2014-02-02T03:00:44.567+0100: 1651,118: [Full GC (System) 1651,118: [CMS: 874215K->881181K(3314060K), 2,1691050 secs] 2531508K->881181K(6145228K), [CMS Perm : 6561K->6561K(21248K)], 2,1691800 secs] [Times: user=2,18 sys=0,00, real=2,17 secs] 
2014-02-02T03:01:08.831+0100: 1675,382: [Full GC (System) 1675,382: [CMS: 881181K->863131K(3314060K), 1,9938630 secs] 2554975K->863131K(6145228K), [CMS Perm : 6563K->6563K(21248K)], 1,9939270 secs] [Times: user=2,01 sys=0,00, real=1,99 secs] 
2014-02-02T03:01:32.872+0100: 1699,423: [Full GC (System) 1699,423: [CMS: 863131K->863133K(3314060K), 1,9694060 secs] 2538656K->863133K(6145228K), [CMS Perm : 6563K->6563K(21248K)], 1,9694750 secs] [Times: user=1,98 sys=0,00, real=1,97 secs] 
2014-02-02T03:03:30.377+0100: 1816,928: [Full GC (System) 1816,928: [CMS: 863133K->941255K(3314060K), 1,9653890 secs] 2165710K->941255K(6145228K), [CMS Perm : 6564K->6564K(21248K)], 1,9654530 secs] [Times: user=1,98 sys=0,00, real=1,97 secs] 
2014-02-02T03:05:36.341+0100: 1942,891: [Full GC (System) 1942,892: [CMS: 941255K->941258K(3314060K), 1,9882330 secs] 2243479K->941258K(6145228K), [CMS Perm : 6564K->6564K(21248K)], 1,9882970 secs] [Times: user=2,00 sys=0,00, real=1,99 secs] 
2014-02-02T03:07:32.801+0100: 2059,352: [Full GC (System) 2059,352: [CMS: 941258K->941255K(3314060K), 2,0049350 secs] 2242686K->941255K(6145228K), [CMS Perm : 6564K->6564K(21248K)], 2,0049980 secs] [Times: user=2,02 sys=0,00, real=2,00 secs] 
2014-02-02T03:09:27.024+0100: 2173,574: [Full GC (System) 2173,574: [CMS: 941255K->941258K(3314060K), 2,1398560 secs] 2242809K->941258K(6145228K), [CMS Perm : 6564K->6564K(21248K)], 2,1399180 secs] [Times: user=2,16 sys=0,00, real=2,14 secs] 
2014-02-02T03:09:50.905+0100: 2197,456: [Full GC (System) 2197,456: [CMS: 941258K->941252K(3314060K), 1,9027700 secs] 1706949K->941252K(6145228K), [CMS Perm : 6566K->6566K(21248K)], 1,9028330 secs] [Times: user=1,92 sys=0,00, real=1,91 secs] 
2014-02-02T03:10:14.457+0100: 2221,008: [Full GC (System) 2221,008: [CMS: 941252K->941252K(3314060K), 2,1071630 secs] 1738275K->941252K(6145228K), [CMS Perm : 6566K->6566K(21248K)], 2,1072270 secs] [Times: user=2,12 sys=0,00, real=2,10 secs] 
2014-02-02T03:11:03.967+0100: 2270,518: [Full GC (System) 2270,518: [CMS: 941252K->941256K(3314060K), 2,1349290 secs] 2241597K->941256K(6145228K), [CMS Perm : 6566K->6566K(21248K)], 2,1349950 secs] [Times: user=2,15 sys=0,00, real=2,14 secs] 
2014-02-02T03:11:52.813+0100: 2319,364: [Full GC (System) 2319,364: [CMS: 941256K->941258K(3314060K), 1,9658020 secs] 2241469K->941258K(6145228K), [CMS Perm : 6566K->6566K(21248K)], 1,9658670 secs] [Times: user=1,99 sys=0,00, real=1,97 secs] 
2014-02-02T03:12:16.577+0100: 2343,128: [Full GC (System) 2343,128: [CMS: 941258K->1175632K(3314060K), 2,2247200 secs] 2475907K->1175632K(6145228K), [CMS Perm : 6567K->6567K(21248K)], 2,2247830 secs] [Times: user=2,25 sys=0,00, real=2,23 secs] 
2014-02-02T03:12:40.488+0100: 2367,039: [Full GC (System) 2367,039: [CMS: 1175632K->1175634K(3314060K), 1,8190880 secs] 3110724K->1175634K(6145228K), [CMS Perm : 6568K->6568K(21248K)], 1,8191520 secs] [Times: user=1,84 sys=0,00, real=1,82 secs] 
2014-02-02T03:13:30.265+0100: 2416,815: [Full GC (System) 2416,815: [CMS: 1175634K->941256K(3314060K), 1,9249320 secs] 2475547K->941256K(6145228K), [CMS Perm : 6568K->6568K(21248K)], 1,9249930 secs] [Times: user=1,95 sys=0,00, real=1,92 secs] 
2014-02-02T03:14:20.882+0100: 2467,433: [Full GC (System) 2467,433: [CMS: 941256K->941258K(3314060K), 1,6793060 secs] 2241069K->941258K(6145228K), [CMS Perm : 6569K->6569K(21248K)], 1,6793670 secs] [Times: user=1,70 sys=0,00, real=1,68 secs] 
2014-02-02T03:14:44.404+0100: 2490,955: [Full GC (System) 2490,955: [CMS: 941258K->1175632K(3314060K), 2,1559920 secs] 2475530K->1175632K(6145228K), [CMS Perm : 6569K->6569K(21248K)], 2,1560560 secs] [Times: user=2,19 sys=0,00, real=2,16 secs] 
Heap
 par new generation   total 2831168K, used 2035753K [0x000000057ae00000, 0x000000063ae00000, 0x000000063ae00000)
  eden space 2516608K,  80% used [0x000000057ae00000, 0x00000005f720a7a8, 0x00000006147a0000)
  from space 314560K,   0% used [0x00000006147a0000, 0x00000006147a0000, 0x0000000627ad0000)
  to   space 314560K,   0% used [0x0000000627ad0000, 0x0000000627ad0000, 0x000000063ae00000)
 concurrent mark-sweep generation total 3314060K, used 1175632K [0x000000063ae00000, 0x0000000705263000, 0x00000007fae00000)
 concurrent-mark-sweep perm gen total 21248K, used 6580K [0x00000007fae00000, 0x00000007fc2c0000, 0x0000000800000000)
