Java HotSpot(TM) 64-Bit Server VM (25.0-b66) for windows-amd64 JRE (1.8.0-ea-b124), built on Jan 17 2014 20:49:53 by "java_re" with MS VC++ 10.0 (VS2010)
Memory: 4k page, physical 18870960k(3236480k free), swap 35891976k(9322756k free)
CommandLine flags: -XX:CMSInitiatingOccupancyFraction=65 -XX:+CMSScavengeBeforeRemark -XX:CMSWaitDuration=7000 -XX:+DoEscapeAnalysis -XX:InitialHeapSize=4294967296 -XX:MaxHeapSize=10737418240 -XX:MaxNewSize=3221225472 -XX:MaxTenuringThreshold=6 -XX:NewSize=3221225472 -XX:OldPLABSize=16 -XX:OldSize=6442450944 -XX:+PrintGC -XX:+PrintGCDateStamps -XX:+PrintGCDetails -XX:+PrintGCTimeStamps -XX:+PrintPromotionFailure -XX:ThreadStackSize=2048 -XX:+TieredCompilation -XX:+UseCMSInitiatingOccupancyOnly -XX:+UseCompressedClassPointers -XX:+UseCompressedOops -XX:+UseConcMarkSweepGC -XX:-UseLargePagesIndividualAllocation -XX:+UseParNewGC 
2014-01-31T18:12:07.633+0100: 7.070: [Full GC (System.gc()) 7.071: [CMS: 0K->862703K(1048576K), 2.4242374 secs] 1839753K->862703K(3879744K), [Metaspace: 5611K->5611K(1056768K)], 2.4263837 secs] [Times: user=2.14 sys=0.17, real=2.43 secs] 
2014-01-31T18:12:10.833+0100: 10.271: [Full GC (System.gc()) 10.271: [CMS: 862703K->863341K(1437840K), 2.1768827 secs] 1690925K->863341K(4269008K), [Metaspace: 5615K->5615K(1056768K)], 2.1772955 secs] [Times: user=2.22 sys=0.00, real=2.18 secs] 
2014-01-31T18:12:14.669+0100: 14.107: [Full GC (System.gc()) 14.107: [CMS: 863341K->863340K(1438904K), 2.2121411 secs] 1691561K->863340K(4270072K), [Metaspace: 5615K->5615K(1056768K)], 2.2124591 secs] [Times: user=2.21 sys=0.00, real=2.21 secs] 
2014-01-31T18:12:18.541+0100: 17.979: [Full GC (System.gc()) 17.979: [CMS: 863340K->863340K(1438904K), 2.2246600 secs] 1665706K->863340K(4270072K), [Metaspace: 5615K->5615K(1056768K)], 2.2249575 secs] [Times: user=2.08 sys=0.00, real=2.23 secs] 
2014-01-31T18:12:22.415+0100: 21.853: [Full GC (System.gc()) 21.853: [CMS: 863340K->863340K(1438904K), 2.1753351 secs] 1665706K->863340K(4270072K), [Metaspace: 5615K->5615K(1056768K)], 2.1755989 secs] [Times: user=2.23 sys=0.00, real=2.18 secs] 
2014-01-31T18:12:27.345+0100: 26.783: [Full GC (System.gc()) 26.783: [CMS: 863340K->863395K(1438904K), 2.2573177 secs] 1691560K->863395K(4270072K), [Metaspace: 5678K->5678K(1056768K)], 2.2575714 secs] [Times: user=2.22 sys=0.00, real=2.26 secs] 
2014-01-31T18:13:31.038+0100: 90.475: [Full GC (System.gc()) 90.475: [CMS: 863395K->863408K(1438904K), 2.1840392 secs] 1464976K->863408K(4270072K), [Metaspace: 5805K->5805K(1056768K)], 2.1842905 secs] [Times: user=2.14 sys=0.00, real=2.18 secs] 
2014-01-31T18:13:46.615+0100: 106.052: [Full GC (System.gc()) 106.052: [CMS: 863408K->1438903K(1438904K), 5.4238405 secs] 2024039K->1781040K(4270072K), [Metaspace: 6166K->6166K(1056768K)], 5.4275879 secs] [Times: user=5.15 sys=0.20, real=5.43 secs] 
2014-01-31T18:14:05.727+0100: 125.163: [Full GC (System.gc()) 125.163: [CMS: 1438903K->1782903K(2398176K), 5.8151379 secs] 2915807K->1782903K(5229344K), [Metaspace: 6191K->6191K(1056768K)], 5.8177063 secs] [Times: user=5.63 sys=0.11, real=5.82 secs] 
2014-01-31T18:14:18.866+0100: 138.303: [GC (Allocation Failure) 138.358: [ParNew: 2516608K->314560K(2831168K), 32.4771630 secs] 4299511K->2917146K(5802676K), 32.8282958 secs] [Times: user=25.88 sys=3.23, real=32.83 secs] 
2014-01-31T18:14:52.205+0100: 171.641: [GC (CMS Initial Mark) [1 CMS-initial-mark: 2602586K(2971508K)] 2917146K(5802676K), 0.5567083 secs] [Times: user=0.97 sys=0.03, real=0.56 secs] 
2014-01-31T18:14:52.761+0100: 172.385: [CMS-concurrent-mark-start]
2014-01-31T18:14:56.544+0100: 175.980: [CMS-concurrent-mark: 3.593/3.595 secs] [Times: user=18.24 sys=9.19, real=3.78 secs] 
2014-01-31T18:14:56.544+0100: 175.980: [CMS-concurrent-preclean-start]
2014-01-31T18:14:57.311+0100: 176.748: [CMS-concurrent-preclean: 0.768/0.768 secs] [Times: user=3.51 sys=1.83, real=0.77 secs] 
2014-01-31T18:14:57.311+0100: 176.748: [CMS-concurrent-abortable-preclean-start]
2014-01-31T18:15:02.649+0100: 182.086: [Full GC (System.gc()) 182.086: [CMS CMS: abort preclean due to time 2014-01-31T18:15:02.650+0100: 182.086: [CMS-concurrent-abortable-preclean: 5.294/5.339 secs] [Times: user=23.32 sys=10.87, real=5.34 secs] 
 (concurrent mode interrupted): 2602586K->1780933K(2971508K), 8.6946448 secs] 5282678K->1780933K(5802676K), [Metaspace: 6222K->6222K(1056768K)], 8.6950216 secs] [Times: user=6.18 sys=0.08, real=8.70 secs] 
2014-01-31T18:15:27.901+0100: 207.337: [Full GC (System.gc()) 207.338: [CMS: 1780933K->863425K(2971508K), 2.7854201 secs] 4106783K->863425K(5802676K), [Metaspace: 6224K->6224K(1056768K)], 2.7860218 secs] [Times: user=2.72 sys=0.00, real=2.79 secs] 
2014-01-31T18:15:46.076+0100: 225.512: [Full GC (System.gc()) 225.512: [CMS: 863425K->863432K(2971508K), 2.0701685 secs] 1688446K->863432K(5802676K), [Metaspace: 6281K->6281K(1056768K)], 2.1454996 secs] [Times: user=1.92 sys=0.00, real=2.14 secs] 
2014-01-31T18:16:07.130+0100: 246.565: [Full GC (System.gc()) 246.565: [CMS: 863432K->865406K(2962172K), 1.9534754 secs] 1603799K->865406K(5793340K), [Metaspace: 6292K->6292K(1056768K)], 1.9542953 secs] [Times: user=1.97 sys=0.00, real=1.95 secs] 
2014-01-31T18:16:24.543+0100: 263.978: [Full GC (System.gc()) 263.978: [CMS: 865406K->863436K(2931180K), 2.3810026 secs] 1521894K->863436K(5762348K), [Metaspace: 6306K->6306K(1056768K)], 2.3817114 secs] [Times: user=2.36 sys=0.00, real=2.38 secs] 
2014-01-31T18:16:44.528+0100: 283.963: [Full GC (System.gc()) 283.963: [CMS: 863436K->864423K(2878124K), 1.9978034 secs] 1557665K->864423K(5709292K), [Metaspace: 6311K->6311K(1056768K)], 1.9984724 secs] [Times: user=2.12 sys=0.00, real=2.00 secs] 
2014-01-31T18:17:02.149+0100: 301.584: [Full GC (System.gc()) 301.584: [CMS: 864423K->863438K(2878124K), 1.9868954 secs] 1579632K->863438K(5709292K), [Metaspace: 6314K->6314K(1056768K)], 1.9874643 secs] [Times: user=1.97 sys=0.00, real=1.99 secs] 
2014-01-31T18:17:21.219+0100: 320.655: [Full GC (System.gc()) 320.655: [CMS: 863438K->863438K(2878124K), 2.0070394 secs] 1561860K->863438K(5709292K), [Metaspace: 6325K->6325K(1056768K)], 2.0076326 secs] [Times: user=1.97 sys=0.00, real=2.01 secs] 
2014-01-31T18:17:25.388+0100: 324.823: [GC (Allocation Failure) 324.823: [ParNew: 2516608K->314560K(2831168K), 1.8531989 secs] 3380046K->1988778K(5709292K), 1.8533487 secs] [Times: user=9.98 sys=0.13, real=1.85 secs] 
2014-01-31T18:17:29.126+0100: 328.562: [GC (Allocation Failure) 328.562: [ParNew: 2831168K->22699K(2831168K), 0.6251554 secs] 4505386K->2011478K(5709292K), 0.6252700 secs] [Times: user=3.67 sys=0.47, real=0.63 secs] 
2014-01-31T18:17:29.752+0100: 329.187: [GC (CMS Initial Mark) [1 CMS-initial-mark: 1988778K(2878124K)] 2058399K(5709292K), 0.0002433 secs] [Times: user=0.00 sys=0.00, real=0.00 secs] 
2014-01-31T18:17:29.752+0100: 329.187: [CMS-concurrent-mark-start]
2014-01-31T18:17:31.948+0100: 331.383: [GC (Allocation Failure) 331.383: [ParNew: 2539307K->5674K(2831168K), 0.0104738 secs] 4528086K->1994453K(5709292K), 0.0105837 secs] [Times: user=0.06 sys=0.00, real=0.01 secs] 
2014-01-31T18:17:34.120+0100: 333.556: [GC (Allocation Failure) 333.556: [ParNew: 2522282K->1418K(2831168K), 0.0105233 secs] 4511061K->1990196K(5709292K), 0.0106275 secs] [Times: user=0.03 sys=0.00, real=0.01 secs] 
2014-01-31T18:17:36.257+0100: 335.692: [GC (Allocation Failure) 335.692: [ParNew: 2518026K->0K(2831168K), 0.0107166 secs] 4506804K->1988778K(5709292K), 0.0108218 secs] [Times: user=0.05 sys=0.00, real=0.01 secs] 
2014-01-31T18:17:36.785+0100: 336.221: [CMS-concurrent-mark: 7.001/7.033 secs] [Times: user=25.46 sys=2.12, real=7.03 secs] 
2014-01-31T18:17:36.785+0100: 336.221: [CMS-concurrent-preclean-start]
2014-01-31T18:17:36.918+0100: 336.353: [CMS-concurrent-preclean: 0.132/0.132 secs] [Times: user=0.36 sys=0.05, real=0.13 secs] 
2014-01-31T18:17:36.918+0100: 336.353: [CMS-concurrent-abortable-preclean-start]
2014-01-31T18:17:38.277+0100: 337.712: [GC (Allocation Failure) 337.712: [ParNew: 2516608K->0K(2831168K), 0.0107779 secs] 4505386K->1988778K(5709292K), 0.0108790 secs] [Times: user=0.08 sys=0.00, real=0.01 secs] 
2014-01-31T18:17:39.299+0100: 338.734: [CMS-concurrent-abortable-preclean: 2.367/2.381 secs] [Times: user=6.19 sys=0.87, real=2.38 secs] 
2014-01-31T18:17:39.306+0100: 338.741: [GC (CMS Final Remark) [YG occupancy: 1307467 K (2831168 K)]2014-01-31T18:17:39.306+0100: 338.741: [GC (CMS Final Remark) 338.741: [ParNew: 1307467K->22K(2831168K), 0.0074541 secs] 3296245K->1988800K(5709292K), 0.0075329 secs] [Times: user=0.06 sys=0.00, real=0.01 secs] 
338.748: [Rescan (parallel) , 0.0123280 secs]338.761: [weak refs processing, 0.0000293 secs]338.761: [class unloading, 0.0033510 secs]338.764: [scrub symbol table, 0.0008507 secs]338.765: [scrub string table, 0.0002775 secs][1 CMS-remark: 1988778K(2878124K)] 1988800K(5709292K), 0.0252464 secs] [Times: user=0.14 sys=0.02, real=0.03 secs] 
2014-01-31T18:17:39.331+0100: 338.766: [CMS-concurrent-sweep-start]
2014-01-31T18:17:40.479+0100: 339.914: [CMS-concurrent-sweep: 1.148/1.148 secs] [Times: user=3.00 sys=0.36, real=1.15 secs] 
2014-01-31T18:17:40.481+0100: 339.916: [CMS-concurrent-reset-start]
2014-01-31T18:17:40.495+0100: 339.930: [CMS-concurrent-reset: 0.014/0.014 secs] [Times: user=0.03 sys=0.02, real=0.01 secs] 
2014-01-31T18:17:41.314+0100: 340.749: [GC (Allocation Failure) 340.749: [ParNew: 2516630K->5K(2831168K), 0.0111961 secs] 4505401K->1988776K(6145788K), 0.0112888 secs] [Times: user=0.08 sys=0.00, real=0.01 secs] 
2014-01-31T18:17:43.182+0100: 342.617: [GC (Allocation Failure) 342.617: [ParNew: 2516613K->2K(2831168K), 0.0185451 secs] 4505384K->1988773K(6145788K), 0.0186640 secs] [Times: user=0.11 sys=0.02, real=0.02 secs] 
2014-01-31T18:17:45.066+0100: 344.501: [GC (Allocation Failure) 344.501: [ParNew: 2516610K->2K(2831168K), 0.0081318 secs] 4505381K->1988773K(6145788K), 0.0082222 secs] [Times: user=0.09 sys=0.00, real=0.01 secs] 
2014-01-31T18:17:46.885+0100: 346.320: [GC (Allocation Failure) 346.320: [ParNew: 2516610K->2K(2831168K), 0.0213041 secs] 4505381K->1988773K(6145788K), 0.0214372 secs] [Times: user=0.13 sys=0.00, real=0.02 secs] 
2014-01-31T18:17:48.749+0100: 348.184: [GC (Allocation Failure) 348.184: [ParNew: 2516610K->2K(2831168K), 0.0110467 secs] 4505381K->1988773K(6145788K), 0.0111574 secs] [Times: user=0.06 sys=0.00, real=0.01 secs] 
2014-01-31T18:17:50.679+0100: 350.114: [GC (Allocation Failure) 350.114: [ParNew: 2516610K->2K(2831168K), 0.0110030 secs] 4505381K->1988773K(6145788K), 0.0111122 secs] [Times: user=0.09 sys=0.00, real=0.01 secs] 
2014-01-31T18:17:52.555+0100: 351.990: [GC (Allocation Failure) 351.990: [ParNew: 2516610K->2K(2831168K), 0.0109282 secs] 4505381K->1988773K(6145788K), 0.0110226 secs] [Times: user=0.08 sys=0.00, real=0.01 secs] 
2014-01-31T18:17:54.385+0100: 353.820: [GC (Allocation Failure) 353.820: [ParNew: 2516610K->2K(2831168K), 0.0255639 secs] 4505381K->1988773K(6145788K), 0.0256906 secs] [Times: user=0.14 sys=0.00, real=0.03 secs] 
2014-01-31T18:17:56.342+0100: 355.776: [GC (Allocation Failure) 355.776: [ParNew: 2516610K->2K(2831168K), 0.0113662 secs] 4505381K->1988773K(6145788K), 0.0114781 secs] [Times: user=0.08 sys=0.00, real=0.01 secs] 
2014-01-31T18:17:58.206+0100: 357.640: [GC (Allocation Failure) 357.640: [ParNew: 2516610K->2K(2831168K), 0.0093719 secs] 4505381K->1988773K(6145788K), 0.0094740 secs] [Times: user=0.03 sys=0.00, real=0.01 secs] 
2014-01-31T18:18:00.103+0100: 359.538: [GC (Allocation Failure) 359.538: [ParNew: 2516610K->2K(2831168K), 0.0172908 secs] 4505381K->1988773K(6145788K), 0.0174002 secs] [Times: user=0.06 sys=0.00, real=0.02 secs] 
2014-01-31T18:18:02.061+0100: 361.496: [GC (Allocation Failure) 361.496: [ParNew: 2516610K->2K(2831168K), 0.0157591 secs] 4505381K->1988773K(6145788K), 0.0158689 secs] [Times: user=0.11 sys=0.00, real=0.02 secs] 
2014-01-31T18:18:03.995+0100: 363.431: [GC (Allocation Failure) 363.431: [ParNew: 2516610K->2K(2831168K), 0.0117472 secs] 4505381K->1988773K(6145788K), 0.0118614 secs] [Times: user=0.06 sys=0.00, real=0.01 secs] 
2014-01-31T18:18:05.865+0100: 365.301: [GC (Allocation Failure) 365.301: [ParNew: 2516610K->2K(2831168K), 0.0161098 secs] 4505381K->1988773K(6145788K), 0.0162078 secs] [Times: user=0.09 sys=0.00, real=0.02 secs] 
2014-01-31T18:18:07.758+0100: 367.193: [GC (Allocation Failure) 367.193: [ParNew: 2516610K->2K(2831168K), 0.0112313 secs] 4505381K->1988773K(6145788K), 0.0113398 secs] [Times: user=0.08 sys=0.00, real=0.01 secs] 
2014-01-31T18:18:08.182+0100: 367.617: [Full GC (System.gc()) 367.617: [CMS: 1988771K->863433K(3314620K), 2.4567437 secs] 2558813K->863433K(6145788K), [Metaspace: 6327K->6327K(1056768K)], 2.4574197 secs] [Times: user=2.42 sys=0.00, real=2.46 secs] 
2014-01-31T18:18:12.454+0100: 371.889: [GC (Allocation Failure) 371.889: [ParNew: 2516608K->314558K(2831168K), 1.6176255 secs] 3380041K->1992604K(6145788K), 1.6177900 secs] [Times: user=10.66 sys=0.01, real=1.62 secs] 
2014-01-31T18:18:15.976+0100: 375.411: [GC (Allocation Failure) 375.411: [ParNew: 2831166K->16842K(2831168K), 0.6080600 secs] 4509212K->2006595K(6145788K), 0.6081695 secs] [Times: user=3.57 sys=0.48, real=0.61 secs] 
2014-01-31T18:18:18.427+0100: 377.862: [GC (Allocation Failure) 377.862: [ParNew: 2533450K->4210K(2831168K), 0.0099898 secs] 4523203K->1993963K(6145788K), 0.0101044 secs] [Times: user=0.03 sys=0.00, real=0.01 secs] 
2014-01-31T18:18:20.241+0100: 379.676: [GC (Allocation Failure) 379.676: [ParNew: 2520818K->1052K(2831168K), 0.0143681 secs] 4510571K->1990805K(6145788K), 0.0144835 secs] [Times: user=0.08 sys=0.00, real=0.01 secs] 
2014-01-31T18:18:22.145+0100: 381.580: [GC (Allocation Failure) 381.580: [ParNew: 2517660K->0K(2831168K), 0.0116990 secs] 4507413K->1989753K(6145788K), 0.0118219 secs] [Times: user=0.11 sys=0.00, real=0.01 secs] 
2014-01-31T18:18:24.130+0100: 383.564: [GC (Allocation Failure) 383.564: [ParNew: 2516608K->65K(2831168K), 0.0108878 secs] 4506361K->1989818K(6145788K), 0.0110013 secs] [Times: user=0.05 sys=0.00, real=0.01 secs] 
2014-01-31T18:18:26.063+0100: 385.497: [GC (Allocation Failure) 385.497: [ParNew: 2516673K->16K(2831168K), 0.0078541 secs] 4506426K->1989769K(6145788K), 0.0079649 secs] [Times: user=0.08 sys=0.00, real=0.01 secs] 
2014-01-31T18:18:27.983+0100: 387.417: [GC (Allocation Failure) 387.417: [ParNew: 2516624K->4K(2831168K), 0.0112660 secs] 4506377K->1989757K(6145788K), 0.0113634 secs] [Times: user=0.08 sys=0.00, real=0.01 secs] 
2014-01-31T18:18:29.902+0100: 389.337: [GC (Allocation Failure) 389.337: [ParNew: 2516612K->2K(2831168K), 0.0115290 secs] 4506365K->1989755K(6145788K), 0.0116546 secs] [Times: user=0.06 sys=0.00, real=0.01 secs] 
2014-01-31T18:18:31.805+0100: 391.240: [GC (Allocation Failure) 391.240: [ParNew: 2516610K->2K(2831168K), 0.0116291 secs] 4506363K->1989755K(6145788K), 0.0117233 secs] [Times: user=0.06 sys=0.00, real=0.01 secs] 
2014-01-31T18:18:33.660+0100: 393.095: [GC (Allocation Failure) 393.095: [ParNew: 2516610K->2K(2831168K), 0.0110202 secs] 4506363K->1989755K(6145788K), 0.0111388 secs] [Times: user=0.09 sys=0.00, real=0.01 secs] 
2014-01-31T18:18:35.531+0100: 394.966: [GC (Allocation Failure) 394.966: [ParNew: 2516610K->2K(2831168K), 0.0107451 secs] 4506363K->1989755K(6145788K), 0.0108256 secs] [Times: user=0.08 sys=0.00, real=0.01 secs] 
2014-01-31T18:18:37.418+0100: 396.853: [GC (Allocation Failure) 396.853: [ParNew: 2516610K->2K(2831168K), 0.0117185 secs] 4506363K->1989755K(6145788K), 0.0118238 secs] [Times: user=0.08 sys=0.00, real=0.01 secs] 
2014-01-31T18:18:39.271+0100: 398.705: [GC (Allocation Failure) 398.705: [ParNew: 2516610K->2K(2831168K), 0.0080856 secs] 4506363K->1989755K(6145788K), 0.0082307 secs] [Times: user=0.03 sys=0.00, real=0.01 secs] 
2014-01-31T18:18:41.164+0100: 400.599: [GC (Allocation Failure) 400.599: [ParNew: 2516610K->2K(2831168K), 0.0114067 secs] 4506363K->1989755K(6145788K), 0.0115252 secs] [Times: user=0.08 sys=0.00, real=0.01 secs] 
2014-01-31T18:18:43.007+0100: 402.441: [GC (Allocation Failure) 402.442: [ParNew: 2516610K->2K(2831168K), 0.0080773 secs] 4506363K->1989755K(6145788K), 0.0082197 secs] [Times: user=0.09 sys=0.00, real=0.01 secs] 
2014-01-31T18:18:44.788+0100: 404.223: [GC (Allocation Failure) 404.223: [ParNew: 2516610K->2K(2831168K), 0.0079973 secs] 4506363K->1989755K(6145788K), 0.0081378 secs] [Times: user=0.03 sys=0.00, real=0.01 secs] 
2014-01-31T18:18:46.597+0100: 406.032: [GC (Allocation Failure) 406.032: [ParNew: 2516610K->2K(2831168K), 0.0079201 secs] 4506363K->1989755K(6145788K), 0.0080618 secs] [Times: user=0.05 sys=0.00, real=0.01 secs] 
2014-01-31T18:18:48.378+0100: 407.813: [GC (Allocation Failure) 407.813: [ParNew: 2516610K->2K(2831168K), 0.0086443 secs] 4506363K->1989755K(6145788K), 0.0087995 secs] [Times: user=0.05 sys=0.00, real=0.01 secs] 
2014-01-31T18:18:50.241+0100: 409.675: [GC (Allocation Failure) 409.676: [ParNew: 2516610K->2K(2831168K), 0.0082482 secs] 4506363K->1989755K(6145788K), 0.0084073 secs] [Times: user=0.11 sys=0.00, real=0.01 secs] 
2014-01-31T18:18:51.992+0100: 411.427: [GC (Allocation Failure) 411.427: [ParNew: 2516610K->2K(2831168K), 0.0082147 secs] 4506363K->1989755K(6145788K), 0.0083811 secs] [Times: user=0.09 sys=0.00, real=0.01 secs] 
2014-01-31T18:18:53.832+0100: 413.266: [GC (Allocation Failure) 413.266: [ParNew: 2516610K->2K(2831168K), 0.0078806 secs] 4506363K->1989755K(6145788K), 0.0080201 secs] [Times: user=0.09 sys=0.00, real=0.01 secs] 
2014-01-31T18:18:55.767+0100: 415.201: [GC (Allocation Failure) 415.201: [ParNew: 2516610K->2K(2831168K), 0.0077803 secs] 4506363K->1989755K(6145788K), 0.0079474 secs] [Times: user=0.08 sys=0.00, real=0.01 secs] 
2014-01-31T18:18:56.109+0100: 415.543: [Full GC (System.gc()) 415.543: [CMS: 1989753K->863433K(3314620K), 2.2171873 secs] 2521571K->863433K(6145788K), [Metaspace: 6327K->6327K(1056768K)], 2.2178826 secs] [Times: user=2.23 sys=0.00, real=2.22 secs] 
2014-01-31T18:19:11.016+0100: 430.451: [Full GC (System.gc()) 430.451: [CMS: 863433K->867022K(3270972K), 1.7135815 secs] 1342573K->867022K(6102140K), [Metaspace: 6330K->6330K(1056768K)], 1.7144953 secs] [Times: user=1.68 sys=0.00, real=1.71 secs] 
2014-01-31T18:19:25.527+0100: 444.961: [Full GC (System.gc()) 444.961: [CMS: 867022K->868996K(3118616K), 1.7255223 secs] 1320294K->868996K(5949784K), [Metaspace: 6333K->6333K(1056768K)], 1.7263381 secs] [Times: user=1.75 sys=0.00, real=1.73 secs] 
2014-01-31T18:19:40.437+0100: 459.871: [Full GC (System.gc()) 459.871: [CMS: 868996K->867030K(2896656K), 1.8352353 secs] 1775272K->867030K(5727824K), [Metaspace: 6365K->6365K(1056768K)], 1.8357908 secs] [Times: user=1.78 sys=0.00, real=1.84 secs] 
2014-01-31T18:19:55.183+0100: 474.617: [Full GC (System.gc()) 474.617: [CMS: 867030K->863442K(2890104K), 1.8183518 secs] 1673316K->863442K(5721272K), [Metaspace: 6371K->6371K(1056768K)], 1.8190593 secs] [Times: user=1.83 sys=0.00, real=1.82 secs] 
2014-01-31T18:20:09.898+0100: 489.332: [Full GC (System.gc()) 489.332: [CMS: 863442K->877698K(2878144K), 1.8665130 secs] 1560011K->877698K(5709312K), [Metaspace: 6381K->6381K(1056768K)], 1.8671478 secs] [Times: user=1.81 sys=0.00, real=1.87 secs] 
2014-01-31T18:20:24.634+0100: 504.068: [Full GC (System.gc()) 504.068: [CMS: 877698K->873578K(2878144K), 1.8405705 secs] 1536494K->873578K(5709312K), [Metaspace: 6385K->6385K(1056768K)], 1.8411668 secs] [Times: user=1.79 sys=0.00, real=1.84 secs] 
2014-01-31T18:21:06.211+0100: 545.645: [Full GC (System.gc()) 545.645: [CMS: 873578K->863441K(2878144K), 1.8109691 secs] 1507208K->863441K(5709312K), [Metaspace: 6387K->6387K(1056768K)], 1.8116308 secs] [Times: user=1.81 sys=0.00, real=1.81 secs] 
2014-01-31T18:21:46.729+0100: 586.162: [Full GC (System.gc()) 586.162: [CMS: 863441K->863442K(2878144K), 1.9149648 secs] 1438350K->863442K(5709312K), [Metaspace: 6392K->6392K(1056768K)], 1.9155226 secs] [Times: user=1.92 sys=0.00, real=1.91 secs] 
2014-01-31T18:22:03.759+0100: 603.192: [Full GC (System.gc()) 603.192: [CMS: 863442K->863446K(2878144K), 1.8124263 secs] 1505468K->863446K(5709312K), [Metaspace: 6398K->6398K(1056768K)], 1.8129972 secs] [Times: user=1.79 sys=0.00, real=1.81 secs] 
2014-01-31T18:22:22.390+0100: 621.823: [Full GC (System.gc()) 621.823: [CMS: 863446K->863447K(2878144K), 1.8279443 secs] 1497076K->863447K(5709312K), [Metaspace: 6402K->6402K(1056768K)], 1.8285786 secs] [Times: user=1.78 sys=0.00, real=1.83 secs] 
2014-01-31T18:22:38.902+0100: 638.335: [Full GC (System.gc()) 638.335: [CMS: 863447K->863448K(2878144K), 1.8255840 secs] 1501278K->863448K(5709312K), [Metaspace: 6404K->6404K(1056768K)], 1.8262649 secs] [Times: user=1.83 sys=0.00, real=1.83 secs] 
2014-01-31T18:22:57.452+0100: 656.884: [Full GC (System.gc()) 656.884: [CMS: 863448K->863448K(2878144K), 1.8124602 secs] 1585158K->863448K(5709312K), [Metaspace: 6406K->6406K(1056768K)], 1.8131545 secs] [Times: user=1.78 sys=0.00, real=1.81 secs] 
2014-01-31T18:23:13.864+0100: 673.296: [Full GC (System.gc()) 673.296: [CMS: 863448K->863449K(2878144K), 1.8032096 secs] 1593547K->863449K(5709312K), [Metaspace: 6408K->6408K(1056768K)], 1.8039346 secs] [Times: user=1.81 sys=0.00, real=1.80 secs] 
2014-01-31T18:23:31.891+0100: 691.323: [Full GC (System.gc()) 691.323: [CMS: 863449K->864440K(2878144K), 1.8638698 secs] 1619403K->864440K(5709312K), [Metaspace: 6420K->6420K(1056768K)], 1.8644453 secs] [Times: user=1.87 sys=0.00, real=1.86 secs] 
2014-01-31T18:23:48.156+0100: 707.588: [Full GC (System.gc()) 707.588: [CMS: 864440K->863451K(2878144K), 1.8179017 secs] 1535819K->863451K(5709312K), [Metaspace: 6424K->6424K(1056768K)], 1.8186361 secs] [Times: user=1.81 sys=0.00, real=1.82 secs] 
2014-01-31T18:24:06.111+0100: 725.543: [Full GC (System.gc()) 725.543: [CMS: 863451K->863451K(2878144K), 1.8423824 secs] 1527129K->863451K(5709312K), [Metaspace: 6440K->6440K(1056768K)], 1.8429872 secs] [Times: user=1.84 sys=0.00, real=1.84 secs] 
2014-01-31T18:24:27.391+0100: 746.824: [Full GC (System.gc()) 746.824: [CMS: 863451K->941579K(2878144K), 1.8554722 secs] 1202611K->941579K(5709312K), [Metaspace: 6482K->6482K(1056768K)], 1.8560036 secs] [Times: user=1.84 sys=0.00, real=1.86 secs] 
2014-01-31T18:24:43.709+0100: 763.141: [Full GC (System.gc()) 763.141: [CMS: 941579K->941579K(2878144K), 1.9454486 secs] 1254870K->941579K(5709312K), [Metaspace: 6485K->6485K(1056768K)], 1.9460667 secs] [Times: user=1.90 sys=0.00, real=1.95 secs] 
2014-01-31T18:24:58.569+0100: 778.001: [Full GC (System.gc()) 778.001: [CMS: 941579K->941580K(2878144K), 1.8506780 secs] 1254894K->941580K(5709312K), [Metaspace: 6495K->6495K(1056768K)], 1.8513030 secs] [Times: user=1.84 sys=0.00, real=1.85 secs] 
2014-01-31T18:25:13.273+0100: 792.704: [Full GC (System.gc()) 792.704: [CMS: 941580K->941581K(2878144K), 1.8030938 secs] 1338758K->941581K(5709312K), [Metaspace: 6504K->6504K(1056768K)], 1.8036388 secs] [Times: user=1.81 sys=0.00, real=1.80 secs] 
2014-01-31T18:25:52.304+0100: 831.735: [Full GC (System.gc()) 831.736: [CMS: 941581K->941578K(2878144K), 1.7823237 secs] 1196151K->941578K(5709312K), [Metaspace: 6506K->6506K(1056768K)], 1.7829593 secs] [Times: user=1.78 sys=0.00, real=1.78 secs] 
2014-01-31T18:26:31.927+0100: 871.357: [Full GC (System.gc()) 871.357: [CMS: 941578K->941579K(2878144K), 1.8353009 secs] 1196148K->941579K(5709312K), [Metaspace: 6511K->6511K(1056768K)], 1.8358491 secs] [Times: user=1.89 sys=0.00, real=1.84 secs] 
2014-01-31T18:26:49.105+0100: 888.536: [Full GC (System.gc()) 888.536: [CMS: 941579K->941583K(2878144K), 1.8325682 secs] 1308083K->941583K(5709312K), [Metaspace: 6514K->6514K(1056768K)], 1.8331277 secs] [Times: user=1.82 sys=0.00, real=1.83 secs] 
2014-01-31T18:27:07.987+0100: 907.418: [Full GC (System.gc()) 907.418: [CMS: 941583K->942570K(2878144K), 1.8062164 secs] 1308087K->942570K(5709312K), [Metaspace: 6517K->6517K(1056768K)], 1.8067532 secs] [Times: user=1.79 sys=0.00, real=1.81 secs] 
2014-01-31T18:27:24.823+0100: 924.254: [Full GC (System.gc()) 924.254: [CMS: 942570K->941585K(2878144K), 1.8448009 secs] 1334241K->941585K(5709312K), [Metaspace: 6519K->6519K(1056768K)], 1.8454869 secs] [Times: user=1.84 sys=0.00, real=1.85 secs] 
2014-01-31T18:27:43.900+0100: 943.330: [Full GC (System.gc()) 943.330: [CMS: 941585K->941585K(2878144K), 1.8027527 secs] 1308089K->941585K(5709312K), [Metaspace: 6521K->6521K(1056768K)], 1.8033830 secs] [Times: user=1.81 sys=0.00, real=1.80 secs] 
2014-01-31T18:28:00.029+0100: 959.460: [Full GC (System.gc()) 959.460: [CMS: 941585K->941586K(2878144K), 1.8366346 secs] 1308089K->941586K(5709312K), [Metaspace: 6523K->6523K(1056768K)], 1.8371722 secs] [Times: user=1.83 sys=0.00, real=1.84 secs] 
2014-01-31T18:28:18.010+0100: 977.439: [Full GC (System.gc()) 977.439: [CMS: 941586K->941587K(2878144K), 1.7816505 secs] 1308090K->941587K(5709312K), [Metaspace: 6529K->6529K(1056768K)], 1.7822198 secs] [Times: user=1.78 sys=0.00, real=1.78 secs] 
2014-01-31T18:28:34.131+0100: 993.560: [Full GC (System.gc()) 993.560: [CMS: 941587K->941587K(2878144K), 1.8037263 secs] 1308091K->941587K(5709312K), [Metaspace: 6534K->6534K(1056768K)], 1.8044237 secs] [Times: user=1.78 sys=0.00, real=1.80 secs] 
2014-01-31T18:28:52.294+0100: 1011.723: [Full GC (System.gc()) 1011.723: [CMS: 941587K->863457K(2878144K), 1.9823213 secs] 2221906K->863457K(5709312K), [Metaspace: 6542K->6542K(1056768K)], 1.9829138 secs] [Times: user=1.98 sys=0.00, real=1.98 secs] 
2014-01-31T18:29:22.058+0100: 1041.487: [Full GC (System.gc()) 1041.487: [CMS: 863457K->1780970K(2878144K), 4.8375777 secs] 2338833K->1780970K(5709312K), [Metaspace: 6570K->6570K(1056768K)], 4.8384767 secs] [Times: user=4.80 sys=0.00, real=4.84 secs] 
2014-01-31T18:29:56.061+0100: 1075.490: [Full GC (System.gc()) 1075.490: [CMS: 1780970K->1780971K(2968288K), 5.3419741 secs] 3255638K->1780971K(5799456K), [Metaspace: 6579K->6579K(1056768K)], 5.3424066 secs] [Times: user=5.38 sys=0.00, real=5.34 secs] 
2014-01-31T18:30:29.876+0100: 1109.305: [Full GC (System.gc()) 1109.305: [CMS: 1780971K->863464K(2968288K), 2.6298296 secs] 3262511K->863464K(5799456K), [Metaspace: 6580K->6580K(1056768K)], 2.6304780 secs] [Times: user=2.64 sys=0.00, real=2.63 secs] 
2014-01-31T18:31:02.445+0100: 1141.874: [Full GC (System.gc()) 1141.874: [CMS: 863464K->863464K(2968288K), 2.2630387 secs] 2360882K->863464K(5799456K), [Metaspace: 6584K->6584K(1056768K)], 2.2636665 secs] [Times: user=2.29 sys=0.00, real=2.26 secs] 
2014-01-31T18:31:53.628+0100: 1193.055: [Full GC (System.gc()) 1193.055: [CMS: 863464K->863465K(2959284K), 2.1509848 secs] 2163443K->863465K(5790452K), [Metaspace: 6585K->6585K(1056768K)], 2.1516302 secs] [Times: user=2.20 sys=0.00, real=2.15 secs] 
2014-01-31T18:32:27.044+0100: 1226.472: [Full GC (System.gc()) 1226.472: [CMS: 863465K->863465K(2926860K), 2.1440029 secs] 2176804K->863465K(5758028K), [Metaspace: 6585K->6585K(1056768K)], 2.1447650 secs] [Times: user=2.11 sys=0.00, real=2.14 secs] 
2014-01-31T18:32:57.936+0100: 1257.364: [Full GC (System.gc()) 1257.364: [CMS: 863465K->863466K(2878220K), 2.1855311 secs] 2206618K->863466K(5709388K), [Metaspace: 6587K->6587K(1056768K)], 2.1860661 secs] [Times: user=2.18 sys=0.00, real=2.19 secs] 
2014-01-31T18:33:28.556+0100: 1287.984: [Full GC (System.gc()) 1287.984: [CMS: 863466K->863466K(2878220K), 2.2801837 secs] 2712041K->863466K(5709388K), [Metaspace: 6590K->6590K(1056768K)], 2.2807521 secs] [Times: user=2.31 sys=0.00, real=2.28 secs] 
2014-01-31T18:33:59.902+0100: 1319.329: [Full GC (System.gc()) 1319.329: [CMS: 863466K->863466K(2878220K), 2.2761855 secs] 2288870K->863466K(5709388K), [Metaspace: 6593K->6593K(1056768K)], 2.2768009 secs] [Times: user=2.29 sys=0.00, real=2.28 secs] 
2014-01-31T18:34:30.684+0100: 1350.110: [Full GC (System.gc()) 1350.110: [CMS: 863466K->863466K(2878220K), 2.2308277 secs] 2707007K->863466K(5709388K), [Metaspace: 6593K->6593K(1056768K)], 2.2314669 secs] [Times: user=2.22 sys=0.00, real=2.23 secs] 
2014-01-31T18:35:01.467+0100: 1380.894: [Full GC (System.gc()) 1380.894: [CMS: 863466K->863461K(2878220K), 2.2473889 secs] 2239393K->863461K(5709388K), [Metaspace: 6595K->6595K(1056768K)], 2.2479393 secs] [Times: user=2.28 sys=0.00, real=2.25 secs] 
2014-01-31T18:35:33.365+0100: 1412.791: [Full GC (System.gc()) 1412.791: [CMS: 863461K->863461K(2878220K), 2.3010069 secs] 2577566K->863461K(5709388K), [Metaspace: 6595K->6595K(1056768K)], 2.3017254 secs] [Times: user=2.23 sys=0.00, real=2.30 secs] 
2014-01-31T18:36:06.007+0100: 1445.433: [Full GC (System.gc()) 1445.433: [CMS: 863461K->867050K(2878220K), 2.0145881 secs] 1601360K->867050K(5709388K), [Metaspace: 6595K->6595K(1056768K)], 2.0151641 secs] [Times: user=2.00 sys=0.00, real=2.02 secs] 
2014-01-31T18:36:36.011+0100: 1475.437: [Full GC (System.gc()) 1475.437: [CMS: 867050K->867050K(2878220K), 2.0942995 secs] 1604936K->867050K(5709388K), [Metaspace: 6595K->6595K(1056768K)], 2.0949511 secs] [Times: user=2.09 sys=0.00, real=2.10 secs] 
2014-01-31T18:37:08.216+0100: 1507.641: [Full GC (System.gc()) 1507.641: [CMS: 867050K->863465K(2878220K), 2.1754359 secs] 2158603K->863465K(5709388K), [Metaspace: 6595K->6595K(1056768K)], 2.1759437 secs] [Times: user=2.17 sys=0.00, real=2.18 secs] 
2014-01-31T18:37:40.244+0100: 1539.669: [Full GC (System.gc()) 1539.669: [CMS: 863465K->863465K(2878220K), 2.1272956 secs] 2158719K->863465K(5709388K), [Metaspace: 6600K->6600K(1056768K)], 2.1278769 secs] [Times: user=2.11 sys=0.00, real=2.13 secs] 
2014-01-31T18:38:11.031+0100: 1570.455: [Full GC (System.gc()) 1570.455: [CMS: 863465K->874620K(2878220K), 2.1480856 secs] 2138568K->874620K(5709388K), [Metaspace: 6601K->6601K(1056768K)], 2.1488034 secs] [Times: user=2.14 sys=0.00, real=2.15 secs] 
2014-01-31T18:38:41.834+0100: 1601.258: [Full GC (System.gc()) 1601.258: [CMS: 874620K->881519K(2878220K), 2.2101908 secs] 2144058K->881519K(5709388K), [Metaspace: 6602K->6602K(1056768K)], 2.2107613 secs] [Times: user=2.22 sys=0.00, real=2.21 secs] 
2014-01-31T18:39:12.847+0100: 1632.271: [Full GC (System.gc()) 1632.271: [CMS: 881519K->863462K(2878220K), 2.2059650 secs] 2045552K->863462K(5709388K), [Metaspace: 6604K->6604K(1056768K)], 2.2065977 secs] [Times: user=2.12 sys=0.00, real=2.21 secs] 
2014-01-31T18:39:44.014+0100: 1663.438: [Full GC (System.gc()) 1663.438: [CMS: 863462K->863462K(2878220K), 2.1885879 secs] 2031906K->863462K(5709388K), [Metaspace: 6604K->6604K(1056768K)], 2.1892262 secs] [Times: user=2.18 sys=0.00, real=2.19 secs] 
2014-01-31T18:40:14.131+0100: 1693.555: [Full GC (System.gc()) 1693.555: [CMS: 863462K->863466K(2878220K), 2.1621777 secs] 2500347K->863466K(5709388K), [Metaspace: 6604K->6604K(1056768K)], 2.1628523 secs] [Times: user=2.17 sys=0.00, real=2.16 secs] 
2014-01-31T18:40:44.023+0100: 1723.446: [Full GC (System.gc()) 1723.446: [CMS: 863466K->863466K(2878220K), 2.1891186 secs] 2497452K->863466K(5709388K), [Metaspace: 6604K->6604K(1056768K)], 2.1896364 secs] [Times: user=2.21 sys=0.00, real=2.19 secs] 
2014-01-31T18:41:14.174+0100: 1753.595: [Full GC (System.gc()) 1753.595: [CMS: 863466K->863466K(2878220K), 2.2415739 secs] 2537048K->863466K(5709388K), [Metaspace: 6604K->6604K(1056768K)], 2.2421591 secs] [Times: user=2.14 sys=0.00, real=2.24 secs] 
2014-01-31T18:41:44.330+0100: 1783.752: [Full GC (System.gc()) 1783.752: [CMS: 863466K->863466K(2878220K), 2.2297626 secs] 2495092K->863466K(5709388K), [Metaspace: 6604K->6604K(1056768K)], 2.2303289 secs] [Times: user=2.20 sys=0.00, real=2.23 secs] 
2014-01-31T18:42:14.320+0100: 1813.741: [Full GC (System.gc()) 1813.741: [CMS: 863466K->863466K(2878220K), 2.2062076 secs] 2485477K->863466K(5709388K), [Metaspace: 6606K->6606K(1056768K)], 2.2067657 secs] [Times: user=2.20 sys=0.00, real=2.21 secs] 
2014-01-31T18:42:44.944+0100: 1844.365: [Full GC (System.gc()) 1844.365: [CMS: 863466K->863466K(2878220K), 2.3875835 secs] 2520762K->863466K(5709388K), [Metaspace: 6606K->6606K(1056768K)], 2.3882219 secs] [Times: user=2.40 sys=0.00, real=2.39 secs] 
2014-01-31T18:43:15.498+0100: 1874.919: [Full GC (System.gc()) 1874.919: [CMS: 863466K->863466K(2878220K), 2.3640427 secs] 2573477K->863466K(5709388K), [Metaspace: 6606K->6606K(1056768K)], 2.3646757 secs] [Times: user=2.39 sys=0.00, real=2.37 secs] 
2014-01-31T18:43:46.186+0100: 1905.606: [Full GC (System.gc()) 1905.606: [CMS: 863466K->863466K(2878220K), 2.2441399 secs] 2537014K->863466K(5709388K), [Metaspace: 6606K->6606K(1056768K)], 2.2447532 secs] [Times: user=2.23 sys=0.00, real=2.24 secs] 
2014-01-31T18:46:00.316+0100: 2039.734: [Full GC (System.gc()) 2039.734: [CMS: 863466K->941591K(2878220K), 2.2809626 secs] 2173945K->941591K(5709388K), [Metaspace: 6612K->6612K(1056768K)], 2.2814770 secs] [Times: user=2.28 sys=0.00, real=2.28 secs] 
2014-01-31T18:46:34.041+0100: 2073.458: [Full GC (System.gc()) 2073.458: [CMS: 941591K->941591K(2878220K), 2.2220562 secs] 2429665K->941591K(5709388K), [Metaspace: 6613K->6613K(1056768K)], 2.2225485 secs] [Times: user=2.17 sys=0.00, real=2.22 secs] 
2014-01-31T18:47:45.617+0100: 2145.033: [Full GC (System.gc()) 2145.033: [CMS: 941591K->941591K(2878220K), 2.2338103 secs] 1843564K->941591K(5709388K), [Metaspace: 6614K->6614K(1056768K)], 2.2343859 secs] [Times: user=2.22 sys=0.00, real=2.23 secs] 
2014-01-31T18:48:21.187+0100: 2180.603: [Full GC (System.gc()) 2180.603: [CMS: 941591K->941591K(2878220K), 2.1428064 secs] 1883723K->941591K(5709388K), [Metaspace: 6615K->6615K(1056768K)], 2.1433646 secs] [Times: user=2.14 sys=0.00, real=2.14 secs] 
2014-01-31T18:48:51.866+0100: 2211.281: [Full GC (System.gc()) 2211.281: [CMS: 941591K->941588K(2878220K), 2.1753638 secs] 1549598K->941588K(5709388K), [Metaspace: 6615K->6615K(1056768K)], 2.1759189 secs] [Times: user=2.20 sys=0.00, real=2.18 secs] 
2014-01-31T18:49:22.650+0100: 2242.065: [Full GC (System.gc()) 2242.065: [CMS: 941588K->941589K(2878220K), 2.0974077 secs] 1570396K->941589K(5709388K), [Metaspace: 6615K->6615K(1056768K)], 2.0979603 secs] [Times: user=2.08 sys=0.00, real=2.10 secs] 
2014-01-31T18:49:53.584+0100: 2272.999: [Full GC (System.gc()) 2272.999: [CMS: 941589K->941593K(2878220K), 2.1632687 secs] 2221060K->941593K(5709388K), [Metaspace: 6615K->6615K(1056768K)], 2.1638786 secs] [Times: user=2.14 sys=0.00, real=2.16 secs] 
2014-01-31T18:50:23.990+0100: 2303.403: [Full GC (System.gc()) 2303.403: [CMS: 941593K->941593K(2878220K), 2.2320546 secs] 2436544K->941593K(5709388K), [Metaspace: 6616K->6616K(1056768K)], 2.2326016 secs] [Times: user=2.22 sys=0.00, real=2.23 secs] 
2014-01-31T18:50:55.005+0100: 2334.418: [Full GC (System.gc()) 2334.419: [CMS: 941593K->941593K(2878220K), 2.1679514 secs] 2146124K->941593K(5709388K), [Metaspace: 6616K->6616K(1056768K)], 2.1685698 secs] [Times: user=2.17 sys=0.00, real=2.17 secs] 
2014-01-31T18:51:25.410+0100: 2364.822: [Full GC (System.gc()) 2364.823: [CMS: 941593K->941593K(2878220K), 2.1890670 secs] 2450319K->941593K(5709388K), [Metaspace: 6616K->6616K(1056768K)], 2.1896725 secs] [Times: user=2.22 sys=0.00, real=2.19 secs] 
2014-01-31T18:51:56.142+0100: 2395.554: [Full GC (System.gc()) 2395.555: [CMS: 941593K->941593K(2878220K), 2.1301163 secs] 2027034K->941593K(5709388K), [Metaspace: 6618K->6618K(1056768K)], 2.1307690 secs] [Times: user=2.12 sys=0.00, real=2.13 secs] 
2014-01-31T18:52:26.538+0100: 2425.950: [Full GC (System.gc()) 2425.950: [CMS: 941593K->941593K(2878220K), 2.2207140 secs] 2480964K->941593K(5709388K), [Metaspace: 6619K->6619K(1056768K)], 2.2212953 secs] [Times: user=2.23 sys=0.00, real=2.22 secs] 
2014-01-31T18:52:56.861+0100: 2456.272: [Full GC (System.gc()) 2456.272: [CMS: 941593K->941593K(2878220K), 2.1158457 secs] 1975520K->941593K(5709388K), [Metaspace: 6619K->6619K(1056768K)], 2.1165140 secs] [Times: user=2.12 sys=0.00, real=2.12 secs] 
Heap
 par new generation   total 2831168K, used 1648341K [0x0000000540000000, 0x0000000600000000, 0x0000000600000000)
  eden space 2516608K,  65% used [0x0000000540000000, 0x00000005a49b5550, 0x00000005d99a0000)
  from space 314560K,   0% used [0x00000005d99a0000, 0x00000005d99a0000, 0x00000005eccd0000)
  to   space 314560K,   0% used [0x00000005eccd0000, 0x00000005eccd0000, 0x0000000600000000)
 concurrent mark-sweep generation total 2878220K, used 941593K [0x0000000600000000, 0x00000006afac3000, 0x00000007c0000000)
 Metaspace       used 6632K, capacity 6834K, committed 7040K, reserved 1056768K
  class space    used 760K, capacity 789K, committed 896K, reserved 1048576K
